Microchip MPLAB XC8 Compiler V2.36

Linker command line:

-W-3 --edf=C:\Program Files\Microchip\xc8\v2.36\pic\dat\en_msgs.txt -cn \
  -h+dist/default/production\Control_Skill.production.sym \
  --cmf=dist/default/production\Control_Skill.production.cmf -z -Q18F25K50 \
  -oC:\Users\TEOREM~1\AppData\Local\Temp\xcAsiio.4 --defsym=__MPLAB_BUILD=1 \
  -Mdist/default/production/Control_Skill.production.map \
  --md=C:\Users\TEOREM~1\AppData\Local\Temp\xcAsiio.dat -E1 \
  -ver=XC8 Compiler --acfsm=1493 -ACODE=00h-07FFFh -ACONST=00h-07FFFh \
  -ASMALLCONST=0800h-08FFhx120 -AMEDIUMCONST=0800h-07FFFh -ACOMRAM=01h-05Fh \
  -AABS1=00h-07FFh -ABIGRAM=01h-07FFh -ARAM=060h-0FFh,0100h-01FFhx7 \
  -ABANK0=060h-0FFh -ABANK1=0100h-01FFh -ABANK2=0200h-02FFh \
  -ABANK3=0300h-03FFh -ABANK4=0400h-04FFh -ABANK5=0500h-05FFh \
  -ABANK6=0600h-06FFh -ABANK7=0700h-07FFh -ASFR=0F53h-0F5Fh,0F60h-0FFFh \
  -ABIGSFR=0F53h-0FFFh -ACONFIG=0300000h-030000Dh -AIDLOC=0200000h-0200007h \
  -AEEDATA=0F00000h-0F000FFh -peeprom_data=EEDATA \
  -preset_vec=00h,intcode=08h,intcodelo,powerup,init -pramtop=0800h \
  -psmallconst=SMALLCONST -pmediumconst=MEDIUMCONST -pconst=CONST \
  -AFARRAM=00h-00h \
  -prdata=COMRAM,nvrram=COMRAM,nvbit=COMRAM,rbss=COMRAM,rbit=COMRAM \
  -pfarbss=FARRAM,fardata=FARRAM,nvFARRAM=FARRAM \
  -pintsave_regs=BIGRAM,bigbss=BIGRAM,bigdata=BIGRAM -pbss=RAM \
  -pidata=CODE,irdata=CODE,ibigdata=CODE,ifardata=CODE -prparam=COMRAM \
  C:\Users\TEOREM~1\AppData\Local\Temp\xcAsiio.o \
  dist/default/production\Control_Skill.production.o 

Object code version is 3.11

Machine type is 18F25K50



                Name                               Link     Load   Length Selector   Space Scale
C:\Users\TEOREM~1\AppData\Local\Temp\xcAsiio.o
                idloc                            200000   200000        8        0       5
                config                           300000   300000        E        0       4
                init                                 30       30        4        4       0
                reset_vec                             0        0        4        0       0
dist/default/production\Control_Skill.production.o
                intcode                               8        8       28        4       0
                idloc                            200000   200000        8        0       5
                config                           300000   300000        E        0       4
                temp                                 5A       5A        1        1       1
                smallconst                          800      800       DA      400       0
                text28                              D1C      D1C      1F0      46D       0
                text26                             18B0     18B0        A      46D       0
                text25                             18A6     18A6        A      46D       0
                text24                             189C     189C        A      46D       0
                text23                             16FC     16FC       3E      46D       0
                text22                             1858     1858       20      46D       0
                text21                             17DE     17DE       2E      46D       0
                text20                             188E     188E        E      46D       0
                text19                             1878     1878       16      46D       0
                text18                             152C     152C       5E      46D       0
                text17                             1676     1676       46      46D       0
                text16                             1774     1774       38      46D       0
                text15                             15E0     15E0       4C      46D       0
                text14                             173A     173A       3A      46D       0
                text13                             132C     132C       96      46D       0
                text12                             1286     1286       A6      46D       0
                text11                             118C     118C       FA      46D       0
                text10                             16BC     16BC       40      46D       0
                text9                              1454     1454       74      46D       0
                text8                              14C8     14C8       64      46D       0
                text7                              1832     1832       26      46D       0
                text6                              17AC     17AC       32      46D       0
                text5                               8DA      8DA      442      46D       0
                text4                               F0C      F0C      14E      46D       0
                text3                              13C2     13C2       92      46D       0
                text2                              158A     158A       56      46D       0
                text1                              162C     162C       4A      46D       0
                text0                              105A     105A      132      46D       0
                cstackCOMRAM                          1        1       31        1       1
                cstackBANK0                          F0       F0        4       60       1
                bssBANK0                             60       60       90       60       1
                bssCOMRAM                            32       32       28        1       1
                cinit                              180C     180C       26      46D       0

TOTAL           Name                               Link     Load   Length     Space
        CLASS   CODE           
                intcode                               8        8       28         0
                init                                 30       30        4         0
                reset_vec                             0        0        4         0
                text28                              D1C      D1C      1F0         0
                text26                             18B0     18B0        A         0
                text25                             18A6     18A6        A         0
                text24                             189C     189C        A         0
                text23                             16FC     16FC       3E         0
                text22                             1858     1858       20         0
                text21                             17DE     17DE       2E         0
                text20                             188E     188E        E         0
                text19                             1878     1878       16         0
                text18                             152C     152C       5E         0
                text17                             1676     1676       46         0
                text16                             1774     1774       38         0
                text15                             15E0     15E0       4C         0
                text14                             173A     173A       3A         0
                text13                             132C     132C       96         0
                text12                             1286     1286       A6         0
                text11                             118C     118C       FA         0
                text10                             16BC     16BC       40         0
                text9                              1454     1454       74         0
                text8                              14C8     14C8       64         0
                text7                              1832     1832       26         0
                text6                              17AC     17AC       32         0
                text5                               8DA      8DA      442         0
                text4                               F0C      F0C      14E         0
                text3                              13C2     13C2       92         0
                text2                              158A     158A       56         0
                text1                              162C     162C       4A         0
                text0                              105A     105A      132         0
                cinit                              180C     180C       26         0

        CLASS   CONST          

        CLASS   SMALLCONST     
                smallconst                          800      800       DA         0

        CLASS   MEDIUMCONST    

        CLASS   COMRAM         
                temp                                 5A       5A        1         1
                cstackCOMRAM                          1        1       31         1
                bssCOMRAM                            32       32       28         1

        CLASS   ABS1           

        CLASS   BIGRAM         

        CLASS   RAM            

        CLASS   BANK0          
                cstackBANK0                          F0       F0        4         1
                bssBANK0                             60       60       90         1

        CLASS   BANK1          

        CLASS   BANK2          

        CLASS   BANK3          

        CLASS   BANK4          

        CLASS   BANK5          

        CLASS   BANK6          

        CLASS   BANK7          

        CLASS   SFR            

        CLASS   BIGSFR         

        CLASS   CONFIG         
                config                           300000   300000        E         4

        CLASS   IDLOC          
                idloc                            200000   200000        8         5

        CLASS   EEDATA         

        CLASS   FARRAM         

        CLASS   HEAP           

        CLASS   STACK          



SEGMENTS        Name                           Load    Length   Top    Selector   Space  Class

                reset_vec                      000000  000004  000004         0       0  CODE    
                cstackCOMRAM                   000001  00005A  00005B         1       1  COMRAM  
                intcode                        000008  00002C  000034         4       0  CODE    
                bssBANK0                       000060  000094  0000F4        60       1  BANK0   
                smallconst                     000800  0000DA  0008DA       400       0  SMALLCON
                text5                          0008DA  000FE0  0018BA       46D       0  CODE    


UNUSED ADDRESS RANGES

        Name                Unused          Largest block    Delta
        BANK0            0000F4-0000FF                C
        BANK1            000100-0001FF              100
        BANK2            000200-0002FF              100
        BANK3            000300-0003FF              100
        BANK4            000400-0004FF              100
        BANK5            000500-0005FF              100
        BANK6            000600-0006FF              100
        BANK7            000700-0007FF              100
        BIGRAM           00005B-00005F                5
                         0000F4-0007FF              70C
        BIGSFR           000F53-000FFF               AD
        CODE             000004-000007                4
                         000034-0007FF              7CC
                         0018BA-007FFF             6746
        COMRAM           00005B-00005F                5
        CONST            000004-000007                4
                         000034-0007FF              7CC
                         0018BA-007FFF             6746
        EEDATA           F00000-F000FF              100
        MEDIUMCONST      0018BA-007FFF             6746
        RAM              0000F4-0007FF              100
        SFR              000F53-000FFF                D
        SMALLCONST       0018BA-007FFF              100

                                  Symbol Table

?___lwdiv                                       cstackCOMRAM 000005
?___lwmod                                       cstackCOMRAM 00000C
?___wmul                                        cstackCOMRAM 000005
?_sprintf                                       cstackCOMRAM 000011
?_strchr                                        cstackCOMRAM 000005
?_strlen                                        cstackCOMRAM 000005
?_strncmp                                       cstackCOMRAM 000009
?_strstr                                        cstackCOMRAM 000010
EUSART1_SetErrorHandler@interruptHandler        cstackCOMRAM 000005
EUSART1_SetFramingErrorHandler@interruptHandler cstackCOMRAM 000005
EUSART1_SetOverrunErrorHandler@interruptHandler cstackCOMRAM 000005
EUSART1_Write@txData                            cstackCOMRAM 000005
EUSART1_Write_string@data                       cstackCOMRAM 000006
Uart1_write_text_const@info                     cstackCOMRAM 000006
_ACTCON                                         (abs)        000FB5
_ANSELA                                         (abs)        000F5B
_ANSELB                                         (abs)        000F5C
_ANSELC                                         (abs)        000F5D
_BAUDCON1                                       (abs)        000FB8
_CREN                                           (abs)        007D5C
_EUSART1_DefaultErrorHandler                    (abs)        000000
_EUSART1_DefaultFramingErrorHandler             (abs)        000000
_EUSART1_DefaultOverrunErrorHandler             (abs)        000000
_EUSART1_ErrorHandler                           bssCOMRAM    00004E
_EUSART1_FramingErrorHandler                    bssCOMRAM    000052
_EUSART1_Initialize                             text23       0016FC
_EUSART1_OverrunErrorHandler                    bssCOMRAM    000050
_EUSART1_SetErrorHandler                        text26       0018B0
_EUSART1_SetFramingErrorHandler                 text25       0018A6
_EUSART1_SetOverrunErrorHandler                 text24       00189C
_EUSART1_Write                                  text19       001878
_EUSART1_Write_string                           text18       00152C
_GIE                                            (abs)        007F97
_INTCON2bits                                    (abs)        000FF1
_INTCONbits                                     (abs)        000FF2
_INTERRUPT_InterruptManager                     intcode      000008
_LATA                                           (abs)        000F89
_LATA5                                          (abs)        007C4D
_LATB                                           (abs)        000F8A
_LATB0                                          (abs)        007C50
_LATB7                                          (abs)        007C57
_LATC                                           (abs)        000F8B
_OSCCON                                         (abs)        000FD3
_OSCCON2                                        (abs)        000FD2
_OSCILLATOR_Initialize                          text22       001858
_OSCTUNE                                        (abs)        000F9B
_PIE1bits                                       (abs)        000F9D
_PIN_MANAGER_Initialize                         text21       0017DE
_PIR1bits                                       (abs)        000F9E
_PLLRDY                                         (abs)        007E97
_RCIE                                           (abs)        007CED
_RCIF                                           (abs)        007CF5
_RCREG                                          (abs)        000FAE
_RCREG1                                         (abs)        000FAE
_RCSTA1                                         (abs)        000FAB
_RCSTA1bits                                     (abs)        000FAB
_SPBRG1                                         (abs)        000FAF
_SPBRGH1                                        (abs)        000FB0
_SYSTEM_Initialize                              text20       00188E
_TRISA                                          (abs)        000F92
_TRISB                                          (abs)        000F93
_TRISC                                          (abs)        000F94
_TXREG1                                         (abs)        000FAD
_TXSTA1                                         (abs)        000FAC
_TXSTA1bits                                     (abs)        000FAC
_Uart1_write_text_const                         text17       001676
_WPUB                                           (abs)        000F85
__HRAM                                          (abs)        000000
__Habs1                                         abs1         000000
__Hbank0                                        bank0        000000
__Hbank1                                        bank1        000000
__Hbank2                                        bank2        000000
__Hbank3                                        bank3        000000
__Hbank4                                        bank4        000000
__Hbank5                                        bank5        000000
__Hbank6                                        bank6        000000
__Hbank7                                        bank7        000000
__Hbigbss                                       bigbss       000000
__Hbigdata                                      bigdata      000000
__Hbigram                                       bigram       000000
__Hbigsfr                                       bigsfr       000000
__Hbss                                          bss          000000
__HbssBANK0                                     bssBANK0     000000
__HbssCOMRAM                                    bssCOMRAM    000000
__Hcinit                                        cinit        000000
__Hclrtext                                      clrtext      000000
__Hcomram                                       comram       000000
__Hconfig                                       config       30000E
__Hconst                                        const        000000
__HcstackBANK0                                  cstackBANK0  000000
__HcstackCOMRAM                                 cstackCOMRAM 000000
__Hdata                                         data         000000
__Heeprom_data                                  eeprom_data  000000
__Hfarbss                                       farbss       000000
__Hfardata                                      fardata      000000
__Hheap                                         heap         000000
__Hibigdata                                     ibigdata     000000
__Hidata                                        idata        000000
__Hidloc                                        idloc        200008
__Hifardata                                     ifardata     000000
__Hinit                                         init         000034
__Hintcode                                      intcode      000030
__Hintcode_body                                 intcode_body 000000
__Hintcodelo                                    intcodelo    000030
__Hintentry                                     intentry     000000
__Hintret                                       intret       000000
__Hintsave_regs                                 intsave_regs 000000
__Hirdata                                       irdata       000000
__Hmediumconst                                  mediumconst  000000
__HnvFARRAM                                     nvFARRAM     000000
__Hnvbit                                        nvbit        000000
__Hnvrram                                       nvrram       000000
__Hparam                                        rparam       000000
__Hpowerup                                      powerup      000030
__Hram                                          ram          000000
__Hramtop                                       ramtop       000800
__Hrbit                                         rbit         000000
__Hrbss                                         rbss         000000
__Hrdata                                        rdata        000000
__Hreset_vec                                    reset_vec    000004
__Hrparam                                       rparam       000000
__Hsfr                                          sfr          000000
__Hsmallconst                                   smallconst   0008DA
__Hspace_0                                      (abs)        0018BA
__Hspace_1                                      (abs)        0000F4
__Hspace_2                                      (abs)        000000
__Hspace_4                                      (abs)        60000E
__Hstack                                        stack        000000
__Hstruct                                       struct       000000
__Htemp                                         temp         00005B
__Htext                                         text         000000
__Htext0                                        text0        000000
__Htext1                                        text1        000000
__Htext10                                       text10       000000
__Htext11                                       text11       000000
__Htext12                                       text12       000000
__Htext13                                       text13       000000
__Htext14                                       text14       000000
__Htext15                                       text15       000000
__Htext16                                       text16       000000
__Htext17                                       text17       000000
__Htext18                                       text18       000000
__Htext19                                       text19       000000
__Htext2                                        text2        000000
__Htext20                                       text20       000000
__Htext21                                       text21       000000
__Htext22                                       text22       000000
__Htext23                                       text23       000000
__Htext24                                       text24       000000
__Htext25                                       text25       000000
__Htext26                                       text26       000000
__Htext28                                       text28       000000
__Htext3                                        text3        000000
__Htext4                                        text4        000000
__Htext5                                        text5        000000
__Htext6                                        text6        000000
__Htext7                                        text7        000000
__Htext8                                        text8        000000
__Htext9                                        text9        000000
__LRAM                                          (abs)        000001
__Labs1                                         abs1         000000
__Lbank0                                        bank0        000000
__Lbank1                                        bank1        000000
__Lbank2                                        bank2        000000
__Lbank3                                        bank3        000000
__Lbank4                                        bank4        000000
__Lbank5                                        bank5        000000
__Lbank6                                        bank6        000000
__Lbank7                                        bank7        000000
__Lbigbss                                       bigbss       000000
__Lbigdata                                      bigdata      000000
__Lbigram                                       bigram       000000
__Lbigsfr                                       bigsfr       000000
__Lbss                                          bss          000000
__LbssBANK0                                     bssBANK0     000000
__LbssCOMRAM                                    bssCOMRAM    000000
__Lcinit                                        cinit        000000
__Lclrtext                                      clrtext      000000
__Lcomram                                       comram       000000
__Lconfig                                       config       000000
__Lconst                                        const        000000
__LcstackBANK0                                  cstackBANK0  000000
__LcstackCOMRAM                                 cstackCOMRAM 000000
__Ldata                                         data         000000
__Leeprom_data                                  eeprom_data  000000
__Lfarbss                                       farbss       000000
__Lfardata                                      fardata      000000
__Lheap                                         heap         000000
__Libigdata                                     ibigdata     000000
__Lidata                                        idata        000000
__Lidloc                                        idloc        000000
__Lifardata                                     ifardata     000000
__Linit                                         init         000030
__Lintcode                                      intcode      000008
__Lintcode_body                                 intcode_body 000000
__Lintcodelo                                    intcodelo    000030
__Lintentry                                     intentry     000000
__Lintret                                       intret       000000
__Lintsave_regs                                 intsave_regs 000000
__Lirdata                                       irdata       000000
__Lmediumconst                                  mediumconst  000000
__LnvFARRAM                                     nvFARRAM     000000
__Lnvbit                                        nvbit        000000
__Lnvrram                                       nvrram       000000
__Lparam                                        rparam       000000
__Lpowerup                                      powerup      000030
__Lram                                          ram          000000
__Lramtop                                       ramtop       000800
__Lrbit                                         rbit         000000
__Lrbss                                         rbss         000000
__Lrdata                                        rdata        000000
__Lreset_vec                                    reset_vec    000000
__Lrparam                                       rparam       000000
__Lsfr                                          sfr          000000
__Lsmallconst                                   smallconst   000800
__Lspace_0                                      (abs)        000000
__Lspace_1                                      (abs)        000000
__Lspace_2                                      (abs)        000000
__Lspace_4                                      (abs)        000000
__Lstack                                        stack        000000
__Lstruct                                       struct       000000
__Ltemp                                         temp         00005A
__Ltext                                         text         000000
__Ltext0                                        text0        000000
__Ltext1                                        text1        000000
__Ltext10                                       text10       000000
__Ltext11                                       text11       000000
__Ltext12                                       text12       000000
__Ltext13                                       text13       000000
__Ltext14                                       text14       000000
__Ltext15                                       text15       000000
__Ltext16                                       text16       000000
__Ltext17                                       text17       000000
__Ltext18                                       text18       000000
__Ltext19                                       text19       000000
__Ltext2                                        text2        000000
__Ltext20                                       text20       000000
__Ltext21                                       text21       000000
__Ltext22                                       text22       000000
__Ltext23                                       text23       000000
__Ltext24                                       text24       000000
__Ltext25                                       text25       000000
__Ltext26                                       text26       000000
__Ltext28                                       text28       000000
__Ltext3                                        text3        000000
__Ltext4                                        text4        000000
__Ltext5                                        text5        000000
__Ltext6                                        text6        000000
__Ltext7                                        text7        000000
__Ltext8                                        text8        000000
__Ltext9                                        text9        000000
__S0                                            (abs)        0018BA
__S1                                            (abs)        0000F4
__S4                                            (abs)        000000
__S5                                            (abs)        000000
___heap_hi                                      (abs)        000000
___heap_lo                                      (abs)        000000
___inthi_sp                                     stack        000000
___intlo_sp                                     stack        000000
___lwdiv                                        text9        001454
___lwdiv@counter                                cstackCOMRAM 00000B
___lwdiv@dividend                               cstackCOMRAM 000005
___lwdiv@divisor                                cstackCOMRAM 000007
___lwdiv@quotient                               cstackCOMRAM 000009
___lwmod                                        text8        0014C8
___lwmod@counter                                cstackCOMRAM 000010
___lwmod@dividend                               cstackCOMRAM 00000C
___lwmod@divisor                                cstackCOMRAM 00000E
___param_bank                                   (abs)        000000
___rparam_used                                  (abs)        000001
___sp                                           stack        000000
___wmul                                         text7        001832
___wmul@multiplicand                            cstackCOMRAM 000007
___wmul@multiplier                              cstackCOMRAM 000005
___wmul@product                                 cstackCOMRAM 000009
__accesstop                                     (abs)        000060
__activetblptr                                  (abs)        000002
__end_of_EUSART1_Initialize                     text23       00173A
__end_of_EUSART1_SetErrorHandler                text26       0018BA
__end_of_EUSART1_SetFramingErrorHandler         text25       0018B0
__end_of_EUSART1_SetOverrunErrorHandler         text24       0018A6
__end_of_EUSART1_Write                          text19       00188E
__end_of_EUSART1_Write_string                   text18       00158A
__end_of_INTERRUPT_InterruptManager             intcode      000030
__end_of_OSCILLATOR_Initialize                  text22       001878
__end_of_PIN_MANAGER_Initialize                 text21       00180C
__end_of_SYSTEM_Initialize                      text20       00189C
__end_of_Uart1_write_text_const                 text17       0016BC
__end_of___lwdiv                                text9        0014C8
__end_of___lwmod                                text8        00152C
__end_of___wmul                                 text7        001858
__end_of__initialization                        cinit        001824
__end_of_conecta                                text4        00105A
__end_of_dpowers                                smallconst   00080B
__end_of_esp82666_interrupcion_1                text28       000F0C
__end_of_isdigit                                text6        0017DE
__end_of_main                                   text0        00118C
__end_of_manda_AT_COMANDO                       text10       0016FC
__end_of_manda_esp8266_bytes                    text3        001454
__end_of_memset                                 text16       0017AC
__end_of_modbus_write_coilsdigital              text2        0015E0
__end_of_modbus_write_holding                   text1        001676
__end_of_sprintf                                text5        000D1C
__end_of_strchr                                 text15       00162C
__end_of_strlen                                 text14       001774
__end_of_strncmp                                text13       0013C2
__end_of_strstr                                 text12       00132C
__end_of_tiempo                                 text11       001286
__initialization                                cinit        00180C
__mediumconst                                   mediumconst  000000
__pbssBANK0                                     bssBANK0     000060
__pbssCOMRAM                                    bssCOMRAM    000032
__pcinit                                        cinit        00180C
__pcstackBANK0                                  cstackBANK0  0000F0
__pcstackCOMRAM                                 cstackCOMRAM 000001
__pintcode                                      intcode      000008
__psmallconst                                   smallconst   000800
__ptext0                                        text0        00105A
__ptext1                                        text1        00162C
__ptext10                                       text10       0016BC
__ptext11                                       text11       00118C
__ptext12                                       text12       001286
__ptext13                                       text13       00132C
__ptext14                                       text14       00173A
__ptext15                                       text15       0015E0
__ptext16                                       text16       001774
__ptext17                                       text17       001676
__ptext18                                       text18       00152C
__ptext19                                       text19       001878
__ptext2                                        text2        00158A
__ptext20                                       text20       00188E
__ptext21                                       text21       0017DE
__ptext22                                       text22       001858
__ptext23                                       text23       0016FC
__ptext24                                       text24       00189C
__ptext25                                       text25       0018A6
__ptext26                                       text26       0018B0
__ptext28                                       text28       000D1C
__ptext3                                        text3        0013C2
__ptext4                                        text4        000F0C
__ptext5                                        text5        0008DA
__ptext6                                        text6        0017AC
__ptext7                                        text7        001832
__ptext8                                        text8        0014C8
__ptext9                                        text9        001454
__ramtop                                        ramtop       000800
__smallconst                                    smallconst   000800
_buff_punte                                     bssCOMRAM    00003C
_buff_tx                                        bssBANK0     000060
_captu1                                         bssBANK0     0000D2
_codigo                                         bssCOMRAM    00004A
_conecta                                        text4        000F0C
_dato_rx                                        bssCOMRAM    000056
_digital_out                                    bssCOMRAM    00004C
_dpowers                                        smallconst   000801
_esp82666_interrupcion_1                        text28       000D1C
_estado_rec                                     bssCOMRAM    000058
_eusart1RxLastError                             bssCOMRAM    000059
_flag_modbus                                    bssCOMRAM    000054
_isdigit                                        text6        0017AC
_isdigit$1296                                   cstackCOMRAM 000006
_lectu1                                         bssCOMRAM    000048
_lectu2                                         bssCOMRAM    000046
_led1                                           bssCOMRAM    000042
_led2                                           bssCOMRAM    000040
_main                                           text0        00105A
_manda_AT_COMANDO                               text10       0016BC
_manda_esp8266_bytes                            text3        0013C2
_memset                                         text16       001774
_modbus_rx                                      bssBANK0     0000A0
_modbus_tx                                      bssBANK0     00006E
_modbus_write_coilsdigital                      text2        00158A
_modbus_write_holding                           text1        00162C
_rec_largo                                      bssBANK0     00006A
_rec_punte                                      bssCOMRAM    00003E
_rec_socket                                     bssCOMRAM    000055
_rec_son                                        bssCOMRAM    00003A
_sprintf                                        text5        0008DA
_strchr                                         text15       0015E0
_strlen                                         text14       00173A
_strncmp                                        text13       00132C
_strstr                                         text12       001286
_tamano                                         bssCOMRAM    000044
_tiempo                                         text11       00118C
_trama_cont                                     bssCOMRAM    000057
_val1                                           bssCOMRAM    000036
_val2                                           bssCOMRAM    000032
btemp                                           temp         00005A
conecta@ip_dir                                  cstackCOMRAM 000028
conecta@tempo                                   cstackCOMRAM 00002C
end_of_initialization                           cinit        001824
int$flags                                       temp         00005A
intlevel0                                       text         000000
intlevel1                                       text         000000
intlevel2                                       text         000000
intlevel3                                       text         000000
isa$std                                         (abs)        000001
isa$xinst                                       (abs)        000000
isdigit@c                                       cstackCOMRAM 000007
manda_AT_COMANDO@cap                            cstackCOMRAM 000020
manda_AT_COMANDO@cap1                           cstackCOMRAM 000022
manda_AT_COMANDO@coman                          cstackCOMRAM 00001E
manda_AT_COMANDO@retardo                        cstackCOMRAM 000024
manda_esp8266_bytes@byte                        cstackCOMRAM 00002E
manda_esp8266_bytes@cuenta                      cstackCOMRAM 00002F
manda_esp8266_bytes@info2                       cstackCOMRAM 000028
manda_esp8266_bytes@largo                       cstackCOMRAM 00002A
memset@c                                        cstackCOMRAM 000007
memset@n                                        cstackCOMRAM 000009
memset@p                                        cstackCOMRAM 00000B
memset@p1                                       cstackCOMRAM 000005
modbus_write_coilsdigital@dat_dig               cstackBANK0  0000F2
modbus_write_coilsdigital@dir_mod               cstackBANK0  0000F0
modbus_write_holding@dat_mod                    cstackBANK0  0000F2
modbus_write_holding@dir_mod                    cstackBANK0  0000F0
sprintf@ap                                      cstackCOMRAM 00001E
sprintf@c                                       cstackCOMRAM 000027
sprintf@cp                                      cstackCOMRAM 00001C
sprintf@f                                       cstackCOMRAM 000013
sprintf@flag                                    cstackCOMRAM 000020
sprintf@len                                     cstackCOMRAM 000021
sprintf@prec                                    cstackCOMRAM 00001B
sprintf@sp                                      cstackCOMRAM 000011
sprintf@val                                     cstackCOMRAM 000023
sprintf@width                                   cstackCOMRAM 000025
stackhi                                         (abs)        000000
stacklo                                         (abs)        000000
start                                           init         000030
start_initialization                            cinit        00180C
strchr@chr                                      cstackCOMRAM 000007
strchr@ptr                                      cstackCOMRAM 000005
strlen@cp                                       cstackCOMRAM 000007
strlen@s                                        cstackCOMRAM 000005
strncmp@len                                     cstackCOMRAM 00000D
strncmp@s1                                      cstackCOMRAM 000009
strncmp@s2                                      cstackCOMRAM 00000B
strstr@s1                                       cstackCOMRAM 000010
strstr@s2                                       cstackCOMRAM 000012
tiempo@cap                                      cstackCOMRAM 000016
tiempo@cap1                                     cstackCOMRAM 000018
tiempo@cont1                                    cstackCOMRAM 00001C
tiempo@milis                                    cstackCOMRAM 000014
ttemp5                                          temp         00005B
ttemp6                                          temp         00005E
ttemp7                                          temp         000062
wtemp8                                          temp         00005B


MODULE INFORMATION

Module		Function		Class		Link	Load	Size
C:\Program Files\Microchip\xc8\v2.36\pic\sources\c90\common\doprnt.c
		_sprintf       		CODE           	08DA	0000	1090

C:\Program Files\Microchip\xc8\v2.36\pic\sources\c90\common\doprnt.c estimated size: 1090

C:\Program Files\Microchip\xc8\v2.36\pic\sources\c90\common\lwmod.c
		___lwmod       		CODE           	14C8	0000	100

C:\Program Files\Microchip\xc8\v2.36\pic\sources\c90\common\lwmod.c estimated size: 100

mcc_generated_files/pin_manager.c
		_PIN_MANAGER_Initialize		CODE           	17DE	0000	46

mcc_generated_files/pin_manager.c estimated size: 46

C:\Program Files\Microchip\xc8\v2.36\pic\sources\c90\common\strstr.c
		_strstr        		CODE           	1286	0000	166

C:\Program Files\Microchip\xc8\v2.36\pic\sources\c90\common\strstr.c estimated size: 166

C:\Program Files\Microchip\xc8\v2.36\pic\sources\c90\common\Umul16.c
		___wmul        		CODE           	1832	0000	38

C:\Program Files\Microchip\xc8\v2.36\pic\sources\c90\common\Umul16.c estimated size: 38

C:\Program Files\Microchip\xc8\v2.36\pic\sources\c90\common\strncmp.c
		_strncmp       		CODE           	132C	0000	150

C:\Program Files\Microchip\xc8\v2.36\pic\sources\c90\common\strncmp.c estimated size: 150

C:\Program Files\Microchip\xc8\v2.36\pic\sources\c90\common\lwdiv.c
		___lwdiv       		CODE           	1454	0000	116

C:\Program Files\Microchip\xc8\v2.36\pic\sources\c90\common\lwdiv.c estimated size: 116

Librerias/Modbus_TCP.c
		_modbus_write_coilsdigital		CODE           	158A	0000	86
		_modbus_write_holding		CODE           	162C	0000	74

Librerias/Modbus_TCP.c estimated size: 160

shared
		_dpowers       		SMALLCONST     	0801	0000	10
		__initialization		CODE           	180C	0000	24

shared estimated size: 34

mcc_generated_files/eusart1.c
		_EUSART1_Initialize		CODE           	16FC	0000	62
		_EUSART1_SetFramingErrorHandler		CODE           	18A6	0000	10
		_EUSART1_SetOverrunErrorHandler		CODE           	189C	0000	10
		_EUSART1_SetErrorHandler		CODE           	18B0	0000	10
		_EUSART1_Write 		CODE           	1878	0000	22
		_EUSART1_Write_string		CODE           	152C	0000	94

mcc_generated_files/eusart1.c estimated size: 208

mcc_generated_files/mcc.c
		_OSCILLATOR_Initialize		CODE           	1858	0000	32
		_SYSTEM_Initialize		CODE           	188E	0000	14

mcc_generated_files/mcc.c estimated size: 46

C:\Program Files\Microchip\xc8\v2.36\pic\sources\c90\common\strlen.c
		_strlen        		CODE           	173A	0000	58

C:\Program Files\Microchip\xc8\v2.36\pic\sources\c90\common\strlen.c estimated size: 58

C:\Program Files\Microchip\xc8\v2.36\pic\sources\c90\common\isdigit.c
		_isdigit       		CODE           	17AC	0000	50

C:\Program Files\Microchip\xc8\v2.36\pic\sources\c90\common\isdigit.c estimated size: 50

C:\Program Files\Microchip\xc8\v2.36\pic\sources\c90\common\strchr.c
		_strchr        		CODE           	15E0	0000	76

C:\Program Files\Microchip\xc8\v2.36\pic\sources\c90\common\strchr.c estimated size: 76

C:\Program Files\Microchip\xc8\v2.36\pic\sources\c90\common\memset.c
		_memset        		CODE           	1774	0000	56

C:\Program Files\Microchip\xc8\v2.36\pic\sources\c90\common\memset.c estimated size: 56

main.c
		_main          		CODE           	105A	0000	306
		_INTERRUPT_InterruptManager		CODE           	0008	0000	40

main.c estimated size: 346

Librerias/esp8266.c
		_Uart1_write_text_const		CODE           	1676	0000	70
		_esp82666_interrupcion_1		CODE           	0D1C	0000	496
		_manda_AT_COMANDO		CODE           	16BC	0000	64
		_conecta       		CODE           	0F0C	0000	334
		_tiempo        		CODE           	118C	0000	250
		_manda_esp8266_bytes		CODE           	13C2	0000	146

Librerias/esp8266.c estimated size: 1360

