Microchip MPLAB XC8 Compiler V2.45

Linker command line:

-W-3 \
  --edf=C:\Program Files\Microchip\xc8\v2.45\pic\dat\20230818022343_en.msgs \
  -cn \
  -h+dist/default/production\Control_Skill-IDEM_V2-1_RF_Trasmisor.production.sym \
  --cmf=dist/default/production\Control_Skill-IDEM_V2-1_RF_Trasmisor.production.cmf \
  -z -Q18F25K50 \
  -oC:\Users\TEOREM~1\AppData\Local\Temp\xcAs16j8.\driver_tmp_3.o \
  --defsym=__MPLAB_BUILD=1 --fixupoverflow=error \
  -Mdist/default/production/Control_Skill-IDEM_V2-1_RF_Trasmisor.production.map \
  --md=C:\Users\TEOREM~1\AppData\Local\Temp\xcAs16j8.\driver_tmp_0.dat -E1 \
  -ver=XC8 Compiler --acfsm=1493 -ACODE=00h-07FFFh -ACONST=00h-07FFFh \
  -ASMALLCONST=0800h-08FFhx120 -AMEDIUMCONST=0800h-07FFFh -ACOMRAM=01h-05Fh \
  -AABS1=00h-07FFh -ABIGRAM=01h-07FFh -ARAM=060h-0FFh,0100h-01FFhx7 \
  -ABANK0=060h-0FFh -ABANK1=0100h-01FFh -ABANK2=0200h-02FFh \
  -ABANK3=0300h-03FFh -ABANK4=0400h-04FFh -ABANK5=0500h-05FFh \
  -ABANK6=0600h-06FFh -ABANK7=0700h-07FFh -ASFR=0F53h-0F5Fh,0F60h-0FFFh \
  -ABIGSFR=0F53h-0FFFh -ACONFIG=0300000h-030000Dh -AIDLOC=0200000h-0200007h \
  -AEEDATA=0F00000h-0F000FFh -peeprom_data=EEDATA \
  -preset_vec=00h,intcode,intcodelo,powerup,init -pramtop=0800h \
  -psmallconst=SMALLCONST -pmediumconst=MEDIUMCONST -pconst=CONST \
  -AFARRAM=00h-00h \
  -prdata=COMRAM,nvrram=COMRAM,nvbit=COMRAM,rbss=COMRAM,rbit=COMRAM \
  -pfarbss=FARRAM,fardata=FARRAM,nvFARRAM=FARRAM \
  -pintsave_regs=BIGRAM,bigbss=BIGRAM,bigdata=BIGRAM -pbss=RAM \
  -pidata=CODE,irdata=CODE,ibigdata=CODE,ifardata=CODE -prparam=COMRAM \
  C:\Users\TEOREM~1\AppData\Local\Temp\xcAs16j8.\driver_tmp_9.o \
  dist/default/production\Control_Skill-IDEM_V2-1_RF_Trasmisor.production.o 

Object code version is 3.11

Machine type is 18F25K50



                Name                               Link     Load   Length Selector   Space Scale
C:\Users\TEOREM~1\AppData\Local\Temp\xcAs16j8.\driver_tmp_9.o
                idloc                            200000   200000        8        0       5
                config                           300000   300000        E        0       4
                init                                  0        0        4        0       0
dist/default/production\Control_Skill-IDEM_V2-1_RF_Trasmisor.production.o
                idloc                            200000   200000        8        0       5
                config                           300000   300000        E        0       4
                smallconst                          800      800        C      400       0
                text16                              B2C      B2C       16      406       0
                text15                              B7A      B7A        E      406       0
                text14                              AC2      AC2       20      406       0
                text13                              A72      A72       2E      406       0
                text12                              B68      B68       12      406       0
                text11                              9AA      9AA       48      406       0
                text10                              B42      B42       14      406       0
                text9                               AE2      AE2       1C      406       0
                text8                               B56      B56       12      406       0
                text7                               AFE      AFE       18      406       0
                text6                               A32      A32       40      406       0
                text5                               8A6      8A6       60      406       0
                text4                               B16      B16       16      406       0
                text3                               9F2      9F2       40      406       0
                text2                               958      958       52      406       0
                text1                               906      906       52      406       0
                text0                               80C      80C       9A      406       0
                cstackCOMRAM                         40       40        E        1       1
                bssBANK0                             60       60       1E       60       1
                bssCOMRAM                             1        1       3F        1       1
                cinit                               AA0      AA0       22      406       0

TOTAL           Name                               Link     Load   Length     Space
        CLASS   CODE           
                init                                  0        0        4         0
                text16                              B2C      B2C       16         0
                text15                              B7A      B7A        E         0
                text14                              AC2      AC2       20         0
                text13                              A72      A72       2E         0
                text12                              B68      B68       12         0
                text11                              9AA      9AA       48         0
                text10                              B42      B42       14         0
                text9                               AE2      AE2       1C         0
                text8                               B56      B56       12         0
                text7                               AFE      AFE       18         0
                text6                               A32      A32       40         0
                text5                               8A6      8A6       60         0
                text4                               B16      B16       16         0
                text3                               9F2      9F2       40         0
                text2                               958      958       52         0
                text1                               906      906       52         0
                text0                               80C      80C       9A         0
                cinit                               AA0      AA0       22         0

        CLASS   CONST          

        CLASS   SMALLCONST     
                smallconst                          800      800        C         0

        CLASS   MEDIUMCONST    

        CLASS   COMRAM         
                cstackCOMRAM                         40       40        E         1
                bssCOMRAM                             1        1       3F         1

        CLASS   ABS1           

        CLASS   BIGRAM         

        CLASS   RAM            

        CLASS   BANK0          
                bssBANK0                             60       60       1E         1

        CLASS   BANK1          

        CLASS   BANK2          

        CLASS   BANK3          

        CLASS   BANK4          

        CLASS   BANK5          

        CLASS   BANK6          

        CLASS   BANK7          

        CLASS   SFR            

        CLASS   BIGSFR         

        CLASS   CONFIG         
                config                           300000   300000        E         4

        CLASS   IDLOC          
                idloc                            200000   200000        8         5

        CLASS   EEDATA         

        CLASS   FARRAM         

        CLASS   HEAP           

        CLASS   STACK          



SEGMENTS        Name                           Load    Length   Top    Selector   Space  Class

                reset_vec                      000000  000004  000004         0       0  CODE    
                bssCOMRAM                      000001  00004D  00004E         1       1  COMRAM  
                bssBANK0                       000060  00001E  00007E        60       1  BANK0   
                smallconst                     000800  00000C  00080C       400       0  SMALLCON
                text0                          00080C  00037C  000B88       406       0  CODE    


UNUSED ADDRESS RANGES

        Name                Unused          Largest block    Delta
        BANK0            00007E-0000FF               82
        BANK1            000100-0001FF              100
        BANK2            000200-0002FF              100
        BANK3            000300-0003FF              100
        BANK4            000400-0004FF              100
        BANK5            000500-0005FF              100
        BANK6            000600-0006FF              100
        BANK7            000700-0007FF              100
        BIGRAM           00004E-00005F               12
                         00007E-0007FF              782
        BIGSFR           000F53-000FFF               AD
        CODE             000004-0007FF              7FC
                         000B88-007FFF             7478
        COMRAM           00004E-00005F               12
        CONST            000004-0007FF              7FC
                         000B88-007FFF             7478
        EEDATA           F00000-F000FF              100
        MEDIUMCONST      000B88-007FFF             7478
        RAM              00007E-0007FF              100
        SFR              000F53-000FFF                D
        SMALLCONST       000B88-007FFF              100

                                  Symbol Table

_ACTCON                             (abs)        000FB5
_ADCON0                             (abs)        000FC2
_ADCON0bits                         (abs)        000FC2
_ADCON1                             (abs)        000FC1
_ADCON2                             (abs)        000FC0
_ADC_Initialize                     text16       000B2C
_ADC_InterruptHandler               bssCOMRAM    000033
_ADRESH                             (abs)        000FC4
_ADRESL                             (abs)        000FC3
_ANSELA                             (abs)        000F5B
_ANSELB                             (abs)        000F5C
_ANSELC                             (abs)        000F5D
_BAUDCON1                           (abs)        000FB8
_CCP2CON                            (abs)        000F97
_CCP2_Initialize                    text15       000B7A
_CCPR2H                             (abs)        000F91
_CCPR2L                             (abs)        000F90
_EUSART1_DefaultErrorHandler        (abs)        000000
_EUSART1_DefaultFramingErrorHandler (abs)        000000
_EUSART1_DefaultOverrunErrorHandler (abs)        000000
_EUSART1_ErrorHandler               bssCOMRAM    000035
_EUSART1_FramingErrorHandler        bssCOMRAM    000039
_EUSART1_OverrunErrorHandler        bssCOMRAM    000037
_INTCON2bits                        (abs)        000FF1
_INTCONbits                         (abs)        000FF2
_LATA                               (abs)        000F89
_LATA5                              (abs)        007C4D
_LATB                               (abs)        000F8A
_LATB0                              (abs)        007C50
_LATBbits                           (abs)        000F8A
_LATC                               (abs)        000F8B
_LATCbits                           (abs)        000F8B
_OSCCON                             (abs)        000FD3
_OSCCON2                            (abs)        000FD2
_OSCILLATOR_Initialize              text14       000AC2
_OSCTUNE                            (abs)        000F9B
_PIN_MANAGER_Initialize             text13       000A72
_PIR1bits                           (abs)        000F9E
_PLLRDY                             (abs)        007E97
_PORTAbits                          (abs)        000F80
_PORTBbits                          (abs)        000F81
_RCREG1                             (abs)        000FAE
_RCSTA1                             (abs)        000FAB
_RCSTA1bits                         (abs)        000FAB
_SPBRG1                             (abs)        000FAF
_SPBRGH1                            (abs)        000FB0
_SYSTEM_Initialize                  text12       000B68
_TRISA                              (abs)        000F92
_TRISAbits                          (abs)        000F92
_TRISB                              (abs)        000F93
_TRISBbits                          (abs)        000F93
_TRISC                              (abs)        000F94
_TRISCbits                          (abs)        000F94
_TXREG1                             (abs)        000FAD
_TXSTA1                             (abs)        000FAC
_TXSTA1bits                         (abs)        000FAC
_WPUB                               (abs)        000F85
__HRAM                              (abs)        000000
__H__absolute__                     __absolute__ 000000
__Habs1                             abs1         000000
__Hbank0                            bank0        000000
__Hbank1                            bank1        000000
__Hbank2                            bank2        000000
__Hbank3                            bank3        000000
__Hbank4                            bank4        000000
__Hbank5                            bank5        000000
__Hbank6                            bank6        000000
__Hbank7                            bank7        000000
__Hbigbss                           bigbss       000000
__Hbigdata                          bigdata      000000
__Hbigram                           bigram       000000
__Hbigsfr                           bigsfr       000000
__Hbss                              bss          000000
__HbssBANK0                         bssBANK0     000000
__HbssCOMRAM                        bssCOMRAM    000000
__Hcinit                            cinit        000000
__Hclrtext                          clrtext      000000
__Hcomram                           comram       000000
__Hconfig                           config       30000E
__Hconst                            const        000000
__HcstackCOMRAM                     cstackCOMRAM 000000
__Hdata                             data         000000
__Heeprom_data                      eeprom_data  000000
__Hfarbss                           farbss       000000
__Hfardata                          fardata      000000
__Hheap                             heap         000000
__Hibigdata                         ibigdata     000000
__Hidata                            idata        000000
__Hidloc                            idloc        200008
__Hifardata                         ifardata     000000
__Hinit                             init         000004
__Hintcode                          intcode      000000
__Hintcode_body                     intcode_body 000000
__Hintcodelo                        intcodelo    000000
__Hintentry                         intentry     000000
__Hintret                           intret       000000
__Hintsave_regs                     intsave_regs 000000
__Hirdata                           irdata       000000
__Hmediumconst                      mediumconst  000000
__HnvFARRAM                         nvFARRAM     000000
__Hnvbit                            nvbit        000000
__Hnvrram                           nvrram       000000
__Hparam                            rparam       000000
__Hpowerup                          powerup      000000
__Hram                              ram          000000
__Hramtop                           ramtop       000800
__Hrbit                             rbit         000000
__Hrbss                             rbss         000000
__Hrdata                            rdata        000000
__Hreset_vec                        reset_vec    000000
__Hrparam                           rparam       000000
__Hsfr                              sfr          000000
__Hsmallconst                       smallconst   00080C
__Hspace_0                          (abs)        000B88
__Hspace_1                          (abs)        00007E
__Hspace_2                          (abs)        000000
__Hspace_4                          (abs)        60000E
__Hstack                            stack        000000
__Hstruct                           struct       000000
__Htemp                             temp         000000
__Htext                             text         000000
__Htext0                            text0        000000
__Htext1                            text1        000000
__Htext10                           text10       000000
__Htext11                           text11       000000
__Htext12                           text12       000000
__Htext13                           text13       000000
__Htext14                           text14       000000
__Htext15                           text15       000000
__Htext16                           text16       000000
__Htext2                            text2        000000
__Htext3                            text3        000000
__Htext4                            text4        000000
__Htext5                            text5        000000
__Htext6                            text6        000000
__Htext7                            text7        000000
__Htext8                            text8        000000
__Htext9                            text9        000000
__LRAM                              (abs)        000001
__L__absolute__                     __absolute__ 000000
__Labs1                             abs1         000000
__Lbank0                            bank0        000000
__Lbank1                            bank1        000000
__Lbank2                            bank2        000000
__Lbank3                            bank3        000000
__Lbank4                            bank4        000000
__Lbank5                            bank5        000000
__Lbank6                            bank6        000000
__Lbank7                            bank7        000000
__Lbigbss                           bigbss       000000
__Lbigdata                          bigdata      000000
__Lbigram                           bigram       000000
__Lbigsfr                           bigsfr       000000
__Lbss                              bss          000000
__LbssBANK0                         bssBANK0     000000
__LbssCOMRAM                        bssCOMRAM    000000
__Lcinit                            cinit        000000
__Lclrtext                          clrtext      000000
__Lcomram                           comram       000000
__Lconfig                           config       000000
__Lconst                            const        000000
__LcstackCOMRAM                     cstackCOMRAM 000000
__Ldata                             data         000000
__Leeprom_data                      eeprom_data  000000
__Lfarbss                           farbss       000000
__Lfardata                          fardata      000000
__Lheap                             heap         000000
__Libigdata                         ibigdata     000000
__Lidata                            idata        000000
__Lidloc                            idloc        000000
__Lifardata                         ifardata     000000
__Linit                             init         000000
__Lintcode                          intcode      000000
__Lintcode_body                     intcode_body 000000
__Lintcodelo                        intcodelo    000000
__Lintentry                         intentry     000000
__Lintret                           intret       000000
__Lintsave_regs                     intsave_regs 000000
__Lirdata                           irdata       000000
__Lmediumconst                      mediumconst  000000
__LnvFARRAM                         nvFARRAM     000000
__Lnvbit                            nvbit        000000
__Lnvrram                           nvrram       000000
__Lparam                            rparam       000000
__Lpowerup                          powerup      000000
__Lram                              ram          000000
__Lramtop                           ramtop       000800
__Lrbit                             rbit         000000
__Lrbss                             rbss         000000
__Lrdata                            rdata        000000
__Lreset_vec                        reset_vec    000000
__Lrparam                           rparam       000000
__Lsfr                              sfr          000000
__Lsmallconst                       smallconst   000800
__Lspace_0                          (abs)        000000
__Lspace_1                          (abs)        000000
__Lspace_2                          (abs)        000000
__Lspace_4                          (abs)        000000
__Lstack                            stack        000000
__Lstruct                           struct       000000
__Ltemp                             temp         000000
__Ltext                             text         000000
__Ltext0                            text0        000000
__Ltext1                            text1        000000
__Ltext10                           text10       000000
__Ltext11                           text11       000000
__Ltext12                           text12       000000
__Ltext13                           text13       000000
__Ltext14                           text14       000000
__Ltext15                           text15       000000
__Ltext16                           text16       000000
__Ltext2                            text2        000000
__Ltext3                            text3        000000
__Ltext4                            text4        000000
__Ltext5                            text5        000000
__Ltext6                            text6        000000
__Ltext7                            text7        000000
__Ltext8                            text8        000000
__Ltext9                            text9        000000
__S0                                (abs)        000B88
__S1                                (abs)        00007E
__S4                                (abs)        000000
__S5                                (abs)        000000
___heap_hi                          (abs)        000000
___heap_lo                          (abs)        000000
___inthi_sp                         stack        000000
___inthi_stack_hi                   stack        000000
___inthi_stack_lo                   stack        000000
___intlo_sp                         stack        000000
___intlo_stack_hi                   stack        000000
___intlo_stack_lo                   stack        000000
___param_bank                       (abs)        000000
___rparam_used                      (abs)        000001
___sp                               stack        000000
___stack_hi                         stack        000000
___stack_lo                         stack        000000
__accesstop                         (abs)        000060
__activetblptr                      (abs)        000002
__end_of_ADC_Initialize             text16       000B42
__end_of_CCP2_Initialize            text15       000B88
__end_of_OSCILLATOR_Initialize      text14       000AE2
__end_of_PIN_MANAGER_Initialize     text13       000AA0
__end_of_SYSTEM_Initialize          text12       000B7A
__end_of__initialization            cinit        000AB8
__end_of_direccion_rx               smallconst   000806
__end_of_direccion_tx               smallconst   00080B
__end_of_envio_1                    text2        0009AA
__end_of_envio_2                    text1        000958
__end_of_flush_TX                   text8        000B68
__end_of_flush_TX_RX                text7        000B16
__end_of_main                       text0        0008A6
__end_of_nrF2401_init_TX            text5        000906
__end_of_nrf2401_comando            text10       000B56
__end_of_nrf2401_direccion_TX_RX    text6        000A72
__end_of_nrf2401_envia              text3        000A32
__end_of_nrf2401_write              text9        000AFE
__end_of_spi_s_init                 text4        000B2C
__end_of_spi_s_write                text11       0009F2
__initialization                    cinit        000AA0
__mediumconst                       mediumconst  000000
__pbssBANK0                         bssBANK0     000060
__pbssCOMRAM                        bssCOMRAM    000001
__pcinit                            cinit        000AA0
__pcstackCOMRAM                     cstackCOMRAM 000040
__psmallconst                       smallconst   000800
__ptext0                            text0        00080C
__ptext1                            text1        000906
__ptext10                           text10       000B42
__ptext11                           text11       0009AA
__ptext12                           text12       000B68
__ptext13                           text13       000A72
__ptext14                           text14       000AC2
__ptext15                           text15       000B7A
__ptext16                           text16       000B2C
__ptext2                            text2        000958
__ptext3                            text3        0009F2
__ptext4                            text4        000B16
__ptext5                            text5        0008A6
__ptext6                            text6        000A32
__ptext7                            text7        000AFE
__ptext8                            text8        000B56
__ptext9                            text9        000AE2
__ramtop                            ramtop       000800
__smallconst                        smallconst   000800
_dato_serial                        bssCOMRAM    00003E
_datorx                             bssCOMRAM    00003C
_direccion_rx                       smallconst   000801
_direccion_tx                       smallconst   000806
_envio_1                            text2        000958
_envio_2                            text1        000906
_eusart1RxLastError                 bssCOMRAM    00003F
_flag_rx                            bssCOMRAM    00003B
_flush_TX                           text8        000B56
_flush_TX_RX                        text7        000AFE
_main                               text0        00080C
_nrF2401_init_TX                    text5        0008A6
_nrf2401_comando                    text10       000B42
_nrf2401_direccion_TX_RX            text6        000A32
_nrf2401_envia                      text3        0009F2
_nrf2401_write                      text9        000AE2
_procesa                            bssCOMRAM    000001
_puntero                            bssCOMRAM    00003D
_spi_s_init                         text4        000B16
_spi_s_write                        text11       0009AA
_texto                              bssCOMRAM    00001F
_trama                              bssBANK0     000060
end_of_initialization               cinit        000AB8
envio_1@i                           cstackCOMRAM 00004A
envio_2@i                           cstackCOMRAM 00004A
intlevel0                           text         000000
intlevel1                           text         000000
intlevel2                           text         000000
intlevel3                           text         000000
isa$std                             (abs)        000001
isa$xinst                           (abs)        000000
nrF2401_init_TX@canal               cstackCOMRAM 000046
nrf2401_comando@comando             cstackCOMRAM 000042
nrf2401_direccion_TX_RX@cont_s      cstackCOMRAM 000045
nrf2401_direccion_TX_RX@direccion_  cstackCOMRAM 000042
nrf2401_direccion_TX_RX@registro    cstackCOMRAM 000043
nrf2401_envia@dato_tx               cstackCOMRAM 000047
nrf2401_write@reg                   cstackCOMRAM 000043
nrf2401_write@valor                 cstackCOMRAM 000042
spi_s_write@cont_s                  cstackCOMRAM 000041
spi_s_write@dato_                   cstackCOMRAM 000040
stackhi                             (abs)        000000
stacklo                             (abs)        000000
start                               init         000000
start_initialization                cinit        000AA0


MODULE INFORMATION

Module		Function		Class		Link	Load	Size
mcc_generated_files/pin_manager.c
		_PIN_MANAGER_Initialize		CODE           	0A72	0000	46

mcc_generated_files/pin_manager.c estimated size: 46

mcc_generated_files/adc.c
		_ADC_Initialize		CODE           	0B2C	0000	22

mcc_generated_files/adc.c estimated size: 22

mcc_generated_files/ccp2.c
		_CCP2_Initialize		CODE           	0B7A	0000	14

mcc_generated_files/ccp2.c estimated size: 14

./Librerias/nRF24L01_2.h
		_spi_s_init    		CODE           	0B16	0000	22
		_nrf2401_comando		CODE           	0B42	0000	20
		_nrf2401_direccion_TX_RX		CODE           	0A32	0000	64
		_nrF2401_init_TX		CODE           	08A6	0000	96
		_nrf2401_envia 		CODE           	09F2	0000	64
		_nrf2401_write 		CODE           	0AE2	0000	28
		_spi_s_write   		CODE           	09AA	0000	72
		_flush_TX      		CODE           	0B56	0000	18
		_flush_TX_RX   		CODE           	0AFE	0000	24

./Librerias/nRF24L01_2.h estimated size: 408

shared
		_direccion_rx  		SMALLCONST     	0801	0000	5
		_direccion_tx  		SMALLCONST     	0806	0000	5
		__initialization		CODE           	0AA0	0000	24

shared estimated size: 34

mcc_generated_files/mcc.c
		_OSCILLATOR_Initialize		CODE           	0AC2	0000	32
		_SYSTEM_Initialize		CODE           	0B68	0000	18

mcc_generated_files/mcc.c estimated size: 50

main.c
		_envio_1       		CODE           	0958	0000	82
		_main          		CODE           	080C	0000	154
		_envio_2       		CODE           	0906	0000	82

main.c estimated size: 318

