Microchip MPLAB XC8 Compiler V2.45

Linker command line:

-W-3 \
  --edf=C:\Program Files\Microchip\xc8\v2.45\pic\dat\20230818022343_en.msgs \
  -cn \
  -h+dist/default/production\Control_Skill-Control_RF_Motor_Pozo.production.sym \
  --cmf=dist/default/production\Control_Skill-Control_RF_Motor_Pozo.production.cmf \
  -z -Q18F25K50 \
  -oC:\Users\TEOREM~1\AppData\Local\Temp\xcAs144c.\driver_tmp_3.o \
  --defsym=__MPLAB_BUILD=1 --fixupoverflow=error \
  -Mdist/default/production/Control_Skill-Control_RF_Motor_Pozo.production.map \
  --md=C:\Users\TEOREM~1\AppData\Local\Temp\xcAs144c.\driver_tmp_0.dat -E1 \
  -ver=XC8 Compiler --acfsm=1493 -ACODE=00h-07FFFh -ACONST=00h-07FFFh \
  -ASMALLCONST=0800h-08FFhx120 -AMEDIUMCONST=0800h-07FFFh -ACOMRAM=01h-05Fh \
  -AABS1=00h-07FFh -ABIGRAM=01h-07FFh -ARAM=060h-0FFh,0100h-01FFhx7 \
  -ABANK0=060h-0FFh -ABANK1=0100h-01FFh -ABANK2=0200h-02FFh \
  -ABANK3=0300h-03FFh -ABANK4=0400h-04FFh -ABANK5=0500h-05FFh \
  -ABANK6=0600h-06FFh -ABANK7=0700h-07FFh -ASFR=0F53h-0F5Fh,0F60h-0FFFh \
  -ABIGSFR=0F53h-0FFFh -ACONFIG=0300000h-030000Dh -AIDLOC=0200000h-0200007h \
  -AEEDATA=0F00000h-0F000FFh -peeprom_data=EEDATA \
  -preset_vec=00h,intcode=08h,intcodelo,powerup,init -pramtop=0800h \
  -psmallconst=SMALLCONST -pmediumconst=MEDIUMCONST -pconst=CONST \
  -AFARRAM=00h-00h \
  -prdata=COMRAM,nvrram=COMRAM,nvbit=COMRAM,rbss=COMRAM,rbit=COMRAM \
  -pfarbss=FARRAM,fardata=FARRAM,nvFARRAM=FARRAM \
  -pintsave_regs=BIGRAM,bigbss=BIGRAM,bigdata=BIGRAM -pbss=RAM \
  -pidata=CODE,irdata=CODE,ibigdata=CODE,ifardata=CODE -prparam=COMRAM \
  C:\Users\TEOREM~1\AppData\Local\Temp\xcAs144c.\driver_tmp_14.o \
  dist/default/production\Control_Skill-Control_RF_Motor_Pozo.production.o 

Object code version is 3.11

Machine type is 18F25K50



                Name                               Link     Load   Length Selector   Space Scale
C:\Users\TEOREM~1\AppData\Local\Temp\xcAs144c.\driver_tmp_14.o
                idloc                            200000   200000        8        0       5
                config                           300000   300000        E        0       4
                init                                 4C       4C        4        4       0
                reset_vec                             0        0        4        0       0
dist/default/production\Control_Skill-Control_RF_Motor_Pozo.production.o
                intcode                               8        8       44        4       0
                idloc                            200000   200000        8        0       5
                config                           300000   300000        E        0       4
                temp                                 5B       5B        1        1       1
                smallconst                          800      800       24      400       0
                text60                             37FE     37FE        2     1BFD       0
                text59                             328A     328A       48      412       0
                text58                             3636     3636       28      412       0
                text57                             3514     3514       3A      412       0
                text55                             3776     3776       16      412       0
                text54                             3586     3586       30      412       0
                text53                             360E     360E       28      412       0
                text52                             3760     3760       16      412       0
                text51                             37A0     37A0        E      412       0
                text50                             37E2     37E2        A      412       0
                text49                             37D8     37D8        A      412       0
                text48                             37CE     37CE        A      412       0
                text47                             3460     3460       40      412       0
                text46                             37FA     37FA        4     1BFD       0
                text45                             3684     3684       20      412       0
                text44                             35B6     35B6       2E      412       0
                text43                             37C4     37C4        A      412       0
                text42                             35E4     35E4       2A      412       0
                text41                             36C2     36C2       1E      412       0
                text40                             34DA     34DA       3A      412       0
                text39                             1AF6     1AF6      39A      412       0
                text38                             2BFE     2BFE      104      412       0
                text37                             16CC     16CC      42A      412       0
                text36                             120C     120C      4C0      412       0
                text35                             3318     3318       46      412       0
                text34                             27F6     27F6      1B4      412       0
                text33                             261A     261A      1DC      412       0
                text32                             3242     3242       48      412       0
                text31                             378C     378C       14      412       0
                text30                             36FC     36FC       1C      412       0
                text29                             3732     3732       18      412       0
                text28                             3420     3420       40      412       0
                text27                             300A     300A       74      412       0
                text26                             32D2     32D2       46      412       0
                text25                             36E0     36E0       1C      412       0
                text24                             37EC     37EC        8      412       0
                text23                             36A4     36A4       1E      412       0
                text22                             3718     3718       1A      412       0
                text21                             31F8     31F8       4A      412       0
                text20                             374A     374A       16      412       0
                text19                             2EBA     2EBA       AA      412       0
                text18                             354E     354E       38      412       0
                text17                             2AF8     2AF8      106      412       0
                text16                             2D02     2D02       FE      412       0
                text15                             21F4     21F4      216      412       0
                text14                             3152     3152       56      412       0
                text13                             31A8     31A8       50      412       0
                text12                             37BA     37BA        A      412       0
                text11                             2E00     2E00       BA      412       0
                text10                             33E0     33E0       40      412       0
                text9                              30EC     30EC       66      412       0
                text8                              34A0     34A0       3A      412       0
                text7                               824      824      9E8      412       0
                text6                              365E     365E       26      412       0
                text5                              2F64     2F64       A6      412       0
                text4                              240A     240A      210      412       0
                text3                              335E     335E       42      412       0
                text2                              33A0     33A0       40      412       0
                text1                              1E90     1E90      364      412       0
                text0                              29AA     29AA      14E      412       0
                cstackCOMRAM                          1        1       56        1       1
                cstackBANK0                          60       60       63       60       1
                cstackBANK1                         176      176        4      100       1
                dataBANK1                           16A      16A        C      100       1
                bssBANK1                            100      100       6A      100       1
                dataBANK0                            FB       FB        5       60       1
                bssBANK0                             C3       C3       38       60       1
                bssCOMRAM                            57       57        4        1       1
                cinit                              307E     307E       6E      412       0
                idataBANK1                         37AE     37AE        C      412       0
                idataBANK0                         37F4     37F4        5      412       0

TOTAL           Name                               Link     Load   Length     Space
        CLASS   CODE           
                intcode                               8        8       44         0
                init                                 4C       4C        4         0
                reset_vec                             0        0        4         0
                text60                             37FE     37FE        2         0
                text59                             328A     328A       48         0
                text58                             3636     3636       28         0
                text57                             3514     3514       3A         0
                text55                             3776     3776       16         0
                text54                             3586     3586       30         0
                text53                             360E     360E       28         0
                text52                             3760     3760       16         0
                text51                             37A0     37A0        E         0
                text50                             37E2     37E2        A         0
                text49                             37D8     37D8        A         0
                text48                             37CE     37CE        A         0
                text47                             3460     3460       40         0
                text46                             37FA     37FA        4         0
                text45                             3684     3684       20         0
                text44                             35B6     35B6       2E         0
                text43                             37C4     37C4        A         0
                text42                             35E4     35E4       2A         0
                text41                             36C2     36C2       1E         0
                text40                             34DA     34DA       3A         0
                text39                             1AF6     1AF6      39A         0
                text38                             2BFE     2BFE      104         0
                text37                             16CC     16CC      42A         0
                text36                             120C     120C      4C0         0
                text35                             3318     3318       46         0
                text34                             27F6     27F6      1B4         0
                text33                             261A     261A      1DC         0
                text32                             3242     3242       48         0
                text31                             378C     378C       14         0
                text30                             36FC     36FC       1C         0
                text29                             3732     3732       18         0
                text28                             3420     3420       40         0
                text27                             300A     300A       74         0
                text26                             32D2     32D2       46         0
                text25                             36E0     36E0       1C         0
                text24                             37EC     37EC        8         0
                text23                             36A4     36A4       1E         0
                text22                             3718     3718       1A         0
                text21                             31F8     31F8       4A         0
                text20                             374A     374A       16         0
                text19                             2EBA     2EBA       AA         0
                text18                             354E     354E       38         0
                text17                             2AF8     2AF8      106         0
                text16                             2D02     2D02       FE         0
                text15                             21F4     21F4      216         0
                text14                             3152     3152       56         0
                text13                             31A8     31A8       50         0
                text12                             37BA     37BA        A         0
                text11                             2E00     2E00       BA         0
                text10                             33E0     33E0       40         0
                text9                              30EC     30EC       66         0
                text8                              34A0     34A0       3A         0
                text7                               824      824      9E8         0
                text6                              365E     365E       26         0
                text5                              2F64     2F64       A6         0
                text4                              240A     240A      210         0
                text3                              335E     335E       42         0
                text2                              33A0     33A0       40         0
                text1                              1E90     1E90      364         0
                text0                              29AA     29AA      14E         0
                cinit                              307E     307E       6E         0
                idataBANK1                         37AE     37AE        C         0
                idataBANK0                         37F4     37F4        5         0

        CLASS   CONST          

        CLASS   SMALLCONST     
                smallconst                          800      800       24         0

        CLASS   MEDIUMCONST    

        CLASS   COMRAM         
                temp                                 5B       5B        1         1
                cstackCOMRAM                          1        1       56         1
                bssCOMRAM                            57       57        4         1

        CLASS   ABS1           

        CLASS   BIGRAM         

        CLASS   RAM            

        CLASS   BANK0          
                cstackBANK0                          60       60       63         1
                dataBANK0                            FB       FB        5         1
                bssBANK0                             C3       C3       38         1

        CLASS   BANK1          
                cstackBANK1                         176      176        4         1
                dataBANK1                           16A      16A        C         1
                bssBANK1                            100      100       6A         1

        CLASS   BANK2          

        CLASS   BANK3          

        CLASS   BANK4          

        CLASS   BANK5          

        CLASS   BANK6          

        CLASS   BANK7          

        CLASS   SFR            

        CLASS   BIGSFR         

        CLASS   CONFIG         
                config                           300000   300000        E         4

        CLASS   IDLOC          
                idloc                            200000   200000        8         5

        CLASS   EEDATA         

        CLASS   FARRAM         

        CLASS   HEAP           

        CLASS   STACK          



SEGMENTS        Name                           Load    Length   Top    Selector   Space  Class

                reset_vec                      000000  000004  000004         0       0  CODE    
                cstackCOMRAM                   000001  00005B  00005C         1       1  COMRAM  
                intcode                        000008  000048  000050         4       0  CODE    
                cstackBANK0                    000060  0000A0  000100        60       1  BANK0   
                bssBANK1                       000100  00007A  00017A       100       1  BANK1   
                smallconst                     000800  000024  000824       400       0  SMALLCON
                text7                          000824  002FD5  0037F9       412       0  CODE    
                text46                         0037FA  000006  003800      1BFD       0  CODE    


UNUSED ADDRESS RANGES

        Name                Unused          Largest block    Delta
        BANK1            00017A-0001FF               86
        BANK2            000200-0002FF              100
        BANK3            000300-0003FF              100
        BANK4            000400-0004FF              100
        BANK5            000500-0005FF              100
        BANK6            000600-0006FF              100
        BANK7            000700-0007FF              100
        BIGRAM           00005C-00005F                4
                         00017A-0007FF              686
        BIGSFR           000F53-000FFF               AD
        CODE             000004-000007                4
                         000050-0007FF              7B0
                         0037F9-0037F9                1
                         003800-007FFF             4800
        COMRAM           00005C-00005F                4
        CONST            000004-000007                4
                         000050-0007FF              7B0
                         0037F9-0037F9                1
                         003800-007FFF             4800
        EEDATA           F00000-F000FF              100
        MEDIUMCONST      0037F9-0037F9                1
                         003800-007FFF             4800
        RAM              00017A-0007FF              100
        SFR              000F53-000FFF                D
        SMALLCONST       0037F9-0037F9                1
                         003800-007FFF              100

                                  Symbol Table

?_ADC_GetConversion                             cstackCOMRAM 000005
?___fladd                                       cstackCOMRAM 000005
?___fldiv                                       cstackCOMRAM 000034
?___flmul                                       cstackCOMRAM 000013
?___flneg                                       cstackCOMRAM 000005
?___flsub                                       cstackCOMRAM 00002C
?___fltol                                       cstackCOMRAM 000005
?___fpclassifyf                                 cstackCOMRAM 000005
?___wmul                                        cstackCOMRAM 000005
?___xxtofl                                      cstackCOMRAM 000005
?_floorf                                        cstackCOMRAM 00004D
?_get_corriente_AC                              cstackCOMRAM 00004D
?_labs                                          cstackCOMRAM 000005
?_read_prec_or_width                            cstackCOMRAM 00000B
?_sprintf                                       cstackBANK0  0000AD
?_vfprintf                                      cstackBANK0  0000A9
ADC_GetConversion@channel                       cstackCOMRAM 000009
EUSART1_SetErrorHandler@interruptHandler        cstackCOMRAM 000005
EUSART1_SetFramingErrorHandler@interruptHandler cstackCOMRAM 000005
EUSART1_SetOverrunErrorHandler@interruptHandler cstackCOMRAM 000005
EUSART1_Write@txData                            cstackCOMRAM 000005
EUSART1_Write_string@data                       cstackCOMRAM 000006
TMR1_ISR@CountCallBack                          bssBANK0     0000E9
TMR1_SetInterruptHandler@InterruptHandler       cstackCOMRAM 000005
TMR1_WriteTimer@timerVal                        cstackCOMRAM 000001
_ACTCON                                         (abs)        000FB5
_ADCON0                                         (abs)        000FC2
_ADCON0bits                                     (abs)        000FC2
_ADCON1                                         (abs)        000FC1
_ADCON2                                         (abs)        000FC0
_ADC_GetConversion                              text40       0034DA
_ADC_Initialize                                 text52       003760
_ADC_InterruptHandler                           bssBANK0     0000EF
_ADRESH                                         (abs)        000FC4
_ADRESL                                         (abs)        000FC3
_ANSELA                                         (abs)        000F5B
_ANSELB                                         (abs)        000F5C
_ANSELC                                         (abs)        000F5D
_BAUDCON1                                       (abs)        000FB8
_CCP2CON                                        (abs)        000F97
_CCP2_Initialize                                text51       0037A0
_CCPR2H                                         (abs)        000F91
_CCPR2L                                         (abs)        000F90
_EUSART1_DefaultErrorHandler                    (abs)        000000
_EUSART1_DefaultFramingErrorHandler             (abs)        000000
_EUSART1_DefaultOverrunErrorHandler             (abs)        000000
_EUSART1_ErrorHandler                           bssBANK0     0000F1
_EUSART1_FramingErrorHandler                    bssBANK0     0000F5
_EUSART1_Initialize                             text47       003460
_EUSART1_OverrunErrorHandler                    bssBANK0     0000F3
_EUSART1_SetErrorHandler                        text50       0037E2
_EUSART1_SetFramingErrorHandler                 text49       0037D8
_EUSART1_SetOverrunErrorHandler                 text48       0037CE
_EUSART1_Write                                  text55       003776
_EUSART1_Write_string                           text54       003586
_EUSART1_is_tx_ready                            text53       00360E
_EUSART1_is_tx_ready$282                        cstackCOMRAM 000005
_I                                              bssCOMRAM    000057
_INTCON2bits                                    (abs)        000FF1
_INTCONbits                                     (abs)        000FF2
_INTERRUPT_Initialize                           text46       0037FA
_INTERRUPT_InterruptManager                     intcode      000008
_I_max                                          bssBANK0     0000CF
_I_min                                          bssBANK0     0000CB
_I_rms                                          bssBANK1     000108
_LATA                                           (abs)        000F89
_LATA5                                          (abs)        007C4D
_LATB                                           (abs)        000F8A
_LATBbits                                       (abs)        000F8A
_LATC                                           (abs)        000F8B
_LATCbits                                       (abs)        000F8B
_OSCCON                                         (abs)        000FD3
_OSCCON2                                        (abs)        000FD2
_OSCILLATOR_Initialize                          text45       003684
_OSCTUNE                                        (abs)        000F9B
_PIE1bits                                       (abs)        000F9D
_PIN_MANAGER_Initialize                         text44       0035B6
_PIR1bits                                       (abs)        000F9E
_PLLRDY                                         (abs)        007E97
_PORTBbits                                      (abs)        000F81
_RCONbits                                       (abs)        000FD0
_RCREG1                                         (abs)        000FAE
_RCSTA1                                         (abs)        000FAB
_RCSTA1bits                                     (abs)        000FAB
_SPBRG1                                         (abs)        000FAF
_SPBRGH1                                        (abs)        000FB0
_SYSTEM_Initialize                              text41       0036C2
_T1CON                                          (abs)        000FCD
_T1CONbits                                      (abs)        000FCD
_T1GCON                                         (abs)        000FCC
_T1GCONbits                                     (abs)        000FCC
_TMR1                                           (abs)        000FCE
_TMR1H                                          (abs)        000FCF
_TMR1L                                          (abs)        000FCE
_TMR1_CallBack                                  text59       00328A
_TMR1_DefaultInterruptHandler                   text60       0037FE
_TMR1_ISR                                       text57       003514
_TMR1_Initialize                                text42       0035E4
_TMR1_InterruptHandler                          bssBANK0     0000EB
_TMR1_SetInterruptHandler                       text43       0037C4
_TMR1_WriteTimer                                text58       003636
_TRISA                                          (abs)        000F92
_TRISB                                          (abs)        000F93
_TRISBbits                                      (abs)        000F93
_TRISC                                          (abs)        000F94
_TRISCbits                                      (abs)        000F94
_TXREG1                                         (abs)        000FAD
_TXSTA1                                         (abs)        000FAC
_TXSTA1bits                                     (abs)        000FAC
_WPUB                                           (abs)        000F85
__HRAM                                          (abs)        000000
__H__absolute__                                 __absolute__ 000000
__Habs1                                         abs1         000000
__Hbank0                                        bank0        000000
__Hbank1                                        bank1        000000
__Hbank2                                        bank2        000000
__Hbank3                                        bank3        000000
__Hbank4                                        bank4        000000
__Hbank5                                        bank5        000000
__Hbank6                                        bank6        000000
__Hbank7                                        bank7        000000
__Hbigbss                                       bigbss       000000
__Hbigdata                                      bigdata      000000
__Hbigram                                       bigram       000000
__Hbigsfr                                       bigsfr       000000
__Hbss                                          bss          000000
__HbssBANK0                                     bssBANK0     000000
__HbssBANK1                                     bssBANK1     000000
__HbssCOMRAM                                    bssCOMRAM    000000
__Hcinit                                        cinit        000000
__Hclrtext                                      clrtext      000000
__Hcomram                                       comram       000000
__Hconfig                                       config       30000E
__Hconst                                        const        000000
__HcstackBANK0                                  cstackBANK0  000000
__HcstackBANK1                                  cstackBANK1  000000
__HcstackCOMRAM                                 cstackCOMRAM 000000
__Hdata                                         data         000000
__HdataBANK0                                    dataBANK0    000000
__HdataBANK1                                    dataBANK1    000000
__Heeprom_data                                  eeprom_data  000000
__Hfarbss                                       farbss       000000
__Hfardata                                      fardata      000000
__Hheap                                         heap         000000
__Hibigdata                                     ibigdata     000000
__Hidata                                        idata        000000
__HidataBANK0                                   idataBANK0   000000
__HidataBANK1                                   idataBANK1   000000
__Hidloc                                        idloc        200008
__Hifardata                                     ifardata     000000
__Hinit                                         init         000050
__Hintcode                                      intcode      00004C
__Hintcode_body                                 intcode_body 000000
__Hintcodelo                                    intcodelo    00004C
__Hintentry                                     intentry     000000
__Hintret                                       intret       000000
__Hintsave_regs                                 intsave_regs 000000
__Hirdata                                       irdata       000000
__Hmediumconst                                  mediumconst  000000
__HnvFARRAM                                     nvFARRAM     000000
__Hnvbit                                        nvbit        000000
__Hnvrram                                       nvrram       000000
__Hparam                                        rparam       000000
__Hpowerup                                      powerup      00004C
__Hram                                          ram          000000
__Hramtop                                       ramtop       000800
__Hrbit                                         rbit         000000
__Hrbss                                         rbss         000000
__Hrdata                                        rdata        000000
__Hreset_vec                                    reset_vec    000004
__Hrparam                                       rparam       000000
__Hsfr                                          sfr          000000
__Hsmallconst                                   smallconst   000824
__Hspace_0                                      (abs)        003800
__Hspace_1                                      (abs)        00017A
__Hspace_2                                      (abs)        000000
__Hspace_4                                      (abs)        60000E
__Hstack                                        stack        000000
__Hstruct                                       struct       000000
__Htemp                                         temp         00005C
__Htext                                         text         000000
__Htext0                                        text0        000000
__Htext1                                        text1        000000
__Htext10                                       text10       000000
__Htext11                                       text11       000000
__Htext12                                       text12       000000
__Htext13                                       text13       000000
__Htext14                                       text14       000000
__Htext15                                       text15       000000
__Htext16                                       text16       000000
__Htext17                                       text17       000000
__Htext18                                       text18       000000
__Htext19                                       text19       000000
__Htext2                                        text2        000000
__Htext20                                       text20       000000
__Htext21                                       text21       000000
__Htext22                                       text22       000000
__Htext23                                       text23       000000
__Htext24                                       text24       000000
__Htext25                                       text25       000000
__Htext26                                       text26       000000
__Htext27                                       text27       000000
__Htext28                                       text28       000000
__Htext29                                       text29       000000
__Htext3                                        text3        000000
__Htext30                                       text30       000000
__Htext31                                       text31       000000
__Htext32                                       text32       000000
__Htext33                                       text33       000000
__Htext34                                       text34       000000
__Htext35                                       text35       000000
__Htext36                                       text36       000000
__Htext37                                       text37       000000
__Htext38                                       text38       000000
__Htext39                                       text39       000000
__Htext4                                        text4        000000
__Htext40                                       text40       000000
__Htext41                                       text41       000000
__Htext42                                       text42       000000
__Htext43                                       text43       000000
__Htext44                                       text44       000000
__Htext45                                       text45       000000
__Htext46                                       text46       000000
__Htext47                                       text47       000000
__Htext48                                       text48       000000
__Htext49                                       text49       000000
__Htext5                                        text5        000000
__Htext50                                       text50       000000
__Htext51                                       text51       000000
__Htext52                                       text52       000000
__Htext53                                       text53       000000
__Htext54                                       text54       000000
__Htext55                                       text55       000000
__Htext57                                       text57       000000
__Htext58                                       text58       000000
__Htext59                                       text59       000000
__Htext6                                        text6        000000
__Htext60                                       text60       000000
__Htext61                                       text61       000000
__Htext7                                        text7        000000
__Htext8                                        text8        000000
__Htext9                                        text9        000000
__LRAM                                          (abs)        000001
__L__absolute__                                 __absolute__ 000000
__Labs1                                         abs1         000000
__Lbank0                                        bank0        000000
__Lbank1                                        bank1        000000
__Lbank2                                        bank2        000000
__Lbank3                                        bank3        000000
__Lbank4                                        bank4        000000
__Lbank5                                        bank5        000000
__Lbank6                                        bank6        000000
__Lbank7                                        bank7        000000
__Lbigbss                                       bigbss       000000
__Lbigdata                                      bigdata      000000
__Lbigram                                       bigram       000000
__Lbigsfr                                       bigsfr       000000
__Lbss                                          bss          000000
__LbssBANK0                                     bssBANK0     000000
__LbssBANK1                                     bssBANK1     000000
__LbssCOMRAM                                    bssCOMRAM    000000
__Lcinit                                        cinit        000000
__Lclrtext                                      clrtext      000000
__Lcomram                                       comram       000000
__Lconfig                                       config       000000
__Lconst                                        const        000000
__LcstackBANK0                                  cstackBANK0  000000
__LcstackBANK1                                  cstackBANK1  000000
__LcstackCOMRAM                                 cstackCOMRAM 000000
__Ldata                                         data         000000
__LdataBANK0                                    dataBANK0    000000
__LdataBANK1                                    dataBANK1    000000
__Leeprom_data                                  eeprom_data  000000
__Lfarbss                                       farbss       000000
__Lfardata                                      fardata      000000
__Lheap                                         heap         000000
__Libigdata                                     ibigdata     000000
__Lidata                                        idata        000000
__LidataBANK0                                   idataBANK0   000000
__LidataBANK1                                   idataBANK1   000000
__Lidloc                                        idloc        000000
__Lifardata                                     ifardata     000000
__Linit                                         init         00004C
__Lintcode                                      intcode      000008
__Lintcode_body                                 intcode_body 000000
__Lintcodelo                                    intcodelo    00004C
__Lintentry                                     intentry     000000
__Lintret                                       intret       000000
__Lintsave_regs                                 intsave_regs 000000
__Lirdata                                       irdata       000000
__Lmediumconst                                  mediumconst  000000
__LnvFARRAM                                     nvFARRAM     000000
__Lnvbit                                        nvbit        000000
__Lnvrram                                       nvrram       000000
__Lparam                                        rparam       000000
__Lpowerup                                      powerup      00004C
__Lram                                          ram          000000
__Lramtop                                       ramtop       000800
__Lrbit                                         rbit         000000
__Lrbss                                         rbss         000000
__Lrdata                                        rdata        000000
__Lreset_vec                                    reset_vec    000000
__Lrparam                                       rparam       000000
__Lsfr                                          sfr          000000
__Lsmallconst                                   smallconst   000800
__Lspace_0                                      (abs)        000000
__Lspace_1                                      (abs)        000000
__Lspace_2                                      (abs)        000000
__Lspace_4                                      (abs)        000000
__Lstack                                        stack        000000
__Lstruct                                       struct       000000
__Ltemp                                         temp         00005B
__Ltext                                         text         000000
__Ltext0                                        text0        000000
__Ltext1                                        text1        000000
__Ltext10                                       text10       000000
__Ltext11                                       text11       000000
__Ltext12                                       text12       000000
__Ltext13                                       text13       000000
__Ltext14                                       text14       000000
__Ltext15                                       text15       000000
__Ltext16                                       text16       000000
__Ltext17                                       text17       000000
__Ltext18                                       text18       000000
__Ltext19                                       text19       000000
__Ltext2                                        text2        000000
__Ltext20                                       text20       000000
__Ltext21                                       text21       000000
__Ltext22                                       text22       000000
__Ltext23                                       text23       000000
__Ltext24                                       text24       000000
__Ltext25                                       text25       000000
__Ltext26                                       text26       000000
__Ltext27                                       text27       000000
__Ltext28                                       text28       000000
__Ltext29                                       text29       000000
__Ltext3                                        text3        000000
__Ltext30                                       text30       000000
__Ltext31                                       text31       000000
__Ltext32                                       text32       000000
__Ltext33                                       text33       000000
__Ltext34                                       text34       000000
__Ltext35                                       text35       000000
__Ltext36                                       text36       000000
__Ltext37                                       text37       000000
__Ltext38                                       text38       000000
__Ltext39                                       text39       000000
__Ltext4                                        text4        000000
__Ltext40                                       text40       000000
__Ltext41                                       text41       000000
__Ltext42                                       text42       000000
__Ltext43                                       text43       000000
__Ltext44                                       text44       000000
__Ltext45                                       text45       000000
__Ltext46                                       text46       000000
__Ltext47                                       text47       000000
__Ltext48                                       text48       000000
__Ltext49                                       text49       000000
__Ltext5                                        text5        000000
__Ltext50                                       text50       000000
__Ltext51                                       text51       000000
__Ltext52                                       text52       000000
__Ltext53                                       text53       000000
__Ltext54                                       text54       000000
__Ltext55                                       text55       000000
__Ltext57                                       text57       000000
__Ltext58                                       text58       000000
__Ltext59                                       text59       000000
__Ltext6                                        text6        000000
__Ltext60                                       text60       000000
__Ltext61                                       text61       000000
__Ltext7                                        text7        000000
__Ltext8                                        text8        000000
__Ltext9                                        text9        000000
__S0                                            (abs)        003800
__S1                                            (abs)        00017A
__S4                                            (abs)        000000
__S5                                            (abs)        000000
___fladd                                        text36       00120C
___fladd@a                                      cstackCOMRAM 000009
___fladd@aexp                                   cstackCOMRAM 000012
___fladd@b                                      cstackCOMRAM 000005
___fladd@bexp                                   cstackCOMRAM 000013
___fladd@grs                                    cstackCOMRAM 000014
___fladd@signs                                  cstackCOMRAM 000011
___fldiv                                        text39       001AF6
___fldiv@a                                      cstackCOMRAM 000038
___fldiv@aexp                                   cstackCOMRAM 00004C
___fldiv@b                                      cstackCOMRAM 000034
___fldiv@bexp                                   cstackCOMRAM 00004B
___fldiv@grs                                    cstackCOMRAM 000047
___fldiv@new_exp                                cstackCOMRAM 000045
___fldiv@rem                                    cstackCOMRAM 000040
___fldiv@sign                                   cstackCOMRAM 000044
___fleq                                         text19       002EBA
___fleq@ff1                                     cstackCOMRAM 000005
___fleq@ff2                                     cstackCOMRAM 000009
___flge                                         text38       002BFE
___flge@ff1                                     cstackCOMRAM 00002C
___flge@ff2                                     cstackCOMRAM 000030
___flmul                                        text37       0016CC
___flmul@a                                      cstackCOMRAM 000017
___flmul@aexp                                   cstackCOMRAM 000020
___flmul@b                                      cstackCOMRAM 000013
___flmul@bexp                                   cstackCOMRAM 000025
___flmul@grs                                    cstackCOMRAM 000021
___flmul@prod                                   cstackCOMRAM 000026
___flmul@sign                                   cstackCOMRAM 00001F
___flmul@temp                                   cstackCOMRAM 00002A
___flneg                                        text18       00354E
___flneg@f1                                     cstackCOMRAM 000005
___flsub                                        text35       003318
___flsub@a                                      cstackCOMRAM 000030
___flsub@b                                      cstackCOMRAM 00002C
___fltol                                        text17       002AF8
___fltol@exp1                                   cstackCOMRAM 00000E
___fltol@f1                                     cstackCOMRAM 000005
___fltol@sign1                                  cstackCOMRAM 00000D
___fpclassifyf                                  text16       002D02
___fpclassifyf@F465                             bssBANK1     000104
___fpclassifyf@e                                cstackCOMRAM 00000D
___fpclassifyf@u                                cstackCOMRAM 00000F
___fpclassifyf@x                                cstackCOMRAM 000005
___heap_hi                                      (abs)        000000
___heap_lo                                      (abs)        000000
___inthi_sp                                     stack        000000
___inthi_stack_hi                               stack        000000
___inthi_stack_lo                               stack        000000
___intlo_sp                                     stack        000000
___intlo_stack_hi                               stack        000000
___intlo_stack_lo                               stack        000000
___param_bank                                   (abs)        000000
___rparam_used                                  (abs)        000001
___sp                                           stack        000000
___stack_hi                                     stack        000000
___stack_lo                                     stack        000000
___wmul                                         text6        00365E
___wmul@multiplicand                            cstackCOMRAM 000007
___wmul@multiplier                              cstackCOMRAM 000005
___wmul@product                                 cstackCOMRAM 000009
___xxtofl                                       text34       0027F6
___xxtofl@arg                                   cstackCOMRAM 00000F
___xxtofl@exp                                   cstackCOMRAM 00000E
___xxtofl@sign                                  cstackCOMRAM 00000D
___xxtofl@val                                   cstackCOMRAM 000005
__accesstop                                     (abs)        000060
__activetblptr                                  (abs)        000002
__end_of_ADC_GetConversion                      text40       003514
__end_of_ADC_Initialize                         text52       003776
__end_of_CCP2_Initialize                        text51       0037AE
__end_of_EUSART1_Initialize                     text47       0034A0
__end_of_EUSART1_SetErrorHandler                text50       0037EC
__end_of_EUSART1_SetFramingErrorHandler         text49       0037E2
__end_of_EUSART1_SetOverrunErrorHandler         text48       0037D8
__end_of_EUSART1_Write                          text55       00378C
__end_of_EUSART1_Write_string                   text54       0035B6
__end_of_EUSART1_is_tx_ready                    text53       003636
__end_of_INTERRUPT_Initialize                   text46       0037FE
__end_of_INTERRUPT_InterruptManager             intcode      00004C
__end_of_OSCILLATOR_Initialize                  text45       0036A4
__end_of_PIN_MANAGER_Initialize                 text44       0035E4
__end_of_SYSTEM_Initialize                      text41       0036E0
__end_of_TMR1_CallBack                          text59       0032D2
__end_of_TMR1_DefaultInterruptHandler           text60       003800
__end_of_TMR1_ISR                               text57       00354E
__end_of_TMR1_Initialize                        text42       00360E
__end_of_TMR1_SetInterruptHandler               text43       0037CE
__end_of_TMR1_WriteTimer                        text58       00365E
__end_of___fladd                                text36       0016CC
__end_of___fldiv                                text39       001E90
__end_of___fleq                                 text19       002F64
__end_of___flge                                 text38       002D02
__end_of___flmul                                text37       001AF6
__end_of___flneg                                text18       003586
__end_of___flsub                                text35       00335E
__end_of___fltol                                text17       002BFE
__end_of___fpclassifyf                          text16       002E00
__end_of___wmul                                 text6        003684
__end_of___xxtofl                               text34       0029AA
__end_of__initialization                        cinit        0030DE
__end_of_direccion_rx                           smallconst   000806
__end_of_direccion_tx                           smallconst   00080F
__end_of_efgtoa                                 text7        00120C
__end_of_floorf                                 text15       00240A
__end_of_flush_TX_RX                            text29       00374A
__end_of_fputc                                  text11       002EBA
__end_of_fputs                                  text10       003420
__end_of_get_Status                             text24       0037F4
__end_of_get_corriente_AC                       text33       0027F6
__end_of_intervalo                              smallconst   00080A
__end_of_labs                                   text14       0031A8
__end_of_main                                   text0        002AF8
__end_of_memcpy                                 text13       0031F8
__end_of_nrF2401_init_RX                        text27       00307E
__end_of_nrf2401_comando                        text31       0037A0
__end_of_nrf2401_direccion_TX_RX                text28       003460
__end_of_nrf2401_haydatos                       text23       0036C2
__end_of_nrf2401_read                           text25       0036FC
__end_of_nrf2401_recibe                         text22       003732
__end_of_nrf2401_write                          text30       003718
__end_of_pad                                    text9        003152
__end_of_putch                                  text12       0037C4
__end_of_read_prec_or_width                     text5        00300A
__end_of_recibido_1                             text21       003242
__end_of_spi_s_init                             text20       003760
__end_of_spi_s_read                             text26       003318
__end_of_spi_s_write                            text32       00328A
__end_of_sprintf                                text2        0033E0
__end_of_strcpy                                 text8        0034DA
__end_of_trip_protec_current                    text1        0021F4
__end_of_vfpfcnvrt                              text4        00261A
__end_of_vfprintf                               text3        0033A0
__initialization                                cinit        00307E
__mediumconst                                   mediumconst  000000
__pbssBANK0                                     bssBANK0     0000C3
__pbssBANK1                                     bssBANK1     000100
__pbssCOMRAM                                    bssCOMRAM    000057
__pcinit                                        cinit        00307E
__pcstackBANK0                                  cstackBANK0  000060
__pcstackBANK1                                  cstackBANK1  000176
__pcstackCOMRAM                                 cstackCOMRAM 000001
__pdataBANK0                                    dataBANK0    0000FB
__pdataBANK1                                    dataBANK1    00016A
__pidataBANK0                                   idataBANK0   0037F4
__pidataBANK1                                   idataBANK1   0037AE
__pintcode                                      intcode      000008
__psmallconst                                   smallconst   000800
__ptext0                                        text0        0029AA
__ptext1                                        text1        001E90
__ptext10                                       text10       0033E0
__ptext11                                       text11       002E00
__ptext12                                       text12       0037BA
__ptext13                                       text13       0031A8
__ptext14                                       text14       003152
__ptext15                                       text15       0021F4
__ptext16                                       text16       002D02
__ptext17                                       text17       002AF8
__ptext18                                       text18       00354E
__ptext19                                       text19       002EBA
__ptext2                                        text2        0033A0
__ptext20                                       text20       00374A
__ptext21                                       text21       0031F8
__ptext22                                       text22       003718
__ptext23                                       text23       0036A4
__ptext24                                       text24       0037EC
__ptext25                                       text25       0036E0
__ptext26                                       text26       0032D2
__ptext27                                       text27       00300A
__ptext28                                       text28       003420
__ptext29                                       text29       003732
__ptext3                                        text3        00335E
__ptext30                                       text30       0036FC
__ptext31                                       text31       00378C
__ptext32                                       text32       003242
__ptext33                                       text33       00261A
__ptext34                                       text34       0027F6
__ptext35                                       text35       003318
__ptext36                                       text36       00120C
__ptext37                                       text37       0016CC
__ptext38                                       text38       002BFE
__ptext39                                       text39       001AF6
__ptext4                                        text4        00240A
__ptext40                                       text40       0034DA
__ptext41                                       text41       0036C2
__ptext42                                       text42       0035E4
__ptext43                                       text43       0037C4
__ptext44                                       text44       0035B6
__ptext45                                       text45       003684
__ptext46                                       text46       0037FA
__ptext47                                       text47       003460
__ptext48                                       text48       0037CE
__ptext49                                       text49       0037D8
__ptext5                                        text5        002F64
__ptext50                                       text50       0037E2
__ptext51                                       text51       0037A0
__ptext52                                       text52       003760
__ptext53                                       text53       00360E
__ptext54                                       text54       003586
__ptext55                                       text55       003776
__ptext57                                       text57       003514
__ptext58                                       text58       003636
__ptext59                                       text59       00328A
__ptext6                                        text6        00365E
__ptext60                                       text60       0037FE
__ptext61                                       text61       000000
__ptext7                                        text7        000824
__ptext8                                        text8        0034A0
__ptext9                                        text9        0030EC
__ramtop                                        ramtop       000800
__smallconst                                    smallconst   000800
_conteo                                         bssBANK0     0000D7
_currentSeg                                     bssBANK0     0000C7
_dato_serial                                    dataBANK0    0000FF
_dbuf                                           bssBANK1     00010C
_direccion_rx                                   smallconst   000801
_direccion_tx                                   smallconst   00080A
_efgtoa                                         text7        000824
_efgtoa$1975                                    cstackBANK0  000078
_estado                                         bssBANK0     0000F8
_eusart1RxLastError                             bssBANK0     0000FA
_flags                                          bssBANK0     0000F7
_floorf                                         text15       0021F4
_flush_TX_RX                                    text29       003732
_fputc                                          text11       002E00
_fputs                                          text10       0033E0
_get_Status                                     text24       0037EC
_get_corriente_AC                               text33       00261A
_i                                              bssBANK0     0000E5
_j                                              bssBANK0     0000E3
_k                                              bssBANK0     0000E1
_l                                              bssBANK0     0000DF
_labs                                           text14       003152
_letra1                                         dataBANK0    0000FD
_letra2                                         dataBANK0    0000FB
_main                                           text0        0029AA
_main$2377                                      cstackBANK1  000176
_memcpy                                         text13       0031A8
_nrF2401_init_RX                                text27       00300A
_nrf2401_comando                                text31       00378C
_nrf2401_direccion_TX_RX                        text28       003420
_nrf2401_haydatos                               text23       0036A4
_nrf2401_read                                   text25       0036E0
_nrf2401_recibe                                 text22       003718
_nrf2401_write                                  text30       0036FC
_offset                                         dataBANK1    00016A
_pad                                            text9        0030EC
_prec                                           bssBANK0     0000DD
_previousMillis                                 bssBANK0     0000C3
_putch                                          text12       0037BA
_read_prec_or_width                             text5        002F64
_recibido_1                                     text21       0031F8
_relacion                                       dataBANK1    00016E
_sensibilidad                                   dataBANK1    000172
_spi_s_init                                     text20       00374A
_spi_s_read                                     text26       0032D2
_spi_s_write                                    text32       003242
_sprintf                                        text2        0033A0
_strcpy                                         text8        0034A0
_texto                                          bssBANK0     0000F9
_timer1ReloadVal                                bssBANK0     0000ED
_trip_protec_current                            text1        001E90
_valor                                          bssBANK0     0000E7
_valor_string                                   bssBANK1     00015C
_vfpfcnvrt                                      text4        00240A
_vfprintf                                       text3        00335E
_voltaje                                        bssBANK0     0000D3
_width                                          bssBANK0     0000DB
btemp                                           temp         00005B
efgtoa@c                                        cstackBANK0  00006F
efgtoa@d                                        cstackBANK0  00007D
efgtoa@e                                        cstackBANK0  000081
efgtoa@f                                        cstackBANK0  00006B
efgtoa@fp                                       cstackBANK0  00006A
efgtoa@g                                        cstackBANK0  000094
efgtoa@h                                        cstackBANK0  00008B
efgtoa@i                                        cstackBANK0  000089
efgtoa@l                                        cstackBANK0  00008F
efgtoa@m                                        cstackBANK0  00007F
efgtoa@mode                                     cstackBANK0  00007B
efgtoa@n                                        cstackBANK0  000098
efgtoa@ne                                       cstackBANK0  000072
efgtoa@nmode                                    cstackBANK0  00007C
efgtoa@ou                                       cstackBANK0  000085
efgtoa@p                                        cstackBANK0  000074
efgtoa@pp                                       cstackBANK0  00007A
efgtoa@sign                                     cstackBANK0  000093
efgtoa@t                                        cstackBANK0  000076
efgtoa@u                                        cstackBANK0  00009A
efgtoa@w                                        cstackBANK0  000083
end_of_initialization                           cinit        0030DE
floorf@F521                                     bssBANK1     000100
floorf@e                                        cstackBANK0  000064
floorf@m                                        cstackBANK0  000060
floorf@u                                        cstackBANK0  000066
floorf@x                                        cstackCOMRAM 00004D
fputc@c                                         cstackCOMRAM 000007
fputc@fp                                        cstackCOMRAM 000009
fputs@c                                         cstackCOMRAM 000012
fputs@fp                                        cstackCOMRAM 000011
fputs@i                                         cstackCOMRAM 000013
fputs@s                                         cstackCOMRAM 00000F
get_corriente_AC@corriente                      cstackBANK0  000062
get_corriente_AC@i                              cstackBANK0  000060
get_corriente_AC@n_muestras                     cstackCOMRAM 00004D
int$flags                                       temp         00005B
intlevel0                                       text         000000
intlevel1                                       text         000000
intlevel2                                       text         000000
intlevel3                                       text         000000
isa$std                                         (abs)        000001
isa$xinst                                       (abs)        000000
labs@a                                          cstackCOMRAM 000005
memcpy@d                                        cstackCOMRAM 00000C
memcpy@d1                                       cstackCOMRAM 000005
memcpy@n                                        cstackCOMRAM 000009
memcpy@s                                        cstackCOMRAM 00000E
memcpy@s1                                       cstackCOMRAM 000007
memcpy@tmp                                      cstackCOMRAM 00000B
nrF2401_init_RX@canal                           cstackCOMRAM 00000B
nrf2401_comando@comando                         cstackCOMRAM 000007
nrf2401_direccion_TX_RX@cont_s                  cstackCOMRAM 00000A
nrf2401_direccion_TX_RX@direccion_              cstackCOMRAM 000007
nrf2401_direccion_TX_RX@registro                cstackCOMRAM 000008
nrf2401_read@dato_                              cstackCOMRAM 000008
nrf2401_read@reg                                cstackCOMRAM 000007
nrf2401_recibe@valor_                           cstackCOMRAM 000007
nrf2401_write@reg                               cstackCOMRAM 000008
nrf2401_write@valor                             cstackCOMRAM 000007
pad@buf                                         cstackCOMRAM 000016
pad@fp                                          cstackCOMRAM 000015
pad@i                                           cstackCOMRAM 00001B
pad@p                                           cstackCOMRAM 000018
putch@txData                                    cstackCOMRAM 000006
read_prec_or_width@ap                           cstackCOMRAM 00000C
read_prec_or_width@c                            cstackCOMRAM 00000D
read_prec_or_width@fmt                          cstackCOMRAM 00000B
read_prec_or_width@n                            cstackCOMRAM 00000E
spi_s_read@cont_s                               cstackCOMRAM 000006
spi_s_read@dato_                                cstackCOMRAM 000005
spi_s_write@cont_s                              cstackCOMRAM 000006
spi_s_write@dato_                               cstackCOMRAM 000005
sprintf@ap                                      cstackBANK0  0000B4
sprintf@f                                       cstackBANK0  0000B5
sprintf@fmt                                     cstackBANK0  0000AF
sprintf@s                                       cstackBANK0  0000AD
stackhi                                         (abs)        000000
stacklo                                         (abs)        000000
start                                           init         00004C
start_initialization                            cinit        00307E
strcpy@d                                        cstackCOMRAM 000009
strcpy@dest                                     cstackCOMRAM 000005
strcpy@src                                      cstackCOMRAM 000007
ttemp5                                          temp         00005C
ttemp6                                          temp         00005F
ttemp7                                          temp         000063
vfpfcnvrt@ap                                    cstackBANK0  0000A0
vfpfcnvrt@c                                     cstackBANK0  0000A7
vfpfcnvrt@convarg                               cstackBANK0  0000A3
vfpfcnvrt@cp                                    cstackBANK0  0000A8
vfpfcnvrt@fmt                                   cstackBANK0  00009F
vfpfcnvrt@fp                                    cstackBANK0  00009E
vfprintf@ap                                     cstackBANK0  0000AB
vfprintf@cfmt                                   cstackBANK0  0000AC
vfprintf@fmt                                    cstackBANK0  0000AA
vfprintf@fp                                     cstackBANK0  0000A9
wtemp8                                          temp         00005C


MODULE INFORMATION

Module		Function		Class		Link	Load	Size
C:\Program Files\Microchip\xc8\v2.45\pic\sources\c99\common\Umul16.c
		___wmul        		CODE           	365E	0000	38

C:\Program Files\Microchip\xc8\v2.45\pic\sources\c99\common\Umul16.c estimated size: 38

C:\Program Files\Microchip\xc8\v2.45\pic\sources\c99\common\fleq.c
		___fleq        		CODE           	2EBA	0000	170

C:\Program Files\Microchip\xc8\v2.45\pic\sources\c99\common\fleq.c estimated size: 170

C:\Program Files\Microchip\xc8\v2.45\pic\sources\c99\common\memcpy.c
		_memcpy        		CODE           	31A8	0000	80

C:\Program Files\Microchip\xc8\v2.45\pic\sources\c99\common\memcpy.c estimated size: 80

mcc_generated_files/interrupt_manager.c
		_INTERRUPT_Initialize		CODE           	37FA	0000	4
		_INTERRUPT_InterruptManager		CODE           	0008	0000	68

mcc_generated_files/interrupt_manager.c estimated size: 72

C:\Program Files\Microchip\xc8\v2.45\pic\sources\c99\common\flneg.c
		___flneg       		CODE           	354E	0000	56

C:\Program Files\Microchip\xc8\v2.45\pic\sources\c99\common\flneg.c estimated size: 56

mcc_generated_files/pin_manager.c
		_PIN_MANAGER_Initialize		CODE           	35B6	0000	46

mcc_generated_files/pin_manager.c estimated size: 46

C:\Program Files\Microchip\xc8\v2.45\pic\sources\c99\common\sprcmul.c
		___flmul       		CODE           	16CC	0000	1066

C:\Program Files\Microchip\xc8\v2.45\pic\sources\c99\common\sprcmul.c estimated size: 1066

mcc_generated_files/adc.c
		_ADC_Initialize		CODE           	3760	0000	22
		_ADC_GetConversion		CODE           	34DA	0000	58

mcc_generated_files/adc.c estimated size: 80

C:\Program Files\Microchip\xc8\v2.45\pic\sources\c99\common\labs.c
		_labs          		CODE           	3152	0000	86

C:\Program Files\Microchip\xc8\v2.45\pic\sources\c99\common\labs.c estimated size: 86

C:\Program Files\Microchip\xc8\v2.45\pic\sources\c99\common\nf_fputs.c
		_fputs         		CODE           	33E0	0000	64

C:\Program Files\Microchip\xc8\v2.45\pic\sources\c99\common\nf_fputs.c estimated size: 64

C:\Program Files\Microchip\xc8\v2.45\pic\sources\c99\common\sprcdiv.c
		___fldiv       		CODE           	1AF6	0000	922

C:\Program Files\Microchip\xc8\v2.45\pic\sources\c99\common\sprcdiv.c estimated size: 922

mcc_generated_files/ccp2.c
		_CCP2_Initialize		CODE           	37A0	0000	14

mcc_generated_files/ccp2.c estimated size: 14

C:\Program Files\Microchip\xc8\v2.45\pic\sources\c99\common\floorf.c
		_floorf        		CODE           	21F4	0000	534

C:\Program Files\Microchip\xc8\v2.45\pic\sources\c99\common\floorf.c estimated size: 534

C:\Program Files\Microchip\xc8\v2.45\pic\sources\c99\common\nf_sprintf.c
		_sprintf       		CODE           	33A0	0000	64

C:\Program Files\Microchip\xc8\v2.45\pic\sources\c99\common\nf_sprintf.c estimated size: 64

./Librerias/nRF24L01_2.h
		_spi_s_init    		CODE           	374A	0000	22
		_nrf2401_comando		CODE           	378C	0000	20
		_nrf2401_direccion_TX_RX		CODE           	3420	0000	64
		_spi_s_read    		CODE           	32D2	0000	70
		_get_Status    		CODE           	37EC	0000	8
		_nrf2401_read  		CODE           	36E0	0000	28
		_nrF2401_init_RX		CODE           	300A	0000	116
		_nrf2401_write 		CODE           	36FC	0000	28
		_spi_s_write   		CODE           	3242	0000	72
		_nrf2401_haydatos		CODE           	36A4	0000	30
		_flush_TX_RX   		CODE           	3732	0000	24
		_nrf2401_recibe		CODE           	3718	0000	26

./Librerias/nRF24L01_2.h estimated size: 508

C:\Program Files\Microchip\xc8\v2.45\pic\sources\c99\common\flge.c
		___flge        		CODE           	2BFE	0000	260

C:\Program Files\Microchip\xc8\v2.45\pic\sources\c99\common\flge.c estimated size: 260

shared
		_intervalo     		SMALLCONST     	0000	0000	0
		_direccion_rx  		SMALLCONST     	0801	0000	5
		_direccion_tx  		SMALLCONST     	080A	0000	5
		__initialization		CODE           	307E	0000	96

shared estimated size: 106

mcc_generated_files/eusart1.c
		_EUSART1_is_tx_ready		CODE           	360E	0000	40
		_EUSART1_Initialize		CODE           	3460	0000	64
		_putch         		CODE           	37BA	0000	10
		_EUSART1_SetFramingErrorHandler		CODE           	37D8	0000	10
		_EUSART1_SetOverrunErrorHandler		CODE           	37CE	0000	10
		_EUSART1_SetErrorHandler		CODE           	37E2	0000	10
		_EUSART1_Write 		CODE           	3776	0000	22
		_EUSART1_Write_string		CODE           	3586	0000	48

mcc_generated_files/eusart1.c estimated size: 214

C:\Program Files\Microchip\xc8\v2.45\pic\sources\c99\common\xxtofl.c
		___xxtofl      		CODE           	27F6	0000	436

C:\Program Files\Microchip\xc8\v2.45\pic\sources\c99\common\xxtofl.c estimated size: 436

mcc_generated_files/mcc.c
		_OSCILLATOR_Initialize		CODE           	3684	0000	32
		_SYSTEM_Initialize		CODE           	36C2	0000	30

mcc_generated_files/mcc.c estimated size: 62

C:\Program Files\Microchip\xc8\v2.45\pic\sources\c99\common\__fpclassifyf.c
		___fpclassifyf 		CODE           	2D02	0000	254

C:\Program Files\Microchip\xc8\v2.45\pic\sources\c99\common\__fpclassifyf.c estimated size: 254

mcc_generated_files/tmr1.c
		_TMR1_Initialize		CODE           	35E4	0000	42
		_TMR1_SetInterruptHandler		CODE           	37C4	0000	10
		_TMR1_DefaultInterruptHandler		CODE           	37FE	0000	2
		_TMR1_CallBack 		CODE           	328A	0000	72
		_TMR1_WriteTimer		CODE           	3636	0000	40
		_TMR1_ISR      		CODE           	3514	0000	58

mcc_generated_files/tmr1.c estimated size: 224

C:\Program Files\Microchip\xc8\v2.45\pic\sources\c99\common\strcpy.c
		_strcpy        		CODE           	34A0	0000	58

C:\Program Files\Microchip\xc8\v2.45\pic\sources\c99\common\strcpy.c estimated size: 58

C:\Program Files\Microchip\xc8\v2.45\pic\sources\c99\common\sprcadd.c
		___flsub       		CODE           	3318	0000	70
		___fladd       		CODE           	120C	0000	1216

C:\Program Files\Microchip\xc8\v2.45\pic\sources\c99\common\sprcadd.c estimated size: 1286

main.c
		_main          		CODE           	29AA	0000	334
		_recibido_1    		CODE           	31F8	0000	74
		_trip_protec_current		CODE           	1E90	0000	868
		_get_corriente_AC		CODE           	261A	0000	476

main.c estimated size: 1752

C:\Program Files\Microchip\xc8\v2.45\pic\sources\c99\common\nf_fputc.c
		_fputc         		CODE           	2E00	0000	186

C:\Program Files\Microchip\xc8\v2.45\pic\sources\c99\common\nf_fputc.c estimated size: 186

C:\Program Files\Microchip\xc8\v2.45\pic\sources\c99\common\doprnt.c
		_read_prec_or_width		CODE           	2F64	0000	166
		_vfpfcnvrt     		CODE           	240A	0000	528
		_efgtoa        		CODE           	0824	0000	2536
		_pad           		CODE           	30EC	0000	102
		_vfprintf      		CODE           	335E	0000	66

C:\Program Files\Microchip\xc8\v2.45\pic\sources\c99\common\doprnt.c estimated size: 3398

C:\Program Files\Microchip\xc8\v2.45\pic\sources\c99\common\fltol.c
		___fltol       		CODE           	2AF8	0000	262

C:\Program Files\Microchip\xc8\v2.45\pic\sources\c99\common\fltol.c estimated size: 262

