Microchip MPLAB XC8 Compiler V2.36

Linker command line:

-W-3 --edf=C:\Program Files\Microchip\xc8\v2.36\pic\dat\en_msgs.txt -cn \
  -h+dist/default/production\Control_Skill.production.sym \
  --cmf=dist/default/production\Control_Skill.production.cmf -z -Q18F25K50 \
  -oC:\Users\TEOREM~1\AppData\Local\Temp\xcAsq48.4 --defsym=__MPLAB_BUILD=1 \
  -Mdist/default/production/Control_Skill.production.map \
  --md=C:\Users\TEOREM~1\AppData\Local\Temp\xcAsq48.dat -E1 \
  -ver=XC8 Compiler --acfsm=1493 -ACODE=00h-07FFFh -ACONST=00h-07FFFh \
  -ASMALLCONST=0800h-08FFhx120 -AMEDIUMCONST=0800h-07FFFh -ACOMRAM=01h-05Fh \
  -AABS1=00h-07FFh -ABIGRAM=01h-07FFh -ARAM=060h-0FFh,0100h-01FFhx7 \
  -ABANK0=060h-0FFh -ABANK1=0100h-01FFh -ABANK2=0200h-02FFh \
  -ABANK3=0300h-03FFh -ABANK4=0400h-04FFh -ABANK5=0500h-05FFh \
  -ABANK6=0600h-06FFh -ABANK7=0700h-07FFh -ASFR=0F53h-0F5Fh,0F60h-0FFFh \
  -ABIGSFR=0F53h-0FFFh -ACONFIG=0300000h-030000Dh -AIDLOC=0200000h-0200007h \
  -AEEDATA=0F00000h-0F000FFh -peeprom_data=EEDATA \
  -preset_vec=00h,intcode=08h,intcodelo,powerup,init -pramtop=0800h \
  -psmallconst=SMALLCONST -pmediumconst=MEDIUMCONST -pconst=CONST \
  -AFARRAM=00h-00h \
  -prdata=COMRAM,nvrram=COMRAM,nvbit=COMRAM,rbss=COMRAM,rbit=COMRAM \
  -pfarbss=FARRAM,fardata=FARRAM,nvFARRAM=FARRAM \
  -pintsave_regs=BIGRAM,bigbss=BIGRAM,bigdata=BIGRAM -pbss=RAM \
  -pidata=CODE,irdata=CODE,ibigdata=CODE,ifardata=CODE -prparam=COMRAM \
  C:\Users\TEOREM~1\AppData\Local\Temp\xcAsq48.o \
  dist/default/production\Control_Skill.production.o 

Object code version is 3.11

Machine type is 18F25K50



                Name                               Link     Load   Length Selector   Space Scale
C:\Users\TEOREM~1\AppData\Local\Temp\xcAsq48.o
                idloc                            200000   200000        8        0       5
                config                           300000   300000        E        0       4
                init                                 3E       3E        4        4       0
                reset_vec                             0        0        4        0       0
dist/default/production\Control_Skill.production.o
                intcode                               8        8       36        4       0
                idloc                            200000   200000        8        0       5
                config                           300000   300000        E        0       4
                temp                                 51       51        1        1       1
                smallconst                          800      800        C      400       0
                text13                              97C      97C        2      406       0
                text12                              84A      84A       38      406       0
                text10                              96E      96E        A      406       0
                text9                               964      964        A      406       0
                text8                               95A      95A        A      406       0
                text7                               80C      80C       3E      406       0
                text6                               978      978        4      406       0
                text5                               8E6      8E6       20      406       0
                text4                               8B8      8B8       2E      406       0
                text3                               950      950        A      406       0
                text2                               882      882       36      406       0
                text1                               93A      93A       16      406       0
                text0                               920      920       1A      406       0
                cstackCOMRAM                         4B       4B        6        1       1
                bssCOMRAM                             1        1       4A        1       1
                cinit                               906      906       1A      406       0

TOTAL           Name                               Link     Load   Length     Space
        CLASS   CODE           
                intcode                               8        8       36         0
                init                                 3E       3E        4         0
                reset_vec                             0        0        4         0
                text13                              97C      97C        2         0
                text12                              84A      84A       38         0
                text10                              96E      96E        A         0
                text9                               964      964        A         0
                text8                               95A      95A        A         0
                text7                               80C      80C       3E         0
                text6                               978      978        4         0
                text5                               8E6      8E6       20         0
                text4                               8B8      8B8       2E         0
                text3                               950      950        A         0
                text2                               882      882       36         0
                text1                               93A      93A       16         0
                text0                               920      920       1A         0
                cinit                               906      906       1A         0

        CLASS   CONST          

        CLASS   SMALLCONST     
                smallconst                          800      800        C         0

        CLASS   MEDIUMCONST    

        CLASS   COMRAM         
                temp                                 51       51        1         1
                cstackCOMRAM                         4B       4B        6         1
                bssCOMRAM                             1        1       4A         1

        CLASS   ABS1           

        CLASS   BIGRAM         

        CLASS   RAM            

        CLASS   BANK0          

        CLASS   BANK1          

        CLASS   BANK2          

        CLASS   BANK3          

        CLASS   BANK4          

        CLASS   BANK5          

        CLASS   BANK6          

        CLASS   BANK7          

        CLASS   SFR            

        CLASS   BIGSFR         

        CLASS   CONFIG         
                config                           300000   300000        E         4

        CLASS   IDLOC          
                idloc                            200000   200000        8         5

        CLASS   EEDATA         

        CLASS   FARRAM         

        CLASS   HEAP           

        CLASS   STACK          



SEGMENTS        Name                           Load    Length   Top    Selector   Space  Class

                reset_vec                      000000  000004  000004         0       0  CODE    
                bssCOMRAM                      000001  000051  000052         1       1  COMRAM  
                intcode                        000008  00003A  000042         4       0  CODE    
                smallconst                     000800  00000C  00080C       400       0  SMALLCON
                text7                          00080C  000172  00097E       406       0  CODE    


UNUSED ADDRESS RANGES

        Name                Unused          Largest block    Delta
        BANK0            000060-0000FF               A0
        BANK1            000100-0001FF              100
        BANK2            000200-0002FF              100
        BANK3            000300-0003FF              100
        BANK4            000400-0004FF              100
        BANK5            000500-0005FF              100
        BANK6            000600-0006FF              100
        BANK7            000700-0007FF              100
        BIGRAM           000052-0007FF              7AE
        BIGSFR           000F53-000FFF               AD
        CODE             000004-000007                4
                         000042-0007FF              7BE
                         00097E-007FFF             7682
        COMRAM           000052-00005F                E
        CONST            000004-000007                4
                         000042-0007FF              7BE
                         00097E-007FFF             7682
        EEDATA           F00000-F000FF              100
        MEDIUMCONST      00097E-007FFF             7682
        RAM              000060-0007FF              100
        SFR              000F53-000FFF                D
        SMALLCONST       00097E-007FFF              100

                                  Symbol Table

EUSART1_SetErrorHandler@interruptHandler        cstackCOMRAM 00004D
EUSART1_SetFramingErrorHandler@interruptHandler cstackCOMRAM 00004D
EUSART1_SetOverrunErrorHandler@interruptHandler cstackCOMRAM 00004D
TMR0_SetInterruptHandler@InterruptHandler       cstackCOMRAM 00004D
_ACTCON                                         (abs)        000FB5
_ANSELA                                         (abs)        000F5B
_ANSELB                                         (abs)        000F5C
_ANSELC                                         (abs)        000F5D
_BAUDCON1                                       (abs)        000FB8
_EUSART1_DefaultErrorHandler                    (abs)        000000
_EUSART1_DefaultFramingErrorHandler             (abs)        000000
_EUSART1_DefaultOverrunErrorHandler             (abs)        000000
_EUSART1_ErrorHandler                           bssCOMRAM    000041
_EUSART1_FramingErrorHandler                    bssCOMRAM    000045
_EUSART1_Initialize                             text7        00080C
_EUSART1_OverrunErrorHandler                    bssCOMRAM    000043
_EUSART1_SetErrorHandler                        text10       00096E
_EUSART1_SetFramingErrorHandler                 text9        000964
_EUSART1_SetOverrunErrorHandler                 text8        00095A
_INTCON2bits                                    (abs)        000FF1
_INTCONbits                                     (abs)        000FF2
_INTERRUPT_Initialize                           text6        000978
_INTERRUPT_InterruptManager                     intcode      000008
_LATA                                           (abs)        000F89
_LATB                                           (abs)        000F8A
_LATBbits                                       (abs)        000F8A
_LATC                                           (abs)        000F8B
_LATCbits                                       (abs)        000F8B
_OSCCON                                         (abs)        000FD3
_OSCCON2                                        (abs)        000FD2
_OSCILLATOR_Initialize                          text5        0008E6
_OSCTUNE                                        (abs)        000F9B
_PIN_MANAGER_Initialize                         text4        0008B8
_PIR1bits                                       (abs)        000F9E
_PLLRDY                                         (abs)        007E97
_PORTBbits                                      (abs)        000F81
_RCONbits                                       (abs)        000FD0
_RCREG1                                         (abs)        000FAE
_RCSTA1                                         (abs)        000FAB
_RCSTA1bits                                     (abs)        000FAB
_SPBRG1                                         (abs)        000FAF
_SPBRGH1                                        (abs)        000FB0
_SYSTEM_Initialize                              text1        00093A
_T0CON                                          (abs)        000FD5
_T0CONbits                                      (abs)        000FD5
_TMR0H                                          (abs)        000FD7
_TMR0L                                          (abs)        000FD6
_TMR0_DefaultInterruptHandler                   text13       00097C
_TMR0_ISR                                       text12       00084A
_TMR0_Initialize                                text2        000882
_TMR0_InterruptHandler                          bssCOMRAM    00003F
_TMR0_SetInterruptHandler                       text3        000950
_TRISA                                          (abs)        000F92
_TRISB                                          (abs)        000F93
_TRISBbits                                      (abs)        000F93
_TRISC                                          (abs)        000F94
_TRISCbits                                      (abs)        000F94
_TXREG1                                         (abs)        000FAD
_TXSTA1                                         (abs)        000FAC
_TXSTA1bits                                     (abs)        000FAC
_WPUB                                           (abs)        000F85
__HRAM                                          (abs)        000000
__Habs1                                         abs1         000000
__Hbank0                                        bank0        000000
__Hbank1                                        bank1        000000
__Hbank2                                        bank2        000000
__Hbank3                                        bank3        000000
__Hbank4                                        bank4        000000
__Hbank5                                        bank5        000000
__Hbank6                                        bank6        000000
__Hbank7                                        bank7        000000
__Hbigbss                                       bigbss       000000
__Hbigdata                                      bigdata      000000
__Hbigram                                       bigram       000000
__Hbigsfr                                       bigsfr       000000
__Hbss                                          bss          000000
__HbssCOMRAM                                    bssCOMRAM    000000
__Hcinit                                        cinit        000000
__Hclrtext                                      clrtext      000000
__Hcomram                                       comram       000000
__Hconfig                                       config       30000E
__Hconst                                        const        000000
__HcstackCOMRAM                                 cstackCOMRAM 000000
__Hdata                                         data         000000
__Heeprom_data                                  eeprom_data  000000
__Hfarbss                                       farbss       000000
__Hfardata                                      fardata      000000
__Hheap                                         heap         000000
__Hibigdata                                     ibigdata     000000
__Hidata                                        idata        000000
__Hidloc                                        idloc        200008
__Hifardata                                     ifardata     000000
__Hinit                                         init         000042
__Hintcode                                      intcode      00003E
__Hintcode_body                                 intcode_body 000000
__Hintcodelo                                    intcodelo    00003E
__Hintentry                                     intentry     000000
__Hintret                                       intret       000000
__Hintsave_regs                                 intsave_regs 000000
__Hirdata                                       irdata       000000
__Hmediumconst                                  mediumconst  000000
__HnvFARRAM                                     nvFARRAM     000000
__Hnvbit                                        nvbit        000000
__Hnvrram                                       nvrram       000000
__Hparam                                        rparam       000000
__Hpowerup                                      powerup      00003E
__Hram                                          ram          000000
__Hramtop                                       ramtop       000800
__Hrbit                                         rbit         000000
__Hrbss                                         rbss         000000
__Hrdata                                        rdata        000000
__Hreset_vec                                    reset_vec    000004
__Hrparam                                       rparam       000000
__Hsfr                                          sfr          000000
__Hsmallconst                                   smallconst   00080C
__Hspace_0                                      (abs)        00097E
__Hspace_1                                      (abs)        000052
__Hspace_2                                      (abs)        000000
__Hspace_4                                      (abs)        60000E
__Hstack                                        stack        000000
__Hstruct                                       struct       000000
__Htemp                                         temp         000052
__Htext                                         text         000000
__Htext0                                        text0        000000
__Htext1                                        text1        000000
__Htext10                                       text10       000000
__Htext12                                       text12       000000
__Htext13                                       text13       000000
__Htext14                                       text14       000000
__Htext2                                        text2        000000
__Htext3                                        text3        000000
__Htext4                                        text4        000000
__Htext5                                        text5        000000
__Htext6                                        text6        000000
__Htext7                                        text7        000000
__Htext8                                        text8        000000
__Htext9                                        text9        000000
__LRAM                                          (abs)        000001
__Labs1                                         abs1         000000
__Lbank0                                        bank0        000000
__Lbank1                                        bank1        000000
__Lbank2                                        bank2        000000
__Lbank3                                        bank3        000000
__Lbank4                                        bank4        000000
__Lbank5                                        bank5        000000
__Lbank6                                        bank6        000000
__Lbank7                                        bank7        000000
__Lbigbss                                       bigbss       000000
__Lbigdata                                      bigdata      000000
__Lbigram                                       bigram       000000
__Lbigsfr                                       bigsfr       000000
__Lbss                                          bss          000000
__LbssCOMRAM                                    bssCOMRAM    000000
__Lcinit                                        cinit        000000
__Lclrtext                                      clrtext      000000
__Lcomram                                       comram       000000
__Lconfig                                       config       000000
__Lconst                                        const        000000
__LcstackCOMRAM                                 cstackCOMRAM 000000
__Ldata                                         data         000000
__Leeprom_data                                  eeprom_data  000000
__Lfarbss                                       farbss       000000
__Lfardata                                      fardata      000000
__Lheap                                         heap         000000
__Libigdata                                     ibigdata     000000
__Lidata                                        idata        000000
__Lidloc                                        idloc        000000
__Lifardata                                     ifardata     000000
__Linit                                         init         00003E
__Lintcode                                      intcode      000008
__Lintcode_body                                 intcode_body 000000
__Lintcodelo                                    intcodelo    00003E
__Lintentry                                     intentry     000000
__Lintret                                       intret       000000
__Lintsave_regs                                 intsave_regs 000000
__Lirdata                                       irdata       000000
__Lmediumconst                                  mediumconst  000000
__LnvFARRAM                                     nvFARRAM     000000
__Lnvbit                                        nvbit        000000
__Lnvrram                                       nvrram       000000
__Lparam                                        rparam       000000
__Lpowerup                                      powerup      00003E
__Lram                                          ram          000000
__Lramtop                                       ramtop       000800
__Lrbit                                         rbit         000000
__Lrbss                                         rbss         000000
__Lrdata                                        rdata        000000
__Lreset_vec                                    reset_vec    000000
__Lrparam                                       rparam       000000
__Lsfr                                          sfr          000000
__Lsmallconst                                   smallconst   000800
__Lspace_0                                      (abs)        000000
__Lspace_1                                      (abs)        000000
__Lspace_2                                      (abs)        000000
__Lspace_4                                      (abs)        000000
__Lstack                                        stack        000000
__Lstruct                                       struct       000000
__Ltemp                                         temp         000051
__Ltext                                         text         000000
__Ltext0                                        text0        000000
__Ltext1                                        text1        000000
__Ltext10                                       text10       000000
__Ltext12                                       text12       000000
__Ltext13                                       text13       000000
__Ltext14                                       text14       000000
__Ltext2                                        text2        000000
__Ltext3                                        text3        000000
__Ltext4                                        text4        000000
__Ltext5                                        text5        000000
__Ltext6                                        text6        000000
__Ltext7                                        text7        000000
__Ltext8                                        text8        000000
__Ltext9                                        text9        000000
__S0                                            (abs)        00097E
__S1                                            (abs)        000052
__S4                                            (abs)        000000
__S5                                            (abs)        000000
___heap_hi                                      (abs)        000000
___heap_lo                                      (abs)        000000
___inthi_sp                                     stack        000000
___intlo_sp                                     stack        000000
___param_bank                                   (abs)        000000
___rparam_used                                  (abs)        000001
___sp                                           stack        000000
__accesstop                                     (abs)        000060
__activetblptr                                  (abs)        000002
__end_of_EUSART1_Initialize                     text7        00084A
__end_of_EUSART1_SetErrorHandler                text10       000978
__end_of_EUSART1_SetFramingErrorHandler         text9        00096E
__end_of_EUSART1_SetOverrunErrorHandler         text8        000964
__end_of_INTERRUPT_Initialize                   text6        00097C
__end_of_INTERRUPT_InterruptManager             intcode      00003E
__end_of_OSCILLATOR_Initialize                  text5        000906
__end_of_PIN_MANAGER_Initialize                 text4        0008E6
__end_of_SYSTEM_Initialize                      text1        000950
__end_of_TMR0_DefaultInterruptHandler           text13       00097E
__end_of_TMR0_ISR                               text12       000882
__end_of_TMR0_Initialize                        text2        0008B8
__end_of_TMR0_SetInterruptHandler               text3        00095A
__end_of__initialization                        cinit        000912
__end_of_direccion_rx                           smallconst   000806
__end_of_direccion_tx                           smallconst   00080B
__end_of_main                                   text0        00093A
__initialization                                cinit        000906
__mediumconst                                   mediumconst  000000
__pbssCOMRAM                                    bssCOMRAM    000001
__pcinit                                        cinit        000906
__pcstackCOMRAM                                 cstackCOMRAM 00004B
__pintcode                                      intcode      000008
__psmallconst                                   smallconst   000800
__ptext0                                        text0        000920
__ptext1                                        text1        00093A
__ptext10                                       text10       00096E
__ptext12                                       text12       00084A
__ptext13                                       text13       00097C
__ptext14                                       text14       000000
__ptext2                                        text2        000882
__ptext3                                        text3        000950
__ptext4                                        text4        0008B8
__ptext5                                        text5        0008E6
__ptext6                                        text6        000978
__ptext7                                        text7        00080C
__ptext8                                        text8        00095A
__ptext9                                        text9        000964
__ramtop                                        ramtop       000800
__smallconst                                    smallconst   000800
_datorx                                         bssCOMRAM    000048
_direccion_rx                                   smallconst   000801
_direccion_tx                                   smallconst   000806
_eusart1RxLastError                             bssCOMRAM    00004A
_flag_rx                                        bssCOMRAM    000047
_main                                           text0        000920
_procesa                                        bssCOMRAM    00001F
_puntero                                        bssCOMRAM    000049
_timer0ReloadVal                                bssCOMRAM    00003D
_trama                                          bssCOMRAM    000001
btemp                                           temp         000051
end_of_initialization                           cinit        000912
int$flags                                       temp         000051
intlevel0                                       text         000000
intlevel1                                       text         000000
intlevel2                                       text         000000
intlevel3                                       text         000000
isa$std                                         (abs)        000001
isa$xinst                                       (abs)        000000
stackhi                                         (abs)        000000
stacklo                                         (abs)        000000
start                                           init         00003E
start_initialization                            cinit        000906
ttemp5                                          temp         000052
ttemp6                                          temp         000055
ttemp7                                          temp         000059
wtemp8                                          temp         000052


MODULE INFORMATION

Module		Function		Class		Link	Load	Size
mcc_generated_files/interrupt_manager.c
		_INTERRUPT_Initialize		CODE           	0978	0000	4
		_INTERRUPT_InterruptManager		CODE           	0008	0000	54

mcc_generated_files/interrupt_manager.c estimated size: 58

mcc_generated_files/tmr0.c
		_TMR0_SetInterruptHandler		CODE           	0950	0000	10
		_TMR0_DefaultInterruptHandler		CODE           	097C	0000	2
		_TMR0_ISR      		CODE           	084A	0000	56
		_TMR0_Initialize		CODE           	0882	0000	54

mcc_generated_files/tmr0.c estimated size: 122

mcc_generated_files/pin_manager.c
		_PIN_MANAGER_Initialize		CODE           	08B8	0000	46

mcc_generated_files/pin_manager.c estimated size: 46

shared
		_direccion_rx  		SMALLCONST     	0801	0000	5
		_direccion_tx  		SMALLCONST     	0806	0000	5
		__initialization		CODE           	0906	0000	12

shared estimated size: 22

mcc_generated_files/eusart1.c
		_EUSART1_Initialize		CODE           	080C	0000	62
		_EUSART1_SetFramingErrorHandler		CODE           	0964	0000	10
		_EUSART1_SetOverrunErrorHandler		CODE           	095A	0000	10
		_EUSART1_SetErrorHandler		CODE           	096E	0000	10

mcc_generated_files/eusart1.c estimated size: 92

mcc_generated_files/mcc.c
		_OSCILLATOR_Initialize		CODE           	08E6	0000	32
		_SYSTEM_Initialize		CODE           	093A	0000	22

mcc_generated_files/mcc.c estimated size: 54

main.c
		_main          		CODE           	0920	0000	26

main.c estimated size: 26

