Microchip MPLAB XC8 Compiler V2.32

Linker command line:

-W-3 --edf=C:\Program Files\Microchip\xc8\v2.32\pic\dat\en_msgs.txt -cn \
  -h+dist/default/production\IDEMV2-1.X.production.sym \
  --cmf=dist/default/production\IDEMV2-1.X.production.cmf -z -Q18F25K50 \
  -oC:\Users\echev\AppData\Local\Temp\xcAsj20.4 --defsym=__MPLAB_BUILD=1 \
  -Mdist/default/production/IDEMV2-1.X.production.map -E1 -ver=XC8 Compiler \
  --acfsm=1493 -ASTACK=07Eh-07FFh -pstack=STACK -ACODE=00h-07FFFh \
  -ACONST=00h-07FFFh -ASMALLCONST=0800h-08FFhx120 \
  -AMEDIUMCONST=0800h-07FFFh -ACOMRAM=01h-05Fh -AABS1=00h-07FFh \
  -ABIGRAM=01h-07FFh -ARAM=060h-0FFh,0100h-01FFhx7 -ABANK0=060h-0FFh \
  -ABANK1=0100h-01FFh -ABANK2=0200h-02FFh -ABANK3=0300h-03FFh \
  -ABANK4=0400h-04FFh -ABANK5=0500h-05FFh -ABANK6=0600h-06FFh \
  -ABANK7=0700h-07FFh -ASFR=0F53h-0F5Fh,0F60h-0FFFh \
  -ACONFIG=0300000h-030000Dh -AIDLOC=0200000h-0200007h \
  -AEEDATA=0F00000h-0F000FFh -peeprom_data=EEDATA \
  -preset_vec=00h,intcode,intcodelo,powerup,init -pramtop=0800h \
  -psmallconst=SMALLCONST -pmediumconst=MEDIUMCONST -pconst=CONST \
  -AFARRAM=00h-00h \
  -prdata=COMRAM,nvrram=COMRAM,nvbit=COMRAM,rbss=COMRAM,rbit=COMRAM \
  -pfarbss=FARRAM,fardata=FARRAM,nvFARRAM=FARRAM \
  -pintsave_regs=BIGRAM,bigbss=BIGRAM,bigdata=BIGRAM -pbss=RAM \
  -pidata=CODE,irdata=CODE,ibigdata=CODE,ifardata=CODE -prparam=COMRAM \
  C:\Users\echev\AppData\Local\Temp\xcAsj20.o \
  dist/default/production\IDEMV2-1.X.production.o 

Object code version is 3.11

Machine type is 18F25K50



                Name                               Link     Load   Length Selector   Space Scale
C:\Users\echev\AppData\Local\Temp\xcAsj20.o
                idloc                            200000   200000        8        0       5
                config                           300000   300000        E        0       4
                init                                  0        0        4        0       0
dist/default/production\IDEMV2-1.X.production.o
                idloc                            200000   200000        8        0       5
                config                           300000   300000        E        0       4
                smallconst                          800      800       1C      400       0
                text17                              AF4      AF4       16      40E       0
                text16                              B30      B30        E      40E       0
                text15                              A36      A36       20      40E       0
                text14                              9E6      9E6       2E      40E       0
                text13                              B1E      B1E       12      40E       0
                text12                              912      912       48      40E       0
                text11                              B0A      B0A       14      40E       0
                text10                              A90      A90       1C      40E       0
                text9                               AC6      AC6       18      40E       0
                text8                               9A0      9A0       46      40E       0
                text7                               81C      81C       7C      40E       0
                text6                               95A      95A       46      40E       0
                text5                               A74      A74       1C      40E       0
                text4                               B3E      B3E        8      40E       0
                text3                               A56      A56       1E      40E       0
                text2                               AAC      AAC       1A      40E       0
                text1                               ADE      ADE       16      40E       0
                text0                               898      898       7A      40E       0
                cstackCOMRAM                         40       40        B        1       1
                bssBANK0                             60       60       1E       60       1
                bssCOMRAM                             1        1       3F        1       1
                cinit                               A14      A14       22      40E       0

TOTAL           Name                               Link     Load   Length     Space
        CLASS   STACK          

        CLASS   CODE           
                init                                  0        0        4         0
                text17                              AF4      AF4       16         0
                text16                              B30      B30        E         0
                text15                              A36      A36       20         0
                text14                              9E6      9E6       2E         0
                text13                              B1E      B1E       12         0
                text12                              912      912       48         0
                text11                              B0A      B0A       14         0
                text10                              A90      A90       1C         0
                text9                               AC6      AC6       18         0
                text8                               9A0      9A0       46         0
                text7                               81C      81C       7C         0
                text6                               95A      95A       46         0
                text5                               A74      A74       1C         0
                text4                               B3E      B3E        8         0
                text3                               A56      A56       1E         0
                text2                               AAC      AAC       1A         0
                text1                               ADE      ADE       16         0
                text0                               898      898       7A         0
                cinit                               A14      A14       22         0

        CLASS   CONST          

        CLASS   SMALLCONST     
                smallconst                          800      800       1C         0

        CLASS   MEDIUMCONST    

        CLASS   COMRAM         
                cstackCOMRAM                         40       40        B         1
                bssCOMRAM                             1        1       3F         1

        CLASS   ABS1           

        CLASS   BIGRAM         

        CLASS   RAM            

        CLASS   BANK0          
                bssBANK0                             60       60       1E         1

        CLASS   BANK1          

        CLASS   BANK2          

        CLASS   BANK3          

        CLASS   BANK4          

        CLASS   BANK5          

        CLASS   BANK6          

        CLASS   BANK7          

        CLASS   SFR            

        CLASS   CONFIG         
                config                           300000   300000        E         4

        CLASS   IDLOC          
                idloc                            200000   200000        8         5

        CLASS   EEDATA         

        CLASS   FARRAM         



SEGMENTS        Name                           Load    Length   Top    Selector   Space  Class

                reset_vec                      000000  000004  000004         0       0  CODE    
                bssCOMRAM                      000001  00004A  00004B         1       1  COMRAM  
                bssBANK0                       000060  00001E  00007E        60       1  BANK0   
                smallconst                     000800  00001C  00081C       400       0  SMALLCON
                text7                          00081C  00032A  000B46       40E       0  CODE    


UNUSED ADDRESS RANGES

        Name                Unused          Largest block    Delta
        BANK0            00007E-0000FF               82
        BANK1            000100-0001FF              100
        BANK2            000200-0002FF              100
        BANK3            000300-0003FF              100
        BANK4            000400-0004FF              100
        BANK5            000500-0005FF              100
        BANK6            000600-0006FF              100
        BANK7            000700-0007FF              100
        BIGRAM           00004B-00005F               15
                         00007E-0007FF              782
        CODE             000004-0007FF              7FC
                         000B46-007FFF             74BA
        COMRAM           00004B-00005F               15
        CONST            000004-0007FF              7FC
                         000B46-007FFF             74BA
        EEDATA           F00000-F000FF              100
        MEDIUMCONST      000B46-007FFF             74BA
        RAM              00007E-0007FF              100
        SFR              000F53-000FFF                D
        SMALLCONST       000B46-007FFF              100
        STACK            00007E-0007FF              782

                                  Symbol Table

_ACTCON                             (abs)        000FB5
_ADCON0                             (abs)        000FC2
_ADCON0bits                         (abs)        000FC2
_ADCON1                             (abs)        000FC1
_ADCON2                             (abs)        000FC0
_ADC_Initialize                     text17       000AF4
_ADC_InterruptHandler               bssCOMRAM    000015
_ADRESH                             (abs)        000FC4
_ADRESL                             (abs)        000FC3
_ANSELA                             (abs)        000F5B
_ANSELB                             (abs)        000F5C
_ANSELC                             (abs)        000F5D
_BAUDCON1                           (abs)        000FB8
_CCP2CON                            (abs)        000F97
_CCP2_Initialize                    text16       000B30
_CCPR2H                             (abs)        000F91
_CCPR2L                             (abs)        000F90
_EUSART1_DefaultErrorHandler        (abs)        000000
_EUSART1_DefaultFramingErrorHandler (abs)        000000
_EUSART1_DefaultOverrunErrorHandler (abs)        000000
_EUSART1_ErrorHandler               bssCOMRAM    000017
_EUSART1_FramingErrorHandler        bssCOMRAM    00001B
_EUSART1_OverrunErrorHandler        bssCOMRAM    000019
_INTCON2bits                        (abs)        000FF1
_INTCONbits                         (abs)        000FF2
_LATA                               (abs)        000F89
_LATA5                              (abs)        007C4D
_LATB                               (abs)        000F8A
_LATB0                              (abs)        007C50
_LATBbits                           (abs)        000F8A
_LATC                               (abs)        000F8B
_LATCbits                           (abs)        000F8B
_OSCCON                             (abs)        000FD3
_OSCCON2                            (abs)        000FD2
_OSCILLATOR_Initialize              text15       000A36
_OSCTUNE                            (abs)        000F9B
_PIN_MANAGER_Initialize             text14       0009E6
_PIR1bits                           (abs)        000F9E
_PLLRDY                             (abs)        007E97
_PORTAbits                          (abs)        000F80
_PORTBbits                          (abs)        000F81
_RCREG1                             (abs)        000FAE
_RCSTA1                             (abs)        000FAB
_RCSTA1bits                         (abs)        000FAB
_SPBRG1                             (abs)        000FAF
_SPBRGH1                            (abs)        000FB0
_SYSTEM_Initialize                  text13       000B1E
_TRISA                              (abs)        000F92
_TRISB                              (abs)        000F93
_TRISBbits                          (abs)        000F93
_TRISC                              (abs)        000F94
_TRISCbits                          (abs)        000F94
_TXREG1                             (abs)        000FAD
_TXSTA1                             (abs)        000FAC
_TXSTA1bits                         (abs)        000FAC
_WPUB                               (abs)        000F85
__HRAM                              (abs)        000000
__Habs1                             abs1         000000
__Hbank0                            bank0        000000
__Hbank1                            bank1        000000
__Hbank2                            bank2        000000
__Hbank3                            bank3        000000
__Hbank4                            bank4        000000
__Hbank5                            bank5        000000
__Hbank6                            bank6        000000
__Hbank7                            bank7        000000
__Hbigbss                           bigbss       000000
__Hbigdata                          bigdata      000000
__Hbigram                           bigram       000000
__Hbss                              bss          000000
__HbssBANK0                         bssBANK0     000000
__HbssCOMRAM                        bssCOMRAM    000000
__Hcinit                            cinit        000000
__Hclrtext                          clrtext      000000
__Hcomram                           comram       000000
__Hconfig                           config       30000E
__Hconst                            const        000000
__HcstackCOMRAM                     cstackCOMRAM 000000
__Hdata                             data         000000
__Heeprom_data                      eeprom_data  000000
__Hfarbss                           farbss       000000
__Hfardata                          fardata      000000
__Hibigdata                         ibigdata     000000
__Hidata                            idata        000000
__Hidloc                            idloc        200008
__Hifardata                         ifardata     000000
__Hinit                             init         000004
__Hintcode                          intcode      000000
__Hintcode_body                     intcode_body 000000
__Hintcodelo                        intcodelo    000000
__Hintentry                         intentry     000000
__Hintret                           intret       000000
__Hintsave_regs                     intsave_regs 000000
__Hirdata                           irdata       000000
__Hmediumconst                      mediumconst  000000
__HnvFARRAM                         nvFARRAM     000000
__Hnvbit                            nvbit        000000
__Hnvrram                           nvrram       000000
__Hparam                            rparam       000000
__Hpowerup                          powerup      000000
__Hram                              ram          000000
__Hramtop                           ramtop       000800
__Hrbit                             rbit         000000
__Hrbss                             rbss         000000
__Hrdata                            rdata        000000
__Hreset_vec                        reset_vec    000000
__Hrparam                           rparam       000000
__Hsfr                              sfr          000000
__Hsmallconst                       smallconst   00081C
__Hspace_0                          (abs)        000B46
__Hspace_1                          (abs)        00007E
__Hspace_2                          (abs)        000000
__Hspace_4                          (abs)        60000E
__Hstack                            stack        000000
__Hstruct                           struct       000000
__Htemp                             temp         000000
__Htext                             text         000000
__Htext0                            text0        000000
__Htext1                            text1        000000
__Htext10                           text10       000000
__Htext11                           text11       000000
__Htext12                           text12       000000
__Htext13                           text13       000000
__Htext14                           text14       000000
__Htext15                           text15       000000
__Htext16                           text16       000000
__Htext17                           text17       000000
__Htext2                            text2        000000
__Htext3                            text3        000000
__Htext4                            text4        000000
__Htext5                            text5        000000
__Htext6                            text6        000000
__Htext7                            text7        000000
__Htext8                            text8        000000
__Htext9                            text9        000000
__LRAM                              (abs)        000001
__Labs1                             abs1         000000
__Lbank0                            bank0        000000
__Lbank1                            bank1        000000
__Lbank2                            bank2        000000
__Lbank3                            bank3        000000
__Lbank4                            bank4        000000
__Lbank5                            bank5        000000
__Lbank6                            bank6        000000
__Lbank7                            bank7        000000
__Lbigbss                           bigbss       000000
__Lbigdata                          bigdata      000000
__Lbigram                           bigram       000000
__Lbss                              bss          000000
__LbssBANK0                         bssBANK0     000000
__LbssCOMRAM                        bssCOMRAM    000000
__Lcinit                            cinit        000000
__Lclrtext                          clrtext      000000
__Lcomram                           comram       000000
__Lconfig                           config       000000
__Lconst                            const        000000
__LcstackCOMRAM                     cstackCOMRAM 000000
__Ldata                             data         000000
__Leeprom_data                      eeprom_data  000000
__Lfarbss                           farbss       000000
__Lfardata                          fardata      000000
__Libigdata                         ibigdata     000000
__Lidata                            idata        000000
__Lidloc                            idloc        000000
__Lifardata                         ifardata     000000
__Linit                             init         000000
__Lintcode                          intcode      000000
__Lintcode_body                     intcode_body 000000
__Lintcodelo                        intcodelo    000000
__Lintentry                         intentry     000000
__Lintret                           intret       000000
__Lintsave_regs                     intsave_regs 000000
__Lirdata                           irdata       000000
__Lmediumconst                      mediumconst  000000
__LnvFARRAM                         nvFARRAM     000000
__Lnvbit                            nvbit        000000
__Lnvrram                           nvrram       000000
__Lparam                            rparam       000000
__Lpowerup                          powerup      000000
__Lram                              ram          000000
__Lramtop                           ramtop       000800
__Lrbit                             rbit         000000
__Lrbss                             rbss         000000
__Lrdata                            rdata        000000
__Lreset_vec                        reset_vec    000000
__Lrparam                           rparam       000000
__Lsfr                              sfr          000000
__Lsmallconst                       smallconst   000800
__Lspace_0                          (abs)        000000
__Lspace_1                          (abs)        000000
__Lspace_2                          (abs)        000000
__Lspace_4                          (abs)        000000
__Lstack                            stack        000000
__Lstruct                           struct       000000
__Ltemp                             temp         000000
__Ltext                             text         000000
__Ltext0                            text0        000000
__Ltext1                            text1        000000
__Ltext10                           text10       000000
__Ltext11                           text11       000000
__Ltext12                           text12       000000
__Ltext13                           text13       000000
__Ltext14                           text14       000000
__Ltext15                           text15       000000
__Ltext16                           text16       000000
__Ltext17                           text17       000000
__Ltext2                            text2        000000
__Ltext3                            text3        000000
__Ltext4                            text4        000000
__Ltext5                            text5        000000
__Ltext6                            text6        000000
__Ltext7                            text7        000000
__Ltext8                            text8        000000
__Ltext9                            text9        000000
__S0                                (abs)        000B46
__S1                                (abs)        00007E
__S2                                (abs)        000000
__S4                                (abs)        000000
__S5                                (abs)        000000
___inthi_sp                         stack        000000
___intlo_sp                         stack        000000
___param_bank                       (abs)        000000
___rparam_used                      (abs)        000001
___sp                               stack        000000
__accesstop                         (abs)        000060
__activetblptr                      (abs)        000002
__end_of_ADC_Initialize             text17       000B0A
__end_of_CCP2_Initialize            text16       000B3E
__end_of_OSCILLATOR_Initialize      text15       000A56
__end_of_PIN_MANAGER_Initialize     text14       000A14
__end_of_SYSTEM_Initialize          text13       000B30
__end_of__initialization            cinit        000A2C
__end_of_direccion_rx               smallconst   000806
__end_of_direccion_tx               smallconst   00080B
__end_of_flush_TX_RX                text9        000ADE
__end_of_get_Status                 text4        000B46
__end_of_main                       text0        000912
__end_of_nrF2401_init_RX            text7        000898
__end_of_nrf2401_comando            text11       000B1E
__end_of_nrf2401_direccion_TX_RX    text8        0009E6
__end_of_nrf2401_haydatos           text3        000A74
__end_of_nrf2401_read               text5        000A90
__end_of_nrf2401_recibe             text2        000AC6
__end_of_nrf2401_write              text10       000AAC
__end_of_spi_s_init                 text1        000AF4
__end_of_spi_s_read                 text6        0009A0
__end_of_spi_s_write                text12       00095A
__initialization                    cinit        000A14
__mediumconst                       mediumconst  000000
__pbssBANK0                         bssBANK0     000060
__pbssCOMRAM                        bssCOMRAM    000001
__pcinit                            cinit        000A14
__pcstackCOMRAM                     cstackCOMRAM 000040
__psmallconst                       smallconst   000800
__ptext0                            text0        000898
__ptext1                            text1        000ADE
__ptext10                           text10       000A90
__ptext11                           text11       000B0A
__ptext12                           text12       000912
__ptext13                           text13       000B1E
__ptext14                           text14       0009E6
__ptext15                           text15       000A36
__ptext16                           text16       000B30
__ptext17                           text17       000AF4
__ptext2                            text2        000AAC
__ptext3                            text3        000A56
__ptext4                            text4        000B3E
__ptext5                            text5        000A74
__ptext6                            text6        00095A
__ptext7                            text7        00081C
__ptext8                            text8        0009A0
__ptext9                            text9        000AC6
__ramtop                            ramtop       000800
__size_of_ADC_Initialize            (abs)        000000
__size_of_CCP2_Initialize           (abs)        000000
__size_of_OSCILLATOR_Initialize     (abs)        000000
__size_of_PIN_MANAGER_Initialize    (abs)        000000
__size_of_SYSTEM_Initialize         (abs)        000000
__size_of_flush_TX_RX               (abs)        000000
__size_of_get_Status                (abs)        000000
__size_of_main                      (abs)        000000
__size_of_nrF2401_init_RX           (abs)        000000
__size_of_nrf2401_comando           (abs)        000000
__size_of_nrf2401_direccion_TX_RX   (abs)        000000
__size_of_nrf2401_haydatos          (abs)        000000
__size_of_nrf2401_read              (abs)        000000
__size_of_nrf2401_recibe            (abs)        000000
__size_of_nrf2401_write             (abs)        000000
__size_of_spi_s_init                (abs)        000000
__size_of_spi_s_read                (abs)        000000
__size_of_spi_s_write               (abs)        000000
__smallconst                        smallconst   000800
_dato_serial                        bssCOMRAM    000020
_datorx                             bssCOMRAM    00001E
_direccion_rx                       smallconst   000801
_direccion_tx                       smallconst   000806
_eusart1RxLastError                 bssCOMRAM    000021
_flag_rx                            bssCOMRAM    00001D
_flush_TX_RX                        text9        000AC6
_get_Status                         text4        000B3E
_main                               text0        000898
_nrF2401_init_RX                    text7        00081C
_nrf2401_comando                    text11       000B0A
_nrf2401_direccion_TX_RX            text8        0009A0
_nrf2401_haydatos                   text3        000A56
_nrf2401_read                       text5        000A74
_nrf2401_recibe                     text2        000AAC
_nrf2401_write                      text10       000A90
_procesa                            bssBANK0     000060
_puntero                            bssCOMRAM    00001F
_spi_s_init                         text1        000ADE
_spi_s_read                         text6        00095A
_spi_s_write                        text12       000912
_texto                              bssCOMRAM    000001
_trama                              bssCOMRAM    000022
end_of_initialization               cinit        000A2C
intlevel0                           text         000000
intlevel1                           text         000000
intlevel2                           text         000000
intlevel3                           text         000000
isa$std                             (abs)        000001
isa$xinst                           (abs)        000000
nrF2401_init_RX@canal               cstackCOMRAM 000048
nrf2401_comando@comando             cstackCOMRAM 000042
nrf2401_direccion_TX_RX@cont_s      cstackCOMRAM 000047
nrf2401_direccion_TX_RX@direccion_  cstackCOMRAM 000042
nrf2401_direccion_TX_RX@registro    cstackCOMRAM 000044
nrf2401_read@dato_                  cstackCOMRAM 000043
nrf2401_read@reg                    cstackCOMRAM 000042
nrf2401_recibe@valor_               cstackCOMRAM 000042
nrf2401_write@reg                   cstackCOMRAM 000043
nrf2401_write@valor                 cstackCOMRAM 000042
spi_s_read@cont_s                   cstackCOMRAM 000041
spi_s_read@dato_                    cstackCOMRAM 000040
spi_s_write@cont_s                  cstackCOMRAM 000041
spi_s_write@dato_                   cstackCOMRAM 000040
stackhi                             (abs)        0007FF
stacklo                             (abs)        00007E
start                               init         000000
start_initialization                cinit        000A14


MODULE INFORMATION

Module		Function		Class		Link	Load	Size
mcc_generated_files/pin_manager.c
		_PIN_MANAGER_Initialize		CODE           	09E6	0000	46

mcc_generated_files/pin_manager.c estimated size: 46

mcc_generated_files/adc.c
		_ADC_Initialize		CODE           	0AF4	0000	22

mcc_generated_files/adc.c estimated size: 22

mcc_generated_files/ccp2.c
		_CCP2_Initialize		CODE           	0B30	0000	14

mcc_generated_files/ccp2.c estimated size: 14

./Librerias/nRF24L01_2.h
		_spi_s_init    		CODE           	0ADE	0000	22
		_nrf2401_comando		CODE           	0B0A	0000	20
		_nrf2401_direccion_TX_RX		CODE           	09A0	0000	70
		_spi_s_read    		CODE           	095A	0000	70
		_get_Status    		CODE           	0B3E	0000	8
		_nrf2401_read  		CODE           	0A74	0000	28
		_nrF2401_init_RX		CODE           	081C	0000	124
		_nrf2401_write 		CODE           	0A90	0000	28
		_spi_s_write   		CODE           	0912	0000	72
		_nrf2401_haydatos		CODE           	0A56	0000	30
		_flush_TX_RX   		CODE           	0AC6	0000	24
		_nrf2401_recibe		CODE           	0AAC	0000	26

./Librerias/nRF24L01_2.h estimated size: 522

shared
		_direccion_rx  		SMALLCONST     	0801	0000	5
		_direccion_tx  		SMALLCONST     	0806	0000	5
		__initialization		CODE           	0A14	0000	24

shared estimated size: 34

mcc_generated_files/mcc.c
		_OSCILLATOR_Initialize		CODE           	0A36	0000	32
		_SYSTEM_Initialize		CODE           	0B1E	0000	18

mcc_generated_files/mcc.c estimated size: 50

main.c
		_main          		CODE           	0898	0000	122

main.c estimated size: 122

