Microchip MPLAB XC8 Compiler V2.32

Linker command line:

-W-3 --edf=C:\Program Files\Microchip\xc8\v2.32\pic\dat\en_msgs.txt -cn \
  -h+dist/default/production\IDEMV2-1.X.production.sym \
  --cmf=dist/default/production\IDEMV2-1.X.production.cmf -z -Q18F25K50 \
  -oC:\Users\echev\AppData\Local\Temp\xcAsm80.4 --defsym=__MPLAB_BUILD=1 \
  -Mdist/default/production/IDEMV2-1.X.production.map -E1 -ver=XC8 Compiler \
  --acfsm=1493 -ASTACK=019Ch-07FFh -pstack=STACK -ACODE=00h-07FFFh \
  -ACONST=00h-07FFFh -ASMALLCONST=0800h-08FFhx120 \
  -AMEDIUMCONST=0800h-07FFFh -ACOMRAM=01h-05Fh -AABS1=00h-07FFh \
  -ABIGRAM=01h-07FFh -ARAM=060h-0FFh,0100h-01FFhx7 -ABANK0=060h-0FFh \
  -ABANK1=0100h-01FFh -ABANK2=0200h-02FFh -ABANK3=0300h-03FFh \
  -ABANK4=0400h-04FFh -ABANK5=0500h-05FFh -ABANK6=0600h-06FFh \
  -ABANK7=0700h-07FFh -ASFR=0F53h-0F5Fh,0F60h-0FFFh \
  -ACONFIG=0300000h-030000Dh -AIDLOC=0200000h-0200007h \
  -AEEDATA=0F00000h-0F000FFh -peeprom_data=EEDATA \
  -preset_vec=00h,intcode,intcodelo,powerup,init -pramtop=0800h \
  -psmallconst=SMALLCONST -pmediumconst=MEDIUMCONST -pconst=CONST \
  -AFARRAM=00h-00h \
  -prdata=COMRAM,nvrram=COMRAM,nvbit=COMRAM,rbss=COMRAM,rbit=COMRAM \
  -pfarbss=FARRAM,fardata=FARRAM,nvFARRAM=FARRAM \
  -pintsave_regs=BIGRAM,bigbss=BIGRAM,bigdata=BIGRAM -pbss=RAM \
  -pidata=CODE,irdata=CODE,ibigdata=CODE,ifardata=CODE -prparam=COMRAM \
  C:\Users\echev\AppData\Local\Temp\xcAsm80.o \
  dist/default/production\IDEMV2-1.X.production.o 

Object code version is 3.11

Machine type is 18F25K50



                Name                               Link     Load   Length Selector   Space Scale
C:\Users\echev\AppData\Local\Temp\xcAsm80.o
                idloc                            200000   200000        8        0       5
                config                           300000   300000        E        0       4
                init                                  0        0        4        0       0
dist/default/production\IDEMV2-1.X.production.o
                idloc                            200000   200000        8        0       5
                config                           300000   300000        E        0       4
                smallconst                          800      800       5C      400       0
                text71                             6006     6006       16      42E       0
                text70                             5E70     5E70       30      42E       0
                text69                             5ECE     5ECE       28      42E       0
                text68                             5FF0     5FF0       16      42E       0
                text67                             6030     6030        E      42E       0
                text66                             6068     6068        A     3025       0
                text65                             605E     605E        A     3025       0
                text64                             6054     6054        A     3025       0
                text63                             5C74     5C74       40      42E       0
                text62                             5F1C     5F1C       20      42E       0
                text61                             5EA0     5EA0       2E      42E       0
                text60                             5FDA     5FDA       16      42E       0
                text59                             5CF0     5CF0       3A      42E       0
                text58                             325E     325E      39A      42E       0
                text57                             4FFA     4FFA      104      42E       0
                text56                             2E34     2E34      42A      42E       0
                text55                             2974     2974      4C0      42E       0
                text54                             5B6A     5B6A       46      42E       0
                text53                             43A6     43A6      1B4      42E       0
                text52                             41CC     41CC      1DA      42E       0
                text51                             5A96     5A96       48      42E       0
                text50                             601C     601C       14      42E       0
                text49                             5F76     5F76       1C      42E       0
                text48                             5FAC     5FAC       18      42E       0
                text47                             5B24     5B24       46      42E       0
                text46                             5844     5844       7C      42E       0
                text45                             5ADE     5ADE       46      42E       0
                text44                             5F5A     5F5A       1C      42E       0
                text43                             6072     6072        8     3025       0
                text42                             5F3C     5F3C       1E      42E       0
                text41                             5F92     5F92       1A      42E       0
                text40                             5EF6     5EF6       26      42E       0
                text39                             5DD2     5DD2       38      42E       0
                text38                             5A44     5A44       52      42E       0
                text37                             455A     455A      190      42E       0
                text36                             604A     604A        A     3025       0
                text35                             5496     5496       CA      42E       0
                text34                             52EC     52EC       DA      42E       0
                text33                             46EA     46EA      188      42E       0
                text32                             49F8     49F8      164      42E       0
                text31                             5C34     5C34       40      42E       0
                text30                             5BB0     5BB0       44      42E       0
                text29                             5E0A     5E0A       36      42E       0
                text28                             5560     5560       C6      42E       0
                text27                             35F8     35F8      2EA      42E       0
                text26                             5626     5626       C4      42E       0
                text25                             56EA     56EA       B0      42E       0
                text24                             579A     579A       AA      42E       0
                text23                             5D9A     5D9A       38      42E       0
                text22                             4EF4     4EF4      106      42E       0
                text21                             50FE     50FE       FE      42E       0
                text20                             3BC2     3BC2      212      42E       0
                text19                             59E8     59E8       5C      42E       0
                text18                             5D62     5D62       38      42E       0
                text17                             592A     592A       60      42E       0
                text16                             1D14     1D14      C60      42E       0
                text15                             3FDA     3FDA      1F2      42E       0
                text14                             4872     4872      186      42E       0
                text13                             4DDA     4DDA      11A      42E       0
                text12                             51FC     51FC       F0      42E       0
                text11                             53C6     53C6       D0      42E       0
                text10                             3DD4     3DD4      206      42E       0
                text9                              5CB4     5CB4       3C      42E       0
                text8                              5D2A     5D2A       38      42E       0
                text7                              598A     598A       5E      42E       0
                text6                              38E2     38E2      2E0      42E       0
                text5                               85C      85C     14B8      42E       0
                text4                              58C0     58C0       6A      42E       0
                text3                              4CBE     4CBE      11C      42E       0
                text2                              5E40     5E40       30      42E       0
                text1                              5FC4     5FC4       16      42E       0
                text0                              4B5C     4B5C      162      42E       0
                cstackCOMRAM                          1        1       5E        1       1
                cstackBANK0                          60       60       9D       60       1
                dataBANK1                           191      191        B      100       1
                bssBANK1                            100      100       91      100       1
                bssBANK0                             FD       FD        3       60       1
                bitbssCOMRAM                        2F8       5F        2        1       1     8
                cinit                              5BF4     5BF4       40      42E       0
                idataBANK1                         603E     603E        B      42E       0

TOTAL           Name                               Link     Load   Length     Space
        CLASS   STACK          

        CLASS   CODE           
                init                                  0        0        4         0
                text71                             6006     6006       16         0
                text70                             5E70     5E70       30         0
                text69                             5ECE     5ECE       28         0
                text68                             5FF0     5FF0       16         0
                text67                             6030     6030        E         0
                text66                             6068     6068        A         0
                text65                             605E     605E        A         0
                text64                             6054     6054        A         0
                text63                             5C74     5C74       40         0
                text62                             5F1C     5F1C       20         0
                text61                             5EA0     5EA0       2E         0
                text60                             5FDA     5FDA       16         0
                text59                             5CF0     5CF0       3A         0
                text58                             325E     325E      39A         0
                text57                             4FFA     4FFA      104         0
                text56                             2E34     2E34      42A         0
                text55                             2974     2974      4C0         0
                text54                             5B6A     5B6A       46         0
                text53                             43A6     43A6      1B4         0
                text52                             41CC     41CC      1DA         0
                text51                             5A96     5A96       48         0
                text50                             601C     601C       14         0
                text49                             5F76     5F76       1C         0
                text48                             5FAC     5FAC       18         0
                text47                             5B24     5B24       46         0
                text46                             5844     5844       7C         0
                text45                             5ADE     5ADE       46         0
                text44                             5F5A     5F5A       1C         0
                text43                             6072     6072        8         0
                text42                             5F3C     5F3C       1E         0
                text41                             5F92     5F92       1A         0
                text40                             5EF6     5EF6       26         0
                text39                             5DD2     5DD2       38         0
                text38                             5A44     5A44       52         0
                text37                             455A     455A      190         0
                text36                             604A     604A        A         0
                text35                             5496     5496       CA         0
                text34                             52EC     52EC       DA         0
                text33                             46EA     46EA      188         0
                text32                             49F8     49F8      164         0
                text31                             5C34     5C34       40         0
                text30                             5BB0     5BB0       44         0
                text29                             5E0A     5E0A       36         0
                text28                             5560     5560       C6         0
                text27                             35F8     35F8      2EA         0
                text26                             5626     5626       C4         0
                text25                             56EA     56EA       B0         0
                text24                             579A     579A       AA         0
                text23                             5D9A     5D9A       38         0
                text22                             4EF4     4EF4      106         0
                text21                             50FE     50FE       FE         0
                text20                             3BC2     3BC2      212         0
                text19                             59E8     59E8       5C         0
                text18                             5D62     5D62       38         0
                text17                             592A     592A       60         0
                text16                             1D14     1D14      C60         0
                text15                             3FDA     3FDA      1F2         0
                text14                             4872     4872      186         0
                text13                             4DDA     4DDA      11A         0
                text12                             51FC     51FC       F0         0
                text11                             53C6     53C6       D0         0
                text10                             3DD4     3DD4      206         0
                text9                              5CB4     5CB4       3C         0
                text8                              5D2A     5D2A       38         0
                text7                              598A     598A       5E         0
                text6                              38E2     38E2      2E0         0
                text5                               85C      85C     14B8         0
                text4                              58C0     58C0       6A         0
                text3                              4CBE     4CBE      11C         0
                text2                              5E40     5E40       30         0
                text1                              5FC4     5FC4       16         0
                text0                              4B5C     4B5C      162         0
                cinit                              5BF4     5BF4       40         0
                idataBANK1                         603E     603E        B         0

        CLASS   CONST          

        CLASS   SMALLCONST     
                smallconst                          800      800       5C         0

        CLASS   MEDIUMCONST    

        CLASS   COMRAM         
                cstackCOMRAM                          1        1       5E         1
                bitbssCOMRAM                        2F8       5F        2         1

        CLASS   ABS1           

        CLASS   BIGRAM         

        CLASS   RAM            

        CLASS   BANK0          
                cstackBANK0                          60       60       9D         1
                bssBANK0                             FD       FD        3         1

        CLASS   BANK1          
                dataBANK1                           191      191        B         1
                bssBANK1                            100      100       91         1

        CLASS   BANK2          

        CLASS   BANK3          

        CLASS   BANK4          

        CLASS   BANK5          

        CLASS   BANK6          

        CLASS   BANK7          

        CLASS   SFR            

        CLASS   CONFIG         
                config                           300000   300000        E         4

        CLASS   IDLOC          
                idloc                            200000   200000        8         5

        CLASS   EEDATA         

        CLASS   FARRAM         



SEGMENTS        Name                           Load    Length   Top    Selector   Space  Class

                reset_vec                      000000  000004  000004         0       0  CODE    
                cstackCOMRAM                   000001  00005F  000060         1       1  COMRAM  
                cstackBANK0                    000060  0000A0  000100        60       1  BANK0   
                bssBANK1                       000100  00009C  00019C       100       1  BANK1   
                smallconst                     000800  00005C  00085C       400       0  SMALLCON
                text5                          00085C  0057ED  006049       42E       0  CODE    
                text36                         00604A  000030  00607A      3025       0  CODE    


UNUSED ADDRESS RANGES

        Name                Unused          Largest block    Delta
        BANK1            00019C-0001FF               64
        BANK2            000200-0002FF              100
        BANK3            000300-0003FF              100
        BANK4            000400-0004FF              100
        BANK5            000500-0005FF              100
        BANK6            000600-0006FF              100
        BANK7            000700-0007FF              100
        BIGRAM           00019C-0007FF              664
        CODE             000004-0007FF              7FC
                         006049-006049                1
                         00607A-007FFF             1F86
        CONST            000004-0007FF              7FC
                         006049-006049                1
                         00607A-007FFF             1F86
        EEDATA           F00000-F000FF              100
        MEDIUMCONST      006049-006049                1
                         00607A-007FFF             1F86
        RAM              00019C-0007FF              100
        SFR              000F53-000FFF                D
        SMALLCONST       006049-006049                1
                         00607A-007FFF              100
        STACK            00019C-0007FF              664

                                  Symbol Table

?_ADC_GetConversion                             cstackCOMRAM 000001
?___aodiv                                       cstackCOMRAM 000001
?___aomod                                       cstackCOMRAM 000001
?___awdiv                                       cstackCOMRAM 000001
?___awmod                                       cstackCOMRAM 000001
?___fladd                                       cstackCOMRAM 000001
?___fldiv                                       cstackCOMRAM 000030
?___flmul                                       cstackCOMRAM 00000F
?___flneg                                       cstackCOMRAM 000001
?___flsub                                       cstackCOMRAM 000028
?___fltol                                       cstackCOMRAM 000001
?___fpclassifyf                                 cstackCOMRAM 000001
?___lodiv                                       cstackCOMRAM 000001
?___lomod                                       cstackCOMRAM 000001
?___wmul                                        cstackCOMRAM 000001
?___xxtofl                                      cstackCOMRAM 000001
?_abs                                           cstackCOMRAM 000013
?_atoi                                          cstackCOMRAM 000008
?_ctoa                                          cstackCOMRAM 00000C
?_dtoa                                          cstackCOMRAM 00001E
?_efgtoa                                        cstackBANK0  000060
?_floorf                                        cstackCOMRAM 000049
?_get_corriente_AC                              cstackCOMRAM 000049
?_isalpha                                       cstackCOMRAM 000001
?_isdigit                                       cstackCOMRAM 000001
?_islower                                       cstackCOMRAM 000001
?_isspace                                       cstackCOMRAM 000001
?_isupper                                       cstackCOMRAM 000001
?_otoa                                          cstackCOMRAM 00001E
?_pad                                           cstackCOMRAM 000013
?_snprintf                                      cstackBANK0  0000EF
?_stoa                                          cstackCOMRAM 00000C
?_strlen                                        cstackCOMRAM 000001
?_strncmp                                       cstackCOMRAM 000001
?_tolower                                       cstackCOMRAM 000007
?_toupper                                       cstackCOMRAM 000007
?_utoa                                          cstackCOMRAM 00001E
?_vfpfcnvrt                                     cstackBANK0  0000A4
?_vfprintf                                      cstackBANK0  0000D2
?_vsnprintf                                     cstackBANK0  0000D8
?_xtoa                                          cstackCOMRAM 00001E
ADC_GetConversion@channel                       cstackCOMRAM 000005
EUSART1_SetErrorHandler@interruptHandler        cstackCOMRAM 000001
EUSART1_SetFramingErrorHandler@interruptHandler cstackCOMRAM 000001
EUSART1_SetOverrunErrorHandler@interruptHandler cstackCOMRAM 000001
EUSART1_Write@txData                            cstackCOMRAM 000001
EUSART1_Write_string@data                       cstackCOMRAM 000002
_ACTCON                                         (abs)        000FB5
_ADCON0                                         (abs)        000FC2
_ADCON0bits                                     (abs)        000FC2
_ADCON1                                         (abs)        000FC1
_ADCON2                                         (abs)        000FC0
_ADC_GetConversion                              text59       005CF0
_ADC_Initialize                                 text68       005FF0
_ADC_InterruptHandler                           bssBANK1     00012A
_ADRESH                                         (abs)        000FC4
_ADRESL                                         (abs)        000FC3
_ANSELA                                         (abs)        000F5B
_ANSELB                                         (abs)        000F5C
_ANSELC                                         (abs)        000F5D
_BAUDCON1                                       (abs)        000FB8
_CCP2CON                                        (abs)        000F97
_CCP2_Initialize                                text67       006030
_CCPR2H                                         (abs)        000F91
_CCPR2L                                         (abs)        000F90
_EUSART1_DefaultErrorHandler                    (abs)        000000
_EUSART1_DefaultFramingErrorHandler             (abs)        000000
_EUSART1_DefaultOverrunErrorHandler             (abs)        000000
_EUSART1_ErrorHandler                           bssBANK1     00012C
_EUSART1_FramingErrorHandler                    bssBANK1     000130
_EUSART1_Initialize                             text63       005C74
_EUSART1_OverrunErrorHandler                    bssBANK1     00012E
_EUSART1_SetErrorHandler                        text66       006068
_EUSART1_SetFramingErrorHandler                 text65       00605E
_EUSART1_SetOverrunErrorHandler                 text64       006054
_EUSART1_Write                                  text71       006006
_EUSART1_Write_string                           text70       005E70
_EUSART1_is_tx_ready                            text69       005ECE
_EUSART1_is_tx_ready$282                        cstackCOMRAM 000001
_I                                              bssBANK1     000118
_INTCON2bits                                    (abs)        000FF1
_INTCONbits                                     (abs)        000FF2
_I_max                                          bssBANK1     000114
_I_min                                          bssBANK1     000110
_I_rms                                          bssBANK1     00010C
_LATA                                           (abs)        000F89
_LATA5                                          (abs)        007C4D
_LATB                                           (abs)        000F8A
_LATBbits                                       (abs)        000F8A
_LATC                                           (abs)        000F8B
_LATCbits                                       (abs)        000F8B
_OSCCON                                         (abs)        000FD3
_OSCCON2                                        (abs)        000FD2
_OSCILLATOR_Initialize                          text62       005F1C
_OSCTUNE                                        (abs)        000F9B
_PIN_MANAGER_Initialize                         text61       005EA0
_PIR1bits                                       (abs)        000F9E
_PLLRDY                                         (abs)        007E97
_PORTBbits                                      (abs)        000F81
_RCREG1                                         (abs)        000FAE
_RCSTA1                                         (abs)        000FAB
_RCSTA1bits                                     (abs)        000FAB
_SPBRG1                                         (abs)        000FAF
_SPBRGH1                                        (abs)        000FB0
_SYSTEM_Initialize                              text60       005FDA
_TRISA                                          (abs)        000F92
_TRISB                                          (abs)        000F93
_TRISBbits                                      (abs)        000F93
_TRISC                                          (abs)        000F94
_TRISCbits                                      (abs)        000F94
_TXREG1                                         (abs)        000FAD
_TXSTA1                                         (abs)        000FAC
_TXSTA1bits                                     (abs)        000FAC
_WPUB                                           (abs)        000F85
__HRAM                                          (abs)        000000
__Habs1                                         abs1         000000
__Hbank0                                        bank0        000000
__Hbank1                                        bank1        000000
__Hbank2                                        bank2        000000
__Hbank3                                        bank3        000000
__Hbank4                                        bank4        000000
__Hbank5                                        bank5        000000
__Hbank6                                        bank6        000000
__Hbank7                                        bank7        000000
__Hbigbss                                       bigbss       000000
__Hbigdata                                      bigdata      000000
__Hbigram                                       bigram       000000
__HbitbssCOMRAM                                 bitbssCOMRAM 000000
__Hbss                                          bss          000000
__HbssBANK0                                     bssBANK0     000000
__HbssBANK1                                     bssBANK1     000000
__Hcinit                                        cinit        000000
__Hclrtext                                      clrtext      000000
__Hcomram                                       comram       000000
__Hconfig                                       config       30000E
__Hconst                                        const        000000
__HcstackBANK0                                  cstackBANK0  000000
__HcstackCOMRAM                                 cstackCOMRAM 000000
__Hdata                                         data         000000
__HdataBANK1                                    dataBANK1    000000
__Heeprom_data                                  eeprom_data  000000
__Hfarbss                                       farbss       000000
__Hfardata                                      fardata      000000
__Hibigdata                                     ibigdata     000000
__Hidata                                        idata        000000
__HidataBANK1                                   idataBANK1   000000
__Hidloc                                        idloc        200008
__Hifardata                                     ifardata     000000
__Hinit                                         init         000004
__Hintcode                                      intcode      000000
__Hintcode_body                                 intcode_body 000000
__Hintcodelo                                    intcodelo    000000
__Hintentry                                     intentry     000000
__Hintret                                       intret       000000
__Hintsave_regs                                 intsave_regs 000000
__Hirdata                                       irdata       000000
__Hmediumconst                                  mediumconst  000000
__HnvFARRAM                                     nvFARRAM     000000
__Hnvbit                                        nvbit        000000
__Hnvrram                                       nvrram       000000
__Hparam                                        rparam       000000
__Hpowerup                                      powerup      000000
__Hram                                          ram          000000
__Hramtop                                       ramtop       000800
__Hrbit                                         rbit         000000
__Hrbss                                         rbss         000000
__Hrdata                                        rdata        000000
__Hreset_vec                                    reset_vec    000000
__Hrparam                                       rparam       000000
__Hsfr                                          sfr          000000
__Hsmallconst                                   smallconst   00085C
__Hspace_0                                      (abs)        00607A
__Hspace_1                                      (abs)        0002FA
__Hspace_2                                      (abs)        000000
__Hspace_4                                      (abs)        60000E
__Hstack                                        stack        000000
__Hstruct                                       struct       000000
__Htemp                                         temp         000000
__Htext                                         text         000000
__Htext0                                        text0        000000
__Htext1                                        text1        000000
__Htext10                                       text10       000000
__Htext11                                       text11       000000
__Htext12                                       text12       000000
__Htext13                                       text13       000000
__Htext14                                       text14       000000
__Htext15                                       text15       000000
__Htext16                                       text16       000000
__Htext17                                       text17       000000
__Htext18                                       text18       000000
__Htext19                                       text19       000000
__Htext2                                        text2        000000
__Htext20                                       text20       000000
__Htext21                                       text21       000000
__Htext22                                       text22       000000
__Htext23                                       text23       000000
__Htext24                                       text24       000000
__Htext25                                       text25       000000
__Htext26                                       text26       000000
__Htext27                                       text27       000000
__Htext28                                       text28       000000
__Htext29                                       text29       000000
__Htext3                                        text3        000000
__Htext30                                       text30       000000
__Htext31                                       text31       000000
__Htext32                                       text32       000000
__Htext33                                       text33       000000
__Htext34                                       text34       000000
__Htext35                                       text35       000000
__Htext36                                       text36       000000
__Htext37                                       text37       000000
__Htext38                                       text38       000000
__Htext39                                       text39       000000
__Htext4                                        text4        000000
__Htext40                                       text40       000000
__Htext41                                       text41       000000
__Htext42                                       text42       000000
__Htext43                                       text43       000000
__Htext44                                       text44       000000
__Htext45                                       text45       000000
__Htext46                                       text46       000000
__Htext47                                       text47       000000
__Htext48                                       text48       000000
__Htext49                                       text49       000000
__Htext5                                        text5        000000
__Htext50                                       text50       000000
__Htext51                                       text51       000000
__Htext52                                       text52       000000
__Htext53                                       text53       000000
__Htext54                                       text54       000000
__Htext55                                       text55       000000
__Htext56                                       text56       000000
__Htext57                                       text57       000000
__Htext58                                       text58       000000
__Htext59                                       text59       000000
__Htext6                                        text6        000000
__Htext60                                       text60       000000
__Htext61                                       text61       000000
__Htext62                                       text62       000000
__Htext63                                       text63       000000
__Htext64                                       text64       000000
__Htext65                                       text65       000000
__Htext66                                       text66       000000
__Htext67                                       text67       000000
__Htext68                                       text68       000000
__Htext69                                       text69       000000
__Htext7                                        text7        000000
__Htext70                                       text70       000000
__Htext71                                       text71       000000
__Htext8                                        text8        000000
__Htext9                                        text9        000000
__LRAM                                          (abs)        000001
__Labs1                                         abs1         000000
__Lbank0                                        bank0        000000
__Lbank1                                        bank1        000000
__Lbank2                                        bank2        000000
__Lbank3                                        bank3        000000
__Lbank4                                        bank4        000000
__Lbank5                                        bank5        000000
__Lbank6                                        bank6        000000
__Lbank7                                        bank7        000000
__Lbigbss                                       bigbss       000000
__Lbigdata                                      bigdata      000000
__Lbigram                                       bigram       000000
__LbitbssCOMRAM                                 bitbssCOMRAM 000000
__Lbss                                          bss          000000
__LbssBANK0                                     bssBANK0     000000
__LbssBANK1                                     bssBANK1     000000
__Lcinit                                        cinit        000000
__Lclrtext                                      clrtext      000000
__Lcomram                                       comram       000000
__Lconfig                                       config       000000
__Lconst                                        const        000000
__LcstackBANK0                                  cstackBANK0  000000
__LcstackCOMRAM                                 cstackCOMRAM 000000
__Ldata                                         data         000000
__LdataBANK1                                    dataBANK1    000000
__Leeprom_data                                  eeprom_data  000000
__Lfarbss                                       farbss       000000
__Lfardata                                      fardata      000000
__Libigdata                                     ibigdata     000000
__Lidata                                        idata        000000
__LidataBANK1                                   idataBANK1   000000
__Lidloc                                        idloc        000000
__Lifardata                                     ifardata     000000
__Linit                                         init         000000
__Lintcode                                      intcode      000000
__Lintcode_body                                 intcode_body 000000
__Lintcodelo                                    intcodelo    000000
__Lintentry                                     intentry     000000
__Lintret                                       intret       000000
__Lintsave_regs                                 intsave_regs 000000
__Lirdata                                       irdata       000000
__Lmediumconst                                  mediumconst  000000
__LnvFARRAM                                     nvFARRAM     000000
__Lnvbit                                        nvbit        000000
__Lnvrram                                       nvrram       000000
__Lparam                                        rparam       000000
__Lpowerup                                      powerup      000000
__Lram                                          ram          000000
__Lramtop                                       ramtop       000800
__Lrbit                                         rbit         000000
__Lrbss                                         rbss         000000
__Lrdata                                        rdata        000000
__Lreset_vec                                    reset_vec    000000
__Lrparam                                       rparam       000000
__Lsfr                                          sfr          000000
__Lsmallconst                                   smallconst   000800
__Lspace_0                                      (abs)        000000
__Lspace_1                                      (abs)        000000
__Lspace_2                                      (abs)        000000
__Lspace_4                                      (abs)        000000
__Lstack                                        stack        000000
__Lstruct                                       struct       000000
__Ltemp                                         temp         000000
__Ltext                                         text         000000
__Ltext0                                        text0        000000
__Ltext1                                        text1        000000
__Ltext10                                       text10       000000
__Ltext11                                       text11       000000
__Ltext12                                       text12       000000
__Ltext13                                       text13       000000
__Ltext14                                       text14       000000
__Ltext15                                       text15       000000
__Ltext16                                       text16       000000
__Ltext17                                       text17       000000
__Ltext18                                       text18       000000
__Ltext19                                       text19       000000
__Ltext2                                        text2        000000
__Ltext20                                       text20       000000
__Ltext21                                       text21       000000
__Ltext22                                       text22       000000
__Ltext23                                       text23       000000
__Ltext24                                       text24       000000
__Ltext25                                       text25       000000
__Ltext26                                       text26       000000
__Ltext27                                       text27       000000
__Ltext28                                       text28       000000
__Ltext29                                       text29       000000
__Ltext3                                        text3        000000
__Ltext30                                       text30       000000
__Ltext31                                       text31       000000
__Ltext32                                       text32       000000
__Ltext33                                       text33       000000
__Ltext34                                       text34       000000
__Ltext35                                       text35       000000
__Ltext36                                       text36       000000
__Ltext37                                       text37       000000
__Ltext38                                       text38       000000
__Ltext39                                       text39       000000
__Ltext4                                        text4        000000
__Ltext40                                       text40       000000
__Ltext41                                       text41       000000
__Ltext42                                       text42       000000
__Ltext43                                       text43       000000
__Ltext44                                       text44       000000
__Ltext45                                       text45       000000
__Ltext46                                       text46       000000
__Ltext47                                       text47       000000
__Ltext48                                       text48       000000
__Ltext49                                       text49       000000
__Ltext5                                        text5        000000
__Ltext50                                       text50       000000
__Ltext51                                       text51       000000
__Ltext52                                       text52       000000
__Ltext53                                       text53       000000
__Ltext54                                       text54       000000
__Ltext55                                       text55       000000
__Ltext56                                       text56       000000
__Ltext57                                       text57       000000
__Ltext58                                       text58       000000
__Ltext59                                       text59       000000
__Ltext6                                        text6        000000
__Ltext60                                       text60       000000
__Ltext61                                       text61       000000
__Ltext62                                       text62       000000
__Ltext63                                       text63       000000
__Ltext64                                       text64       000000
__Ltext65                                       text65       000000
__Ltext66                                       text66       000000
__Ltext67                                       text67       000000
__Ltext68                                       text68       000000
__Ltext69                                       text69       000000
__Ltext7                                        text7        000000
__Ltext70                                       text70       000000
__Ltext71                                       text71       000000
__Ltext8                                        text8        000000
__Ltext9                                        text9        000000
__S0                                            (abs)        00607A
__S1                                            (abs)        00019C
__S2                                            (abs)        000000
__S4                                            (abs)        000000
__S5                                            (abs)        000000
___aodiv                                        text33       0046EA
___aodiv@counter                                cstackCOMRAM 000011
___aodiv@dividend                               cstackCOMRAM 000001
___aodiv@divisor                                cstackCOMRAM 000009
___aodiv@quotient                               cstackCOMRAM 000013
___aodiv@sign                                   cstackCOMRAM 000012
___aomod                                        text32       0049F8
___aomod@counter                                cstackCOMRAM 000011
___aomod@dividend                               cstackCOMRAM 000001
___aomod@divisor                                cstackCOMRAM 000009
___aomod@sign                                   cstackCOMRAM 000012
___awdiv                                        text26       005626
___awdiv@counter                                cstackCOMRAM 000005
___awdiv@dividend                               cstackCOMRAM 000001
___awdiv@divisor                                cstackCOMRAM 000003
___awdiv@quotient                               cstackCOMRAM 000007
___awdiv@sign                                   cstackCOMRAM 000006
___awmod                                        text25       0056EA
___awmod@counter                                cstackCOMRAM 000005
___awmod@dividend                               cstackCOMRAM 000001
___awmod@divisor                                cstackCOMRAM 000003
___awmod@sign                                   cstackCOMRAM 000006
___fladd                                        text55       002974
___fladd@a                                      cstackCOMRAM 000005
___fladd@aexp                                   cstackCOMRAM 00000E
___fladd@b                                      cstackCOMRAM 000001
___fladd@bexp                                   cstackCOMRAM 00000F
___fladd@grs                                    cstackCOMRAM 000010
___fladd@signs                                  cstackCOMRAM 00000D
___fldiv                                        text58       00325E
___fldiv@a                                      cstackCOMRAM 000034
___fldiv@aexp                                   cstackCOMRAM 000048
___fldiv@b                                      cstackCOMRAM 000030
___fldiv@bexp                                   cstackCOMRAM 000047
___fldiv@grs                                    cstackCOMRAM 000043
___fldiv@new_exp                                cstackCOMRAM 000041
___fldiv@rem                                    cstackCOMRAM 00003C
___fldiv@sign                                   cstackCOMRAM 000040
___fleq                                         text24       00579A
___fleq@ff1                                     cstackCOMRAM 000001
___fleq@ff2                                     cstackCOMRAM 000005
___flge                                         text57       004FFA
___flge@ff1                                     cstackCOMRAM 000028
___flge@ff2                                     cstackCOMRAM 00002C
___flmul                                        text56       002E34
___flmul@a                                      cstackCOMRAM 000013
___flmul@aexp                                   cstackCOMRAM 000020
___flmul@b                                      cstackCOMRAM 00000F
___flmul@bexp                                   cstackCOMRAM 000021
___flmul@grs                                    cstackCOMRAM 00001C
___flmul@prod                                   cstackCOMRAM 000022
___flmul@sign                                   cstackCOMRAM 00001B
___flmul@temp                                   cstackCOMRAM 000026
___flneg                                        text23       005D9A
___flneg@f1                                     cstackCOMRAM 000001
___flsub                                        text54       005B6A
___flsub@a                                      cstackCOMRAM 00002C
___flsub@b                                      cstackCOMRAM 000028
___fltol                                        text22       004EF4
___fltol@exp1                                   cstackCOMRAM 00000A
___fltol@f1                                     cstackCOMRAM 000001
___fltol@sign1                                  cstackCOMRAM 000009
___fpclassifyf                                  text21       0050FE
___fpclassifyf@F465                             bssBANK1     000104
___fpclassifyf@e                                cstackCOMRAM 000009
___fpclassifyf@u                                cstackCOMRAM 00000B
___fpclassifyf@x                                cstackCOMRAM 000001
___inthi_sp                                     stack        000000
___intlo_sp                                     stack        000000
___lodiv                                        text12       0051FC
___lodiv@counter                                cstackCOMRAM 000019
___lodiv@dividend                               cstackCOMRAM 000001
___lodiv@divisor                                cstackCOMRAM 000009
___lodiv@quotient                               cstackCOMRAM 000011
___lomod                                        text11       0053C6
___lomod@counter                                cstackCOMRAM 000011
___lomod@dividend                               cstackCOMRAM 000001
___lomod@divisor                                cstackCOMRAM 000009
___param_bank                                   (abs)        000000
___rparam_used                                  (abs)        000001
___sp                                           stack        000000
___wmul                                         text40       005EF6
___wmul@multiplicand                            cstackCOMRAM 000003
___wmul@multiplier                              cstackCOMRAM 000001
___wmul@product                                 cstackCOMRAM 000005
___xxtofl                                       text53       0043A6
___xxtofl@arg                                   cstackCOMRAM 00000B
___xxtofl@exp                                   cstackCOMRAM 00000A
___xxtofl@sign                                  cstackCOMRAM 000009
___xxtofl@val                                   cstackCOMRAM 000001
__accesstop                                     (abs)        000060
__activetblptr                                  (abs)        000002
__end_of_ADC_GetConversion                      text59       005D2A
__end_of_ADC_Initialize                         text68       006006
__end_of_CCP2_Initialize                        text67       00603E
__end_of_EUSART1_Initialize                     text63       005CB4
__end_of_EUSART1_SetErrorHandler                text66       006072
__end_of_EUSART1_SetFramingErrorHandler         text65       006068
__end_of_EUSART1_SetOverrunErrorHandler         text64       00605E
__end_of_EUSART1_Write                          text71       00601C
__end_of_EUSART1_Write_string                   text70       005EA0
__end_of_EUSART1_is_tx_ready                    text69       005EF6
__end_of_OSCILLATOR_Initialize                  text62       005F3C
__end_of_PIN_MANAGER_Initialize                 text61       005ECE
__end_of_SYSTEM_Initialize                      text60       005FF0
__end_of___aodiv                                text33       004872
__end_of___aomod                                text32       004B5C
__end_of___awdiv                                text26       0056EA
__end_of___awmod                                text25       00579A
__end_of___fladd                                text55       002E34
__end_of___fldiv                                text58       0035F8
__end_of___fleq                                 text24       005844
__end_of___flge                                 text57       0050FE
__end_of___flmul                                text56       00325E
__end_of___flneg                                text23       005DD2
__end_of___flsub                                text54       005BB0
__end_of___fltol                                text22       004FFA
__end_of___fpclassifyf                          text21       0051FC
__end_of___lodiv                                text12       0052EC
__end_of___lomod                                text11       005496
__end_of___wmul                                 text40       005F1C
__end_of___xxtofl                               text53       00455A
__end_of__initialization                        cinit        005C2A
__end_of_abs                                    text31       005C74
__end_of_atoi                                   text37       0046EA
__end_of_ctoa                                   text34       0053C6
__end_of_direccion_rx                           smallconst   000806
__end_of_direccion_tx                           smallconst   00080B
__end_of_dtoa                                   text27       0038E2
__end_of_efgtoa                                 text16       002974
__end_of_floorf                                 text20       003DD4
__end_of_flush_TX_RX                            text48       005FC4
__end_of_fputc                                  text35       005560
__end_of_fputs                                  text30       005BF4
__end_of_get_Status                             text43       00607A
__end_of_get_corriente_AC                       text52       0043A6
__end_of_isalpha                                text9        005CF0
__end_of_isdigit                                text39       005E0A
__end_of_islower                                text8        005D62
__end_of_isspace                                text38       005A96
__end_of_isupper                                text18       005D9A
__end_of_main                                   text0        004CBE
__end_of_nrF2401_init_RX                        text46       0058C0
__end_of_nrf2401_comando                        text50       006030
__end_of_nrf2401_direccion_TX_RX                text47       005B6A
__end_of_nrf2401_haydatos                       text42       005F5A
__end_of_nrf2401_read                           text44       005F76
__end_of_nrf2401_recibe                         text41       005FAC
__end_of_nrf2401_write                          text49       005F92
__end_of_otoa                                   text15       0041CC
__end_of_pad                                    text28       005626
__end_of_putch                                  text36       006054
__end_of_snprintf                               text2        005E70
__end_of_spi_s_init                             text1        005FDA
__end_of_spi_s_read                             text45       005B24
__end_of_spi_s_write                            text51       005ADE
__end_of_stoa                                   text14       0049F8
__end_of_strcpy                                 text19       005A44
__end_of_strlen                                 text29       005E40
__end_of_strncmp                                text13       004EF4
__end_of_tolower                                text17       00598A
__end_of_toupper                                text7        0059E8
__end_of_utoa                                   text10       003FDA
__end_of_vfpfcnvrt                              text5        001D14
__end_of_vfprintf                               text4        00592A
__end_of_vsnprintf                              text3        004DDA
__end_of_xtoa                                   text6        003BC2
__initialization                                cinit        005BF4
__mediumconst                                   mediumconst  000000
__pbitbssCOMRAM                                 bitbssCOMRAM 0002F8
__pbssBANK0                                     bssBANK0     0000FD
__pbssBANK1                                     bssBANK1     000100
__pcinit                                        cinit        005BF4
__pcstackBANK0                                  cstackBANK0  000060
__pcstackCOMRAM                                 cstackCOMRAM 000001
__pdataBANK1                                    dataBANK1    000191
__pidataBANK1                                   idataBANK1   00603E
__psmallconst                                   smallconst   000800
__ptext0                                        text0        004B5C
__ptext1                                        text1        005FC4
__ptext10                                       text10       003DD4
__ptext11                                       text11       0053C6
__ptext12                                       text12       0051FC
__ptext13                                       text13       004DDA
__ptext14                                       text14       004872
__ptext15                                       text15       003FDA
__ptext16                                       text16       001D14
__ptext17                                       text17       00592A
__ptext18                                       text18       005D62
__ptext19                                       text19       0059E8
__ptext2                                        text2        005E40
__ptext20                                       text20       003BC2
__ptext21                                       text21       0050FE
__ptext22                                       text22       004EF4
__ptext23                                       text23       005D9A
__ptext24                                       text24       00579A
__ptext25                                       text25       0056EA
__ptext26                                       text26       005626
__ptext27                                       text27       0035F8
__ptext28                                       text28       005560
__ptext29                                       text29       005E0A
__ptext3                                        text3        004CBE
__ptext30                                       text30       005BB0
__ptext31                                       text31       005C34
__ptext32                                       text32       0049F8
__ptext33                                       text33       0046EA
__ptext34                                       text34       0052EC
__ptext35                                       text35       005496
__ptext36                                       text36       00604A
__ptext37                                       text37       00455A
__ptext38                                       text38       005A44
__ptext39                                       text39       005DD2
__ptext4                                        text4        0058C0
__ptext40                                       text40       005EF6
__ptext41                                       text41       005F92
__ptext42                                       text42       005F3C
__ptext43                                       text43       006072
__ptext44                                       text44       005F5A
__ptext45                                       text45       005ADE
__ptext46                                       text46       005844
__ptext47                                       text47       005B24
__ptext48                                       text48       005FAC
__ptext49                                       text49       005F76
__ptext5                                        text5        00085C
__ptext50                                       text50       00601C
__ptext51                                       text51       005A96
__ptext52                                       text52       0041CC
__ptext53                                       text53       0043A6
__ptext54                                       text54       005B6A
__ptext55                                       text55       002974
__ptext56                                       text56       002E34
__ptext57                                       text57       004FFA
__ptext58                                       text58       00325E
__ptext59                                       text59       005CF0
__ptext6                                        text6        0038E2
__ptext60                                       text60       005FDA
__ptext61                                       text61       005EA0
__ptext62                                       text62       005F1C
__ptext63                                       text63       005C74
__ptext64                                       text64       006054
__ptext65                                       text65       00605E
__ptext66                                       text66       006068
__ptext67                                       text67       006030
__ptext68                                       text68       005FF0
__ptext69                                       text69       005ECE
__ptext7                                        text7        00598A
__ptext70                                       text70       005E70
__ptext71                                       text71       006006
__ptext8                                        text8        005D2A
__ptext9                                        text9        005CB4
__ramtop                                        ramtop       000800
__size_of_ADC_GetConversion                     (abs)        000000
__size_of_ADC_Initialize                        (abs)        000000
__size_of_CCP2_Initialize                       (abs)        000000
__size_of_EUSART1_Initialize                    (abs)        000000
__size_of_EUSART1_SetErrorHandler               (abs)        000000
__size_of_EUSART1_SetFramingErrorHandler        (abs)        000000
__size_of_EUSART1_SetOverrunErrorHandler        (abs)        000000
__size_of_EUSART1_Write                         (abs)        000000
__size_of_EUSART1_Write_string                  (abs)        000000
__size_of_EUSART1_is_tx_ready                   (abs)        000000
__size_of_OSCILLATOR_Initialize                 (abs)        000000
__size_of_PIN_MANAGER_Initialize                (abs)        000000
__size_of_SYSTEM_Initialize                     (abs)        000000
__size_of___aodiv                               (abs)        000000
__size_of___aomod                               (abs)        000000
__size_of___awdiv                               (abs)        000000
__size_of___awmod                               (abs)        000000
__size_of___fladd                               (abs)        000000
__size_of___fldiv                               (abs)        000000
__size_of___fleq                                (abs)        000000
__size_of___flge                                (abs)        000000
__size_of___flmul                               (abs)        000000
__size_of___flneg                               (abs)        000000
__size_of___flsub                               (abs)        000000
__size_of___fltol                               (abs)        000000
__size_of___fpclassifyf                         (abs)        000000
__size_of___lodiv                               (abs)        000000
__size_of___lomod                               (abs)        000000
__size_of___wmul                                (abs)        000000
__size_of___xxtofl                              (abs)        000000
__size_of_abs                                   (abs)        000000
__size_of_atoi                                  (abs)        000000
__size_of_ctoa                                  (abs)        000000
__size_of_dtoa                                  (abs)        000000
__size_of_efgtoa                                (abs)        000000
__size_of_floorf                                (abs)        000000
__size_of_flush_TX_RX                           (abs)        000000
__size_of_fputc                                 (abs)        000000
__size_of_fputs                                 (abs)        000000
__size_of_get_Status                            (abs)        000000
__size_of_get_corriente_AC                      (abs)        000000
__size_of_isalpha                               (abs)        000000
__size_of_isdigit                               (abs)        000000
__size_of_islower                               (abs)        000000
__size_of_isspace                               (abs)        000000
__size_of_isupper                               (abs)        000000
__size_of_main                                  (abs)        000000
__size_of_nrF2401_init_RX                       (abs)        000000
__size_of_nrf2401_comando                       (abs)        000000
__size_of_nrf2401_direccion_TX_RX               (abs)        000000
__size_of_nrf2401_haydatos                      (abs)        000000
__size_of_nrf2401_read                          (abs)        000000
__size_of_nrf2401_recibe                        (abs)        000000
__size_of_nrf2401_write                         (abs)        000000
__size_of_otoa                                  (abs)        000000
__size_of_pad                                   (abs)        000000
__size_of_putch                                 (abs)        000000
__size_of_snprintf                              (abs)        000000
__size_of_spi_s_init                            (abs)        000000
__size_of_spi_s_read                            (abs)        000000
__size_of_spi_s_write                           (abs)        000000
__size_of_stoa                                  (abs)        000000
__size_of_strcpy                                (abs)        000000
__size_of_strlen                                (abs)        000000
__size_of_strncmp                               (abs)        000000
__size_of_tolower                               (abs)        000000
__size_of_toupper                               (abs)        000000
__size_of_utoa                                  (abs)        000000
__size_of_vfpfcnvrt                             (abs)        000000
__size_of_vfprintf                              (abs)        000000
__size_of_vsnprintf                             (abs)        000000
__size_of_xtoa                                  (abs)        000000
__smallconst                                    smallconst   000800
_abs                                            text31       005C34
_atoi                                           text37       00455A
_atoi$1720                                      cstackCOMRAM 000010
_atoi$1721                                      cstackCOMRAM 000014
_atoi$1722                                      cstackCOMRAM 000012
_ctoa                                           text34       0052EC
_dato_serial                                    bssBANK0     0000FF
_dbuf                                           bssBANK1     000133
_direccion_rx                                   smallconst   000801
_direccion_tx                                   smallconst   000806
_dtoa                                           text27       0035F8
_dtoa$1488                                      cstackCOMRAM 000030
_efgtoa                                         text16       001D14
_efgtoa$1512                                    cstackBANK0  00006C
_efgtoa$1513                                    cstackBANK0  00006E
_efgtoa$1517                                    cstackBANK0  000070
_efgtoa$1521                                    cstackBANK0  000072
_efgtoa$1522                                    cstackBANK0  000074
_efgtoa$1523                                    cstackBANK0  000076
_errno                                          bssBANK1     000126
_eusart1RxLastError                             bssBANK1     000132
_flags                                          bssBANK0     0000FD
_floorf                                         text20       003BC2
_flush_TX_RX                                    text48       005FAC
_fputc                                          text35       005496
_fputs                                          text30       005BB0
_get_Status                                     text43       006072
_get_corriente_AC                               text52       0041CC
_isalpha                                        text9        005CB4
_isdigit                                        text39       005DD2
_islower                                        text8        005D2A
_isspace                                        text38       005A44
_isspace$1761                                   cstackCOMRAM 000007
_isupper                                        text18       005D62
_main                                           text0        004B5C
_nout                                           bssBANK1     000120
_nrF2401_init_RX                                text46       005844
_nrf2401_comando                                text50       00601C
_nrf2401_direccion_TX_RX                        text47       005B24
_nrf2401_haydatos                               text42       005F3C
_nrf2401_read                                   text44       005F5A
_nrf2401_recibe                                 text41       005F92
_nrf2401_write                                  text49       005F76
_off                                            bitbssCOMRAM 0002F8
_offset                                         bssBANK1     000108
_on                                             bitbssCOMRAM 0002F9
_otoa                                           text15       003FDA
_pad                                            text28       005560
_prec                                           bssBANK1     000124
_putch                                          text36       00604A
_sensibilidad                                   dataBANK1    000198
_snprintf                                       text2        005E40
_spi_s_init                                     text1        005FC4
_spi_s_read                                     text45       005ADE
_spi_s_write                                    text51       005A96
_stoa                                           text14       004872
_strcpy                                         text19       0059E8
_strlen                                         text29       005E0A
_strncmp                                        text13       004DDA
_tolower                                        text17       00592A
_tolower$1819                                   cstackCOMRAM 00000D
_toupper                                        text7        00598A
_toupper$1834                                   cstackCOMRAM 00000D
_utoa                                           text10       003DD4
_valor                                          bssBANK1     000128
_valor_string                                   bssBANK1     000183
_vfpfcnvrt                                      text5        00085C
_vfpfcnvrt$1574                                 cstackBANK0  0000B2
_vfpfcnvrt$1575                                 cstackBANK0  0000B4
_vfpfcnvrt$1596                                 cstackBANK0  0000B6
_vfprintf                                       text4        0058C0
_voltaje                                        bssBANK1     00011C
_vsnprintf                                      text3        004CBE
_vsnprintf$1382                                 cstackBANK0  0000E5
_width                                          bssBANK1     000122
_xtoa                                           text6        0038E2
_xtoa$1559                                      cstackCOMRAM 000031
_xtoa$1560                                      cstackCOMRAM 000033
abs@a                                           cstackCOMRAM 000013
atoi@n                                          cstackCOMRAM 000015
atoi@neg                                        cstackCOMRAM 00000E
atoi@s                                          cstackCOMRAM 000008
ctoa@c                                          cstackCOMRAM 00000E
ctoa@fp                                         cstackCOMRAM 00000C
ctoa@l                                          cstackCOMRAM 000010
ctoa@w                                          cstackCOMRAM 000012
dtoa@d                                          cstackCOMRAM 000020
dtoa@fp                                         cstackCOMRAM 00001E
dtoa@i                                          cstackCOMRAM 000040
dtoa@n                                          cstackCOMRAM 000038
dtoa@p                                          cstackCOMRAM 000032
dtoa@s                                          cstackCOMRAM 000036
dtoa@w                                          cstackCOMRAM 000034
efgtoa@c                                        cstackBANK0  000066
efgtoa@d                                        cstackBANK0  000084
efgtoa@e                                        cstackBANK0  00009C
efgtoa@f                                        cstackBANK0  000062
efgtoa@fp                                       cstackBANK0  000060
efgtoa@g                                        cstackBANK0  000098
efgtoa@h                                        cstackBANK0  00008E
efgtoa@i                                        cstackBANK0  000096
efgtoa@l                                        cstackBANK0  000092
efgtoa@m                                        cstackBANK0  00007E
efgtoa@mode                                     cstackBANK0  00008D
efgtoa@n                                        cstackBANK0  00009E
efgtoa@ne                                       cstackBANK0  00007C
efgtoa@nmode                                    cstackBANK0  00008C
efgtoa@ou                                       cstackBANK0  000080
efgtoa@p                                        cstackBANK0  000088
efgtoa@pp                                       cstackBANK0  00007A
efgtoa@sign                                     cstackBANK0  000086
efgtoa@t                                        cstackBANK0  000078
efgtoa@u                                        cstackBANK0  0000A0
efgtoa@w                                        cstackBANK0  00008A
end_of_initialization                           cinit        005C2A
floorf@F527                                     bssBANK1     000100
floorf@e                                        cstackCOMRAM 000057
floorf@m                                        cstackCOMRAM 000053
floorf@u                                        cstackCOMRAM 000059
floorf@x                                        cstackCOMRAM 000049
fputc@c                                         cstackCOMRAM 000003
fputc@fp                                        cstackCOMRAM 000005
fputs@c                                         cstackCOMRAM 000010
fputs@fp                                        cstackCOMRAM 00000E
fputs@i                                         cstackCOMRAM 000011
fputs@s                                         cstackCOMRAM 00000C
get_corriente_AC@corriente                      cstackCOMRAM 000050
get_corriente_AC@i                              cstackCOMRAM 00004E
get_corriente_AC@n_muestras                     cstackCOMRAM 000049
intlevel0                                       text         000000
intlevel1                                       text         000000
intlevel2                                       text         000000
intlevel3                                       text         000000
isa$std                                         (abs)        000001
isa$xinst                                       (abs)        000000
isalpha@c                                       cstackCOMRAM 000001
isdigit@c                                       cstackCOMRAM 000001
islower@c                                       cstackCOMRAM 000001
isspace@c                                       cstackCOMRAM 000001
isupper@c                                       cstackCOMRAM 000001
nrF2401_init_RX@canal                           cstackCOMRAM 000009
nrf2401_comando@comando                         cstackCOMRAM 000003
nrf2401_direccion_TX_RX@cont_s                  cstackCOMRAM 000008
nrf2401_direccion_TX_RX@direccion_              cstackCOMRAM 000003
nrf2401_direccion_TX_RX@registro                cstackCOMRAM 000005
nrf2401_read@dato_                              cstackCOMRAM 000004
nrf2401_read@reg                                cstackCOMRAM 000003
nrf2401_recibe@valor_                           cstackCOMRAM 000003
nrf2401_write@reg                               cstackCOMRAM 000004
nrf2401_write@valor                             cstackCOMRAM 000003
otoa@d                                          cstackCOMRAM 000020
otoa@fp                                         cstackCOMRAM 00001E
otoa@i                                          cstackCOMRAM 00003E
otoa@n                                          cstackCOMRAM 000036
otoa@p                                          cstackCOMRAM 000030
otoa@t                                          cstackCOMRAM 000032
otoa@w                                          cstackCOMRAM 000034
pad@buf                                         cstackCOMRAM 000015
pad@fp                                          cstackCOMRAM 000013
pad@i                                           cstackCOMRAM 00001A
pad@p                                           cstackCOMRAM 000017
pad@w                                           cstackCOMRAM 00001C
putch@txData                                    cstackCOMRAM 000002
snprintf@ap                                     cstackBANK0  0000F9
snprintf@fmt                                    cstackBANK0  0000F3
snprintf@n                                      cstackBANK0  0000F1
snprintf@s                                      cstackBANK0  0000EF
spi_s_read@cont_s                               cstackCOMRAM 000002
spi_s_read@dato_                                cstackCOMRAM 000001
spi_s_write@cont_s                              cstackCOMRAM 000002
spi_s_write@dato_                               cstackCOMRAM 000001
stackhi                                         (abs)        0007FF
stacklo                                         (abs)        00019C
start                                           init         000000
start_initialization                            cinit        005BF4
stoa@F1176                                      dataBANK1    000191
stoa@cp                                         cstackCOMRAM 00001C
stoa@fp                                         cstackCOMRAM 00000C
stoa@i                                          cstackCOMRAM 000018
stoa@l                                          cstackCOMRAM 000020
stoa@nuls                                       cstackCOMRAM 000011
stoa@p                                          cstackCOMRAM 00001E
stoa@s                                          cstackCOMRAM 00000E
stoa@w                                          cstackCOMRAM 00001A
strcpy@d                                        cstackCOMRAM 000009
strcpy@dest                                     cstackCOMRAM 000001
strcpy@s                                        cstackCOMRAM 000007
strcpy@src                                      cstackCOMRAM 000003
strlen@a                                        cstackCOMRAM 000003
strlen@s                                        cstackCOMRAM 000001
strncmp@_l                                      cstackCOMRAM 000001
strncmp@_r                                      cstackCOMRAM 000003
strncmp@l                                       cstackCOMRAM 000008
strncmp@n                                       cstackCOMRAM 000005
strncmp@r                                       cstackCOMRAM 00000A
tolower@c                                       cstackCOMRAM 000007
toupper@c                                       cstackCOMRAM 000007
utoa@d                                          cstackCOMRAM 000020
utoa@fp                                         cstackCOMRAM 00001E
utoa@i                                          cstackCOMRAM 00003C
utoa@n                                          cstackCOMRAM 000034
utoa@p                                          cstackCOMRAM 000030
utoa@w                                          cstackCOMRAM 000032
vfpfcnvrt@ap                                    cstackBANK0  0000A8
vfpfcnvrt@c                                     cstackBANK0  0000C9
vfpfcnvrt@cp                                    cstackBANK0  0000AE
vfpfcnvrt@ct                                    cstackBANK0  0000BC
vfpfcnvrt@done                                  cstackBANK0  0000B0
vfpfcnvrt@f                                     cstackBANK0  0000B8
vfpfcnvrt@fmt                                   cstackBANK0  0000A6
vfpfcnvrt@fp                                    cstackBANK0  0000A4
vfpfcnvrt@ll                                    cstackBANK0  0000BF
vfpfcnvrt@llu                                   cstackBANK0  0000CA
vfpfcnvrt@vp                                    cstackBANK0  0000C7
vfprintf@ap                                     cstackBANK0  0000D6
vfprintf@cfmt                                   cstackCOMRAM 00005D
vfprintf@fmt                                    cstackBANK0  0000D4
vfprintf@fp                                     cstackBANK0  0000D2
vsnprintf@ap                                    cstackBANK0  0000DE
vsnprintf@cnt                                   cstackBANK0  0000E7
vsnprintf@f                                     cstackBANK0  0000E9
vsnprintf@fmt                                   cstackBANK0  0000DC
vsnprintf@n                                     cstackBANK0  0000DA
vsnprintf@s                                     cstackBANK0  0000D8
xtoa@c                                          cstackCOMRAM 000043
xtoa@d                                          cstackCOMRAM 000020
xtoa@fp                                         cstackCOMRAM 00001E
xtoa@i                                          cstackCOMRAM 000041
xtoa@n                                          cstackCOMRAM 000039
xtoa@p                                          cstackCOMRAM 000035
xtoa@w                                          cstackCOMRAM 000037
xtoa@x                                          cstackCOMRAM 000028


MODULE INFORMATION

Module		Function		Class		Link	Load	Size
C:\Program Files\Microchip\xc8\v2.32\pic\sources\c99\common\awdiv.c
		___awdiv       		CODE           	5626	0000	196

C:\Program Files\Microchip\xc8\v2.32\pic\sources\c99\common\awdiv.c estimated size: 196

C:\Program Files\Microchip\xc8\v2.32\pic\sources\c99\common\isdigit.c
		_isdigit       		CODE           	5DD2	0000	56

C:\Program Files\Microchip\xc8\v2.32\pic\sources\c99\common\isdigit.c estimated size: 56

C:\Program Files\Microchip\xc8\v2.32\pic\sources\c99\common\sprcadd.c
		___flsub       		CODE           	5B6A	0000	70
		___fladd       		CODE           	2974	0000	1216

C:\Program Files\Microchip\xc8\v2.32\pic\sources\c99\common\sprcadd.c estimated size: 1286

C:\Program Files\Microchip\xc8\v2.32\pic\sources\c99\common\nf_vsnprintf.c
		_vsnprintf     		CODE           	4CBE	0000	284

C:\Program Files\Microchip\xc8\v2.32\pic\sources\c99\common\nf_vsnprintf.c estimated size: 284

C:\Program Files\Microchip\xc8\v2.32\pic\sources\c99\common\doprnt.c
		_vfpfcnvrt     		CODE           	085C	0000	5304
		_efgtoa        		CODE           	1D14	0000	3168
		_pad           		CODE           	5560	0000	198
		_ctoa          		CODE           	52EC	0000	218
		_dtoa          		CODE           	35F8	0000	746
		_vfprintf      		CODE           	58C0	0000	106
		_otoa          		CODE           	3FDA	0000	498
		_stoa          		CODE           	4872	0000	390
		_utoa          		CODE           	3DD4	0000	518
		_xtoa          		CODE           	38E2	0000	736

C:\Program Files\Microchip\xc8\v2.32\pic\sources\c99\common\doprnt.c estimated size: 11882

C:\Program Files\Microchip\xc8\v2.32\pic\sources\c99\common\flneg.c
		___flneg       		CODE           	5D9A	0000	56

C:\Program Files\Microchip\xc8\v2.32\pic\sources\c99\common\flneg.c estimated size: 56

C:\Program Files\Microchip\xc8\v2.32\pic\sources\c99\common\lomod.c
		___lomod       		CODE           	53C6	0000	208

C:\Program Files\Microchip\xc8\v2.32\pic\sources\c99\common\lomod.c estimated size: 208

mcc_generated_files/pin_manager.c
		_PIN_MANAGER_Initialize		CODE           	5EA0	0000	46

mcc_generated_files/pin_manager.c estimated size: 46

C:\Program Files\Microchip\xc8\v2.32\pic\sources\c99\common\atoi.c
		_atoi          		CODE           	455A	0000	400

C:\Program Files\Microchip\xc8\v2.32\pic\sources\c99\common\atoi.c estimated size: 400

C:\Program Files\Microchip\xc8\v2.32\pic\sources\c99\common\nf_fputs.c
		_fputs         		CODE           	5BB0	0000	68

C:\Program Files\Microchip\xc8\v2.32\pic\sources\c99\common\nf_fputs.c estimated size: 68

C:\Program Files\Microchip\xc8\v2.32\pic\sources\c99\common\fleq.c
		___fleq        		CODE           	579A	0000	170

C:\Program Files\Microchip\xc8\v2.32\pic\sources\c99\common\fleq.c estimated size: 170

mcc_generated_files/adc.c
		_ADC_Initialize		CODE           	5FF0	0000	22
		_ADC_GetConversion		CODE           	5CF0	0000	58

mcc_generated_files/adc.c estimated size: 80

C:\Program Files\Microchip\xc8\v2.32\pic\sources\c99\common\__fpclassifyf.c
		___fpclassifyf 		CODE           	50FE	0000	254

C:\Program Files\Microchip\xc8\v2.32\pic\sources\c99\common\__fpclassifyf.c estimated size: 254

C:\Program Files\Microchip\xc8\v2.32\pic\sources\c99\common\isupper.c
		_isupper       		CODE           	5D62	0000	56

C:\Program Files\Microchip\xc8\v2.32\pic\sources\c99\common\isupper.c estimated size: 56

C:\Program Files\Microchip\xc8\v2.32\pic\sources\c99\common\Umul16.c
		___wmul        		CODE           	5EF6	0000	38

C:\Program Files\Microchip\xc8\v2.32\pic\sources\c99\common\Umul16.c estimated size: 38

mcc_generated_files/ccp2.c
		_CCP2_Initialize		CODE           	6030	0000	14

mcc_generated_files/ccp2.c estimated size: 14

C:\Program Files\Microchip\xc8\v2.32\pic\sources\c99\common\abs.c
		_abs           		CODE           	5C34	0000	64

C:\Program Files\Microchip\xc8\v2.32\pic\sources\c99\common\abs.c estimated size: 64

C:\Program Files\Microchip\xc8\v2.32\pic\sources\c99\common\aomod.c
		___aomod       		CODE           	49F8	0000	356

C:\Program Files\Microchip\xc8\v2.32\pic\sources\c99\common\aomod.c estimated size: 356

C:\Program Files\Microchip\xc8\v2.32\pic\sources\c99\common\isspace.c
		_isspace       		CODE           	5A44	0000	82

C:\Program Files\Microchip\xc8\v2.32\pic\sources\c99\common\isspace.c estimated size: 82

./Librerias/nRF24L01_2.h
		_spi_s_init    		CODE           	5FC4	0000	22
		_nrf2401_comando		CODE           	601C	0000	20
		_nrf2401_direccion_TX_RX		CODE           	5B24	0000	70
		_spi_s_read    		CODE           	5ADE	0000	70
		_get_Status    		CODE           	6072	0000	8
		_nrf2401_read  		CODE           	5F5A	0000	28
		_nrF2401_init_RX		CODE           	5844	0000	124
		_nrf2401_write 		CODE           	5F76	0000	28
		_spi_s_write   		CODE           	5A96	0000	72
		_nrf2401_haydatos		CODE           	5F3C	0000	30
		_flush_TX_RX   		CODE           	5FAC	0000	24
		_nrf2401_recibe		CODE           	5F92	0000	26

./Librerias/nRF24L01_2.h estimated size: 522

C:\Program Files\Microchip\xc8\v2.32\pic\sources\c99\common\islower.c
		_islower       		CODE           	5D2A	0000	56

C:\Program Files\Microchip\xc8\v2.32\pic\sources\c99\common\islower.c estimated size: 56

C:\Program Files\Microchip\xc8\v2.32\pic\sources\c99\common\lodiv.c
		___lodiv       		CODE           	51FC	0000	240

C:\Program Files\Microchip\xc8\v2.32\pic\sources\c99\common\lodiv.c estimated size: 240

C:\Program Files\Microchip\xc8\v2.32\pic\sources\c99\common\strncmp.c
		_strncmp       		CODE           	4DDA	0000	282

C:\Program Files\Microchip\xc8\v2.32\pic\sources\c99\common\strncmp.c estimated size: 282

C:\Program Files\Microchip\xc8\v2.32\pic\sources\c99\common\tolower.c
		_tolower       		CODE           	592A	0000	96

C:\Program Files\Microchip\xc8\v2.32\pic\sources\c99\common\tolower.c estimated size: 96

shared
		_direccion_rx  		SMALLCONST     	0801	0000	5
		_direccion_tx  		SMALLCONST     	0806	0000	5
		__initialization		CODE           	5BF4	0000	54

shared estimated size: 64

mcc_generated_files/eusart1.c
		_EUSART1_is_tx_ready		CODE           	5ECE	0000	40
		_EUSART1_Initialize		CODE           	5C74	0000	64
		_putch         		CODE           	604A	0000	10
		_EUSART1_SetFramingErrorHandler		CODE           	605E	0000	10
		_EUSART1_SetOverrunErrorHandler		CODE           	6054	0000	10
		_EUSART1_SetErrorHandler		CODE           	6068	0000	10
		_EUSART1_Write 		CODE           	6006	0000	22
		_EUSART1_Write_string		CODE           	5E70	0000	48

mcc_generated_files/eusart1.c estimated size: 214

C:\Program Files\Microchip\xc8\v2.32\pic\sources\c99\common\sprcmul.c
		___flmul       		CODE           	2E34	0000	1066

C:\Program Files\Microchip\xc8\v2.32\pic\sources\c99\common\sprcmul.c estimated size: 1066

C:\Program Files\Microchip\xc8\v2.32\pic\sources\c99\common\awmod.c
		___awmod       		CODE           	56EA	0000	176

C:\Program Files\Microchip\xc8\v2.32\pic\sources\c99\common\awmod.c estimated size: 176

mcc_generated_files/mcc.c
		_OSCILLATOR_Initialize		CODE           	5F1C	0000	32
		_SYSTEM_Initialize		CODE           	5FDA	0000	22

mcc_generated_files/mcc.c estimated size: 54

C:\Program Files\Microchip\xc8\v2.32\pic\sources\c99\common\sprcdiv.c
		___fldiv       		CODE           	325E	0000	922

C:\Program Files\Microchip\xc8\v2.32\pic\sources\c99\common\sprcdiv.c estimated size: 922

C:\Program Files\Microchip\xc8\v2.32\pic\sources\c99\common\toupper.c
		_toupper       		CODE           	598A	0000	94

C:\Program Files\Microchip\xc8\v2.32\pic\sources\c99\common\toupper.c estimated size: 94

C:\Program Files\Microchip\xc8\v2.32\pic\sources\c99\common\isalpha.c
		_isalpha       		CODE           	5CB4	0000	60

C:\Program Files\Microchip\xc8\v2.32\pic\sources\c99\common\isalpha.c estimated size: 60

C:\Program Files\Microchip\xc8\v2.32\pic\sources\c99\common\snprintf.c
		_snprintf      		CODE           	5E40	0000	48

C:\Program Files\Microchip\xc8\v2.32\pic\sources\c99\common\snprintf.c estimated size: 48

C:\Program Files\Microchip\xc8\v2.32\pic\sources\c99\common\fltol.c
		___fltol       		CODE           	4EF4	0000	262

C:\Program Files\Microchip\xc8\v2.32\pic\sources\c99\common\fltol.c estimated size: 262

C:\Program Files\Microchip\xc8\v2.32\pic\sources\c99\common\xxtofl.c
		___xxtofl      		CODE           	43A6	0000	436

C:\Program Files\Microchip\xc8\v2.32\pic\sources\c99\common\xxtofl.c estimated size: 436

C:\Program Files\Microchip\xc8\v2.32\pic\sources\c99\common\nf_fputc.c
		_fputc         		CODE           	5496	0000	202

C:\Program Files\Microchip\xc8\v2.32\pic\sources\c99\common\nf_fputc.c estimated size: 202

C:\Program Files\Microchip\xc8\v2.32\pic\sources\c99\common\aodiv.c
		___aodiv       		CODE           	46EA	0000	392

C:\Program Files\Microchip\xc8\v2.32\pic\sources\c99\common\aodiv.c estimated size: 392

main.c
		_main          		CODE           	4B5C	0000	354
		_get_corriente_AC		CODE           	41CC	0000	474

main.c estimated size: 828

C:\Program Files\Microchip\xc8\v2.32\pic\sources\c99\common\strlen.c
		_strlen        		CODE           	5E0A	0000	54

C:\Program Files\Microchip\xc8\v2.32\pic\sources\c99\common\strlen.c estimated size: 54

C:\Program Files\Microchip\xc8\v2.32\pic\sources\c99\common\flge.c
		___flge        		CODE           	4FFA	0000	260

C:\Program Files\Microchip\xc8\v2.32\pic\sources\c99\common\flge.c estimated size: 260

C:\Program Files\Microchip\xc8\v2.32\pic\sources\c99\common\floorf.c
		_floorf        		CODE           	3BC2	0000	530

C:\Program Files\Microchip\xc8\v2.32\pic\sources\c99\common\floorf.c estimated size: 530

C:\Program Files\Microchip\xc8\v2.32\pic\sources\c99\common\strcpy.c
		_strcpy        		CODE           	59E8	0000	92

C:\Program Files\Microchip\xc8\v2.32\pic\sources\c99\common\strcpy.c estimated size: 92

